Archive member included because of file (symbol)

C:\Users\marcel\AppData\Local\arduino15\packages\arduino\hardware\sam\1.6.9\variants\arduino_due_x/libsam_sam3x8e_gcc_rel.a(pio.o)
                              C:\Users\marcel\AppData\Local\Temp\VMBuilds\frame_framework\arduino_due_x_dbg\SPI\SPI.cpp.o (PIO_Configure)
C:\Users\marcel\AppData\Local\arduino15\packages\arduino\hardware\sam\1.6.9\variants\arduino_due_x/libsam_sam3x8e_gcc_rel.a(pmc.o)
                              C:\Users\marcel\AppData\Local\Temp\VMBuilds\frame_framework\arduino_due_x_dbg\Adafruit_NeoPixel\Adafruit_NeoPixel.cpp.o (pmc_enable_periph_clk)
C:\Users\marcel\AppData\Local\arduino15\packages\arduino\hardware\sam\1.6.9\variants\arduino_due_x/libsam_sam3x8e_gcc_rel.a(spi.o)
                              C:\Users\marcel\AppData\Local\Temp\VMBuilds\frame_framework\arduino_due_x_dbg\SPI\SPI.cpp.o (SPI_Enable)
C:\Users\marcel\AppData\Local\arduino15\packages\arduino\hardware\sam\1.6.9\variants\arduino_due_x/libsam_sam3x8e_gcc_rel.a(tc.o)
                              C:\Users\marcel\AppData\Local\Temp\VMBuilds\frame_framework\arduino_due_x_dbg\Adafruit_NeoPixel\Adafruit_NeoPixel.cpp.o (TC_Configure)
C:\Users\marcel\AppData\Local\arduino15\packages\arduino\hardware\sam\1.6.9\variants\arduino_due_x/libsam_sam3x8e_gcc_rel.a(system_sam3xa.o)
                              C:\Users\marcel\AppData\Local\Temp\VMBuilds\frame_framework\arduino_due_x_dbg\variant\variant.cpp.o (SystemInit)
C:\Users\marcel\AppData\Local\arduino15\packages\arduino\hardware\sam\1.6.9\variants\arduino_due_x/libsam_sam3x8e_gcc_rel.a(startup_sam3xa.o)
                              (Reset_Handler)
C:\Users\marcel\AppData\Local\arduino15\packages\arduino\hardware\sam\1.6.9\variants\arduino_due_x/libsam_sam3x8e_gcc_rel.a(adc.o)
                              C:\Users\marcel\AppData\Local\Temp\VMBuilds\frame_framework\arduino_due_x_dbg\variant\variant.cpp.o (adc_init)
C:\Users\marcel\AppData\Local\arduino15\packages\arduino\hardware\sam\1.6.9\variants\arduino_due_x/libsam_sam3x8e_gcc_rel.a(uotghs.o)
                              C:\Users\marcel\AppData\Local\arduino15\packages\arduino\hardware\sam\1.6.9\variants\arduino_due_x/libsam_sam3x8e_gcc_rel.a(startup_sam3xa.o) (UOTGHS_Handler)
C:\Users\marcel\AppData\Local\Temp\VMBuilds\frame_framework\arduino_due_x_dbg/core.a(cortex_handlers.c.o)
                              C:\Users\marcel\AppData\Local\arduino15\packages\arduino\hardware\sam\1.6.9\variants\arduino_due_x/libsam_sam3x8e_gcc_rel.a(startup_sam3xa.o) (NMI_Handler)
C:\Users\marcel\AppData\Local\Temp\VMBuilds\frame_framework\arduino_due_x_dbg/core.a(hooks.c.o)
                              C:\Users\marcel\AppData\Local\Temp\VMBuilds\frame_framework\arduino_due_x_dbg/core.a(cortex_handlers.c.o) (sysTickHook)
C:\Users\marcel\AppData\Local\Temp\VMBuilds\frame_framework\arduino_due_x_dbg/core.a(syscalls_sam3.c.o)
                              (_sbrk)
C:\Users\marcel\AppData\Local\Temp\VMBuilds\frame_framework\arduino_due_x_dbg/core.a(wiring.c.o)
                              C:\Users\marcel\AppData\Local\Temp\VMBuilds\frame_framework\arduino_due_x_dbg\SD\utility\Sd2Card.cpp.o (millis)
C:\Users\marcel\AppData\Local\Temp\VMBuilds\frame_framework\arduino_due_x_dbg/core.a(wiring_analog.c.o)
                              C:\Users\marcel\AppData\Local\Temp\VMBuilds\frame_framework\arduino_due_x_dbg\variant\variant.cpp.o (analogOutputInit)
C:\Users\marcel\AppData\Local\Temp\VMBuilds\frame_framework\arduino_due_x_dbg/core.a(wiring_digital.c.o)
                              C:\Users\marcel\AppData\Local\Temp\VMBuilds\frame_framework\arduino_due_x_dbg\SPI\SPI.cpp.o (pinMode)
C:\Users\marcel\AppData\Local\Temp\VMBuilds\frame_framework\arduino_due_x_dbg/core.a(abi.cpp.o)
                              C:\Users\marcel\AppData\Local\Temp\VMBuilds\frame_framework\arduino_due_x_dbg\SD\File.cpp.o (__cxa_pure_virtual)
C:\Users\marcel\AppData\Local\Temp\VMBuilds\frame_framework\arduino_due_x_dbg/core.a(main.cpp.o)
                              c:/users/marcel/appdata/local/arduino15/packages/arduino/tools/arm-none-eabi-gcc/4.8.3-2014q1/bin/../lib/gcc/arm-none-eabi/4.8.3/../../../../arm-none-eabi/lib/armv7-m/crt0.o (main)
C:\Users\marcel\AppData\Local\Temp\VMBuilds\frame_framework\arduino_due_x_dbg/core.a(new.cpp.o)
                              C:\Users\marcel\AppData\Local\Temp\VMBuilds\frame_framework\arduino_due_x_dbg\frame_framework.cpp.o (operator new(unsigned int))
C:\Users\marcel\AppData\Local\Temp\VMBuilds\frame_framework\arduino_due_x_dbg/core.a(Print.cpp.o)
                              C:\Users\marcel\AppData\Local\Temp\VMBuilds\frame_framework\arduino_due_x_dbg\SD\File.cpp.o (Print::write(unsigned char const*, unsigned int))
C:\Users\marcel\AppData\Local\Temp\VMBuilds\frame_framework\arduino_due_x_dbg/core.a(Reset.cpp.o)
                              C:\Users\marcel\AppData\Local\Temp\VMBuilds\frame_framework\arduino_due_x_dbg/core.a(cortex_handlers.c.o) (tickReset)
[...]
Memory Configuration

Name             Origin             Length             Attributes
rom              0x00080000         0x00080000         xr
sram0            0x20000000         0x00010000         xrw
sram1            0x20080000         0x00008000         xrw
ram              0x20070000         0x00018000         xrw
*default*        0x00000000         0xffffffff

Linker script and memory map

LOAD c:/users/marcel/appdata/local/arduino15/packages/arduino/tools/arm-none-eabi-gcc/4.8.3-2014q1/bin/../lib/gcc/arm-none-eabi/4.8.3/armv7-m/crti.o
LOAD c:/users/marcel/appdata/local/arduino15/packages/arduino/tools/arm-none-eabi-gcc/4.8.3-2014q1/bin/../lib/gcc/arm-none-eabi/4.8.3/armv7-m/crtbegin.o
LOAD c:/users/marcel/appdata/local/arduino15/packages/arduino/tools/arm-none-eabi-gcc/4.8.3-2014q1/bin/../lib/gcc/arm-none-eabi/4.8.3/../../../../arm-none-eabi/lib/armv7-m/crt0.o
START GROUP
LOAD C:\Users\marcel\AppData\Local\Temp\VMBuilds\frame_framework\arduino_due_x_dbg\frame_framework.cpp.o
LOAD C:\Users\marcel\AppData\Local\Temp\VMBuilds\frame_framework\arduino_due_x_dbg\SPI\SPI.cpp.o
LOAD C:\Users\marcel\AppData\Local\Temp\VMBuilds\frame_framework\arduino_due_x_dbg\SD\File.cpp.o
LOAD C:\Users\marcel\AppData\Local\Temp\VMBuilds\frame_framework\arduino_due_x_dbg\SD\SD.cpp.o
LOAD C:\Users\marcel\AppData\Local\Temp\VMBuilds\frame_framework\arduino_due_x_dbg\SD\utility\Sd2Card.cpp.o
LOAD C:\Users\marcel\AppData\Local\Temp\VMBuilds\frame_framework\arduino_due_x_dbg\SD\utility\SdFile.cpp.o
LOAD C:\Users\marcel\AppData\Local\Temp\VMBuilds\frame_framework\arduino_due_x_dbg\SD\utility\SdVolume.cpp.o
LOAD C:\Users\marcel\AppData\Local\Temp\VMBuilds\frame_framework\arduino_due_x_dbg\Adafruit_NeoPixel\esp8266.c.o
LOAD C:\Users\marcel\AppData\Local\Temp\VMBuilds\frame_framework\arduino_due_x_dbg\Adafruit_NeoPixel\Adafruit_NeoPixel.cpp.o
LOAD C:\Users\marcel\AppData\Local\Temp\VMBuilds\frame_framework\arduino_due_x_dbg\FRM_ANCHOR.cpp.o
LOAD C:\Users\marcel\AppData\Local\Temp\VMBuilds\frame_framework\arduino_due_x_dbg\FRM_COLOR.cpp.o
LOAD C:\Users\marcel\AppData\Local\Temp\VMBuilds\frame_framework\arduino_due_x_dbg\helper_funcs.cpp.o
LOAD C:\Users\marcel\AppData\Local\Temp\VMBuilds\frame_framework\arduino_due_x_dbg\ram_access.cpp.o
LOAD C:\Users\marcel\AppData\Local\Temp\VMBuilds\frame_framework\arduino_due_x_dbg\variant\variant.cpp.o
LOAD C:\Users\marcel\AppData\Local\arduino15\packages\arduino\hardware\sam\1.6.9\variants\arduino_due_x/libsam_sam3x8e_gcc_rel.a
LOAD C:\Users\marcel\AppData\Local\Temp\VMBuilds\frame_framework\arduino_due_x_dbg/core.a
END GROUP
LOAD c:/users/marcel/appdata/local/arduino15/packages/arduino/tools/arm-none-eabi-gcc/4.8.3-2014q1/bin/../lib/gcc/arm-none-eabi/4.8.3/../../../../arm-none-eabi/lib/armv7-m\libm.a
START GROUP
LOAD c:/users/marcel/appdata/local/arduino15/packages/arduino/tools/arm-none-eabi-gcc/4.8.3-2014q1/bin/../lib/gcc/arm-none-eabi/4.8.3/armv7-m\libgcc.a
LOAD c:/users/marcel/appdata/local/arduino15/packages/arduino/tools/arm-none-eabi-gcc/4.8.3-2014q1/bin/../lib/gcc/arm-none-eabi/4.8.3/../../../../arm-none-eabi/lib/armv7-m\libg.a
LOAD c:/users/marcel/appdata/local/arduino15/packages/arduino/tools/arm-none-eabi-gcc/4.8.3-2014q1/bin/../lib/gcc/arm-none-eabi/4.8.3/../../../../arm-none-eabi/lib/armv7-m\libc.a
END GROUP
LOAD c:/users/marcel/appdata/local/arduino15/packages/arduino/tools/arm-none-eabi-gcc/4.8.3-2014q1/bin/../lib/gcc/arm-none-eabi/4.8.3/armv7-m/crtend.o
LOAD c:/users/marcel/appdata/local/arduino15/packages/arduino/tools/arm-none-eabi-gcc/4.8.3-2014q1/bin/../lib/gcc/arm-none-eabi/4.8.3/armv7-m/crtn.o

.text           0x00080000     0x9200
                0x00080000                . = ALIGN (0x4)
                0x00080000                _sfixed = .
 *(.vectors .vectors.*)
 .vectors       0x00080000       0xf4 C:\Users\marcel\AppData\Local\arduino15\packages\arduino\hardware\sam\1.6.9\variants\arduino_due_x/libsam_sam3x8e_gcc_rel.a(startup_sam3xa.o)
                0x00080000                exception_table
 *(.text .text.* .gnu.linkonce.t.*)
 .text          0x000800f4       0x54 c:/users/marcel/appdata/local/arduino15/packages/arduino/tools/arm-none-eabi-gcc/4.8.3-2014q1/bin/../lib/gcc/arm-none-eabi/4.8.3/armv7-m/crtbegin.o
 .text._Z8init_ramv
                0x00080148       0x18 C:\Users\marcel\AppData\Local\Temp\VMBuilds\frame_framework\arduino_due_x_dbg\frame_framework.cpp.o
                0x00080148                init_ram()
 .text._Z8getValue6Stringci
                0x00080160       0x74 C:\Users\marcel\AppData\Local\Temp\VMBuilds\frame_framework\arduino_due_x_dbg\frame_framework.cpp.o
                0x00080160                getValue(String, char, int)
 .text._Z10countCharsPKcc
                0x000801d4       0x1a C:\Users\marcel\AppData\Local\Temp\VMBuilds\frame_framework\arduino_due_x_dbg\frame_framework.cpp.o
                0x000801d4                countChars(char const*, char)
 *fill*         0x000801ee        0x2 
 .text._ZN15SD_FRAME_HEADER12print_headerEv
                0x000801f0       0xa8 C:\Users\marcel\AppData\Local\Temp\VMBuilds\frame_framework\arduino_due_x_dbg\frame_framework.cpp.o
                0x000801f0                SD_FRAME_HEADER::print_header()
 .text._ZN15SD_FRAME_HEADER13read_from_ramEi
                0x00080298       0x78 C:\Users\marcel\AppData\Local\Temp\VMBuilds\frame_framework\arduino_due_x_dbg\frame_framework.cpp.o
                0x00080298                SD_FRAME_HEADER::read_from_ram(int)
 .text._ZN21ANIMATION_INFO_HEADER5printEv
                0x00080310      0x138 C:\Users\marcel\AppData\Local\Temp\VMBuilds\frame_framework\arduino_due_x_dbg\frame_framework.cpp.o
                0x00080310                ANIMATION_INFO_HEADER::print()
 .text._Z11clear_layeri
                0x00080448       0x24 C:\Users\marcel\AppData\Local\Temp\VMBuilds\frame_framework\arduino_due_x_dbg\frame_framework.cpp.o
                0x00080448                clear_layer(int)
 .text._Z18clear_output_layerv
                0x0008046c       0x30 C:\Users\marcel\AppData\Local\Temp\VMBuilds\frame_framework\arduino_due_x_dbg\frame_framework.cpp.o
                0x0008046c                clear_output_layer()
 .text._Z16clear_all_layersv
                0x0008049c       0x16 C:\Users\marcel\AppData\Local\Temp\VMBuilds\frame_framework\arduino_due_x_dbg\frame_framework.cpp.o
                0x0008049c                clear_all_layers()
 *fill*         0x000804b2        0x2 
 .text._Z17show_output_layerv
                0x000804b4       0x54 C:\Users\marcel\AppData\Local\Temp\VMBuilds\frame_framework\arduino_due_x_dbg\frame_framework.cpp.o
                0x000804b4                show_output_layer()
 .text._Z21generate_output_layerb
                0x00080508       0x6c C:\Users\marcel\AppData\Local\Temp\VMBuilds\frame_framework\arduino_due_x_dbg\frame_framework.cpp.o
                0x00080508                generate_output_layer(bool)
 .text._Z19read_frame_to_layerjjjP15SD_FRAME_HEADER
                0x00080574      0x10c C:\Users\marcel\AppData\Local\Temp\VMBuilds\frame_framework\arduino_due_x_dbg\frame_framework.cpp.o
                0x00080574                read_frame_to_layer(unsigned int, unsigned int, unsigned int, SD_FRAME_HEADER*)
 .text.loop     0x00080680        0x2 C:\Users\marcel\AppData\Local\Temp\VMBuilds\frame_framework\arduino_due_x_dbg\frame_framework.cpp.o
                0x00080680                loop
 *fill*         0x00080682        0x2 
 .text.startup._GLOBAL__sub_I_demo_ram
                0x00080684       0x60 C:\Users\marcel\AppData\Local\Temp\VMBuilds\frame_framework\arduino_due_x_dbg\frame_framework.cpp.o
 .text._Z26write_sd_animation_to_sramPKcPjhj
                0x000806e4      0x6a8 C:\Users\marcel\AppData\Local\Temp\VMBuilds\frame_framework\arduino_due_x_dbg\frame_framework.cpp.o
                0x000806e4                write_sd_animation_to_sram(char const*, unsigned int*, unsigned char, unsigned int)
 .text.setup    0x00080d8c       0xdc C:\Users\marcel\AppData\Local\Temp\VMBuilds\frame_framework\arduino_due_x_dbg\frame_framework.cpp.o
                0x00080d8c                setup
 .text._ZL10SPI_0_Initv
                0x00080e68       0x48 C:\Users\marcel\AppData\Local\Temp\VMBuilds\frame_framework\arduino_due_x_dbg\SPI\SPI.cpp.o
 .text._ZN8SPIClass4initEv
                0x00080eb0       0x36 C:\Users\marcel\AppData\Local\Temp\VMBuilds\frame_framework\arduino_due_x_dbg\SPI\SPI.cpp.o
                0x00080eb0                SPIClass::init()
 *fill*         0x00080ee6        0x2 
 .text._ZN8SPIClass16beginTransactionEh11SPISettings
                0x00080ee8       0x98 C:\Users\marcel\AppData\Local\Temp\VMBuilds\frame_framework\arduino_due_x_dbg\SPI\SPI.cpp.o
                0x00080ee8                SPIClass::beginTransaction(unsigned char, SPISettings)
 .text._ZN8SPIClass14endTransactionEv
                0x00080f80       0x50 C:\Users\marcel\AppData\Local\Temp\VMBuilds\frame_framework\arduino_due_x_dbg\SPI\SPI.cpp.o
                0x00080f80                SPIClass::endTransaction()
 .text._ZN8SPIClass11setDataModeEhh
                0x00080fd0       0x34 C:\Users\marcel\AppData\Local\Temp\VMBuilds\frame_framework\arduino_due_x_dbg\SPI\SPI.cpp.o
                0x00080fd0                SPIClass::setDataMode(unsigned char, unsigned char)
 .text._ZN8SPIClass15setClockDividerEhh
                0x00081004       0x2e C:\Users\marcel\AppData\Local\Temp\VMBuilds\frame_framework\arduino_due_x_dbg\SPI\SPI.cpp.o
                0x00081004                SPIClass::setClockDivider(unsigned char, unsigned char)
 .text._ZN8SPIClass5beginEv
                0x00081032       0x22 C:\Users\marcel\AppData\Local\Temp\VMBuilds\frame_framework\arduino_due_x_dbg\SPI\SPI.cpp.o
                0x00081032                SPIClass::begin()
 .text._ZN8SPIClass8transferEhh15SPITransferMode
                0x00081054       0x5e C:\Users\marcel\AppData\Local\Temp\VMBuilds\frame_framework\arduino_due_x_dbg\SPI\SPI.cpp.o
                0x00081054                SPIClass::transfer(unsigned char, unsigned char, SPITransferMode)
 *fill*         0x000810b2        0x2 
 .text.startup._GLOBAL__sub_I__ZN8SPIClassC2EP3SpimPFvvE
                0x000810b4       0x24 C:\Users\marcel\AppData\Local\Temp\VMBuilds\frame_framework\arduino_due_x_dbg\SPI\SPI.cpp.o
 .text._ZN5SDLib4File5writeEh
                0x000810d8       0x16 C:\Users\marcel\AppData\Local\Temp\VMBuilds\frame_framework\arduino_due_x_dbg\SD\File.cpp.o
                0x000810d8                SDLib::File::write(unsigned char)
 .text._ZN5SDLib4File5writeEPKhj
                0x000810ee       0x26 C:\Users\marcel\AppData\Local\Temp\VMBuilds\frame_framework\arduino_due_x_dbg\SD\File.cpp.o
                0x000810ee                SDLib::File::write(unsigned char const*, unsigned int)
 .text._ZN5SDLib4File5flushEv
                0x00081114        0xa C:\Users\marcel\AppData\Local\Temp\VMBuilds\frame_framework\arduino_due_x_dbg\SD\File.cpp.o
                0x00081114                SDLib::File::flush()
 .text._ZN6SdFile4readEv
                0x0008111e       0x20 C:\Users\marcel\AppData\Local\Temp\VMBuilds\frame_framework\arduino_due_x_dbg\SD\File.cpp.o
                0x0008111e                SdFile::read()
 .text._ZN5SDLib4File4readEv
                0x0008113e       0x12 C:\Users\marcel\AppData\Local\Temp\VMBuilds\frame_framework\arduino_due_x_dbg\SD\File.cpp.o
                0x0008113e                SDLib::File::read()
 .text._ZN5SDLib4File4peekEv
                0x00081150       0x20 C:\Users\marcel\AppData\Local\Temp\VMBuilds\frame_framework\arduino_due_x_dbg\SD\File.cpp.o
                0x00081150                SDLib::File::peek()
 .text._ZN5SDLib4FileC2E6SdFilePKc
                0x00081170       0x50 C:\Users\marcel\AppData\Local\Temp\VMBuilds\frame_framework\arduino_due_x_dbg\SD\File.cpp.o
                0x00081170                SDLib::File::File(SdFile, char const*)
                0x00081170                SDLib::File::File(SdFile, char const*)
 .text._ZN5SDLib4FileC2Ev
                0x000811c0       0x18 C:\Users\marcel\AppData\Local\Temp\VMBuilds\frame_framework\arduino_due_x_dbg\SD\File.cpp.o
                0x000811c0                SDLib::File::File()
                0x000811c0                SDLib::File::File()
 .text._ZN5SDLib4File4seekEm
                0x000811d8       0x12 C:\Users\marcel\AppData\Local\Temp\VMBuilds\frame_framework\arduino_due_x_dbg\SD\File.cpp.o
                0x000811d8                SDLib::File::seek(unsigned long)
 .text._ZN5SDLib4File8positionEv
                0x000811ea        0xe C:\Users\marcel\AppData\Local\Temp\VMBuilds\frame_framework\arduino_due_x_dbg\SD\File.cpp.o
                0x000811ea                SDLib::File::position()
 .text._ZN5SDLib4File4sizeEv
                0x000811f8        0x8 C:\Users\marcel\AppData\Local\Temp\VMBuilds\frame_framework\arduino_due_x_dbg\SD\File.cpp.o
                0x000811f8                SDLib::File::size()
 .text._ZN5SDLib4File9availableEv
                0x00081200       0x26 C:\Users\marcel\AppData\Local\Temp\VMBuilds\frame_framework\arduino_due_x_dbg\SD\File.cpp.o
                0x00081200                SDLib::File::available()
 .text._ZN5SDLib4File5closeEv
                0x00081226       0x18 C:\Users\marcel\AppData\Local\Temp\VMBuilds\frame_framework\arduino_due_x_dbg\SD\File.cpp.o
                0x00081226                SDLib::File::close()
 .text._ZN5SDLib4FilecvbEv
                0x0008123e        0xe C:\Users\marcel\AppData\Local\Temp\VMBuilds\frame_framework\arduino_due_x_dbg\SD\File.cpp.o
                0x0008123e                SDLib::File::operator bool()
 .text._ZN5SDLib7SDClass5beginEh
                0x0008124c       0x44 C:\Users\marcel\AppData\Local\Temp\VMBuilds\frame_framework\arduino_due_x_dbg\SD\SD.cpp.o
                0x0008124c                SDLib::SDClass::begin(unsigned char)
 .text._ZN6SdFileC2ERKS_
                0x00081290       0x34 C:\Users\marcel\AppData\Local\Temp\VMBuilds\frame_framework\arduino_due_x_dbg\SD\SD.cpp.o
                0x00081290                SdFile::SdFile(SdFile const&)
                0x00081290                SdFile::SdFile(SdFile const&)
 .text._ZN5SDLib7SDClass12getParentDirEPKcPi
                0x000812c4       0xac C:\Users\marcel\AppData\Local\Temp\VMBuilds\frame_framework\arduino_due_x_dbg\SD\SD.cpp.o
                0x000812c4                SDLib::SDClass::getParentDir(char const*, int*)
 .text._ZN5SDLib7SDClass4openEPKch
                0x00081370       0xa4 C:\Users\marcel\AppData\Local\Temp\VMBuilds\frame_framework\arduino_due_x_dbg\SD\SD.cpp.o
                0x00081370                SDLib::SDClass::open(char const*, unsigned char)
 .text.startup._GLOBAL__sub_I__ZN5SDLib20getNextPathComponentEPKcPjPc
                0x00081414       0x28 C:\Users\marcel\AppData\Local\Temp\VMBuilds\frame_framework\arduino_due_x_dbg\SD\SD.cpp.o
 .text._ZL7spiSendh
                0x0008143c       0x10 C:\Users\marcel\AppData\Local\Temp\VMBuilds\frame_framework\arduino_due_x_dbg\SD\utility\Sd2Card.cpp.o
 .text._ZL6spiRecv
                0x0008144c       0x10 C:\Users\marcel\AppData\Local\Temp\VMBuilds\frame_framework\arduino_due_x_dbg\SD\utility\Sd2Card.cpp.o
 .text._ZN7Sd2Card14chipSelectHighEv
                0x0008145c       0x28 C:\Users\marcel\AppData\Local\Temp\VMBuilds\frame_framework\arduino_due_x_dbg\SD\utility\Sd2Card.cpp.o
                0x0008145c                Sd2Card::chipSelectHigh()
 .text._ZN7Sd2Card13chipSelectLowEv
                0x00081484       0x40 C:\Users\marcel\AppData\Local\Temp\VMBuilds\frame_framework\arduino_due_x_dbg\SD\utility\Sd2Card.cpp.o
                0x00081484                Sd2Card::chipSelectLow()
 .text._ZN7Sd2Card7readEndEv
                0x000814c4       0x2a C:\Users\marcel\AppData\Local\Temp\VMBuilds\frame_framework\arduino_due_x_dbg\SD\utility\Sd2Card.cpp.o
                0x000814c4                Sd2Card::readEnd()
 *fill*         0x000814ee        0x2 
 .text._ZN7Sd2Card10setSckRateEh
                0x000814f0       0x58 C:\Users\marcel\AppData\Local\Temp\VMBuilds\frame_framework\arduino_due_x_dbg\SD\utility\Sd2Card.cpp.o
                0x000814f0                Sd2Card::setSckRate(unsigned char)
 .text._ZN7Sd2Card11waitNotBusyEt
                0x00081548       0x28 C:\Users\marcel\AppData\Local\Temp\VMBuilds\frame_framework\arduino_due_x_dbg\SD\utility\Sd2Card.cpp.o
                0x00081548                Sd2Card::waitNotBusy(unsigned short)
 .text._ZN7Sd2Card11cardCommandEhm
                0x00081570       0x60 C:\Users\marcel\AppData\Local\Temp\VMBuilds\frame_framework\arduino_due_x_dbg\SD\utility\Sd2Card.cpp.o
                0x00081570                Sd2Card::cardCommand(unsigned char, unsigned long)
 .text._ZN7Sd2Card4initEhh
                0x000815d0      0x150 C:\Users\marcel\AppData\Local\Temp\VMBuilds\frame_framework\arduino_due_x_dbg\SD\utility\Sd2Card.cpp.o
                0x000815d0                Sd2Card::init(unsigned char, unsigned char)
 .text._ZN7Sd2Card14waitStartBlockEv
                0x00081720       0x3e C:\Users\marcel\AppData\Local\Temp\VMBuilds\frame_framework\arduino_due_x_dbg\SD\utility\Sd2Card.cpp.o
                0x00081720                Sd2Card::waitStartBlock()
 .text._ZN7Sd2Card8readDataEmttPh
                0x0008175e       0xa4 C:\Users\marcel\AppData\Local\Temp\VMBuilds\frame_framework\arduino_due_x_dbg\SD\utility\Sd2Card.cpp.o
                0x0008175e                Sd2Card::readData(unsigned long, unsigned short, unsigned short, unsigned char*)
 .text._ZN7Sd2Card9readBlockEmPh
                0x00081802       0x14 C:\Users\marcel\AppData\Local\Temp\VMBuilds\frame_framework\arduino_due_x_dbg\SD\utility\Sd2Card.cpp.o
                0x00081802                Sd2Card::readBlock(unsigned long, unsigned char*)
 .text._ZN7Sd2Card9writeDataEhPKh
                0x00081816       0x48 C:\Users\marcel\AppData\Local\Temp\VMBuilds\frame_framework\arduino_due_x_dbg\SD\utility\Sd2Card.cpp.o
                0x00081816                Sd2Card::writeData(unsigned char, unsigned char const*)
 .text._ZN7Sd2Card10writeBlockEmPKh
                0x0008185e       0x6c C:\Users\marcel\AppData\Local\Temp\VMBuilds\frame_framework\arduino_due_x_dbg\SD\utility\Sd2Card.cpp.o
                0x0008185e                Sd2Card::writeBlock(unsigned long, unsigned char const*)
 *fill*         0x000818ca        0x2 
 .text.startup._GLOBAL__sub_I__ZN7Sd2Card11cardCommandEhm
                0x000818cc       0x14 C:\Users\marcel\AppData\Local\Temp\VMBuilds\frame_framework\arduino_due_x_dbg\SD\utility\Sd2Card.cpp.o
 .text._ZN6SdFile10addClusterEv
                0x000818e0       0x26 C:\Users\marcel\AppData\Local\Temp\VMBuilds\frame_framework\arduino_due_x_dbg\SD\utility\SdFile.cpp.o
                0x000818e0                SdFile::addCluster()
 .text._ZN6SdFile13addDirClusterEv
                0x00081906       0x46 C:\Users\marcel\AppData\Local\Temp\VMBuilds\frame_framework\arduino_due_x_dbg\SD\utility\SdFile.cpp.o
                0x00081906                SdFile::addDirCluster()
 .text._ZN6SdFile13cacheDirEntryEh
                0x0008194c       0x1c C:\Users\marcel\AppData\Local\Temp\VMBuilds\frame_framework\arduino_due_x_dbg\SD\utility\SdFile.cpp.o
                0x0008194c                SdFile::cacheDirEntry(unsigned char)
 .text._ZN6SdFile10make83NameEPKcPh
                0x00081968       0x98 C:\Users\marcel\AppData\Local\Temp\VMBuilds\frame_framework\arduino_due_x_dbg\SD\utility\SdFile.cpp.o
                0x00081968                SdFile::make83Name(char const*, unsigned char*)
 .text._ZN6SdFile8openRootEP8SdVolume
                0x00081a00       0x50 C:\Users\marcel\AppData\Local\Temp\VMBuilds\frame_framework\arduino_due_x_dbg\SD\utility\SdFile.cpp.o
                0x00081a00                SdFile::openRoot(SdVolume*)
 .text._ZN6SdFile4readEPvt
                0x00081a50      0x104 C:\Users\marcel\AppData\Local\Temp\VMBuilds\frame_framework\arduino_due_x_dbg\SD\utility\SdFile.cpp.o
                0x00081a50                SdFile::read(void*, unsigned short)
 .text._ZN6SdFile12readDirCacheEv
                0x00081b54       0x44 C:\Users\marcel\AppData\Local\Temp\VMBuilds\frame_framework\arduino_due_x_dbg\SD\utility\SdFile.cpp.o
                0x00081b54                SdFile::readDirCache()
 .text._ZN6SdFile7seekSetEm
                0x00081b98       0x5e C:\Users\marcel\AppData\Local\Temp\VMBuilds\frame_framework\arduino_due_x_dbg\SD\utility\SdFile.cpp.o
                0x00081b98                SdFile::seekSet(unsigned long)
 *fill*         0x00081bf6        0x2 
 .text._ZN6SdFile4syncEv
                0x00081bf8       0x58 C:\Users\marcel\AppData\Local\Temp\VMBuilds\frame_framework\arduino_due_x_dbg\SD\utility\SdFile.cpp.o
                0x00081bf8                SdFile::sync()
 .text._ZN6SdFile5closeEv
                0x00081c50       0x12 C:\Users\marcel\AppData\Local\Temp\VMBuilds\frame_framework\arduino_due_x_dbg\SD\utility\SdFile.cpp.o
                0x00081c50                SdFile::close()
 *fill*         0x00081c62        0x2 
 .text._ZN6SdFile8truncateEm
                0x00081c64       0xb0 C:\Users\marcel\AppData\Local\Temp\VMBuilds\frame_framework\arduino_due_x_dbg\SD\utility\SdFile.cpp.o
                0x00081c64                SdFile::truncate(unsigned long)
 .text._ZN6SdFile15openCachedEntryEhh
                0x00081d14       0x7c C:\Users\marcel\AppData\Local\Temp\VMBuilds\frame_framework\arduino_due_x_dbg\SD\utility\SdFile.cpp.o
                0x00081d14                SdFile::openCachedEntry(unsigned char, unsigned char)
 .text._ZN6SdFile4openEPS_PKch
                0x00081d90      0x110 C:\Users\marcel\AppData\Local\Temp\VMBuilds\frame_framework\arduino_due_x_dbg\SD\utility\SdFile.cpp.o
                0x00081d90                SdFile::open(SdFile*, char const*, unsigned char)
 .text._ZN6SdFile5writeEPKvt
                0x00081ea0      0x194 C:\Users\marcel\AppData\Local\Temp\VMBuilds\frame_framework\arduino_due_x_dbg\SD\utility\SdFile.cpp.o
                0x00081ea0                SdFile::write(void const*, unsigned short)
 .text._ZN6SdFile5writeEh
                0x00082034       0x16 C:\Users\marcel\AppData\Local\Temp\VMBuilds\frame_framework\arduino_due_x_dbg\SD\utility\SdFile.cpp.o
                0x00082034                SdFile::write(unsigned char)
 *fill*         0x0008204a        0x2 
 .text._ZN8SdVolume10cacheFlushEv
                0x0008204c       0x4c C:\Users\marcel\AppData\Local\Temp\VMBuilds\frame_framework\arduino_due_x_dbg\SD\utility\SdVolume.cpp.o
                0x0008204c                SdVolume::cacheFlush()
 .text._ZN8SdVolume13cacheRawBlockEmh
                0x00082098       0x48 C:\Users\marcel\AppData\Local\Temp\VMBuilds\frame_framework\arduino_due_x_dbg\SD\utility\SdVolume.cpp.o
                0x00082098                SdVolume::cacheRawBlock(unsigned long, unsigned char)
 .text._ZN8SdVolume14cacheZeroBlockEm
                0x000820e0       0x38 C:\Users\marcel\AppData\Local\Temp\VMBuilds\frame_framework\arduino_due_x_dbg\SD\utility\SdVolume.cpp.o
                0x000820e0                SdVolume::cacheZeroBlock(unsigned long)
 .text._ZNK8SdVolume6fatGetEmPm
                0x00082118       0x64 C:\Users\marcel\AppData\Local\Temp\VMBuilds\frame_framework\arduino_due_x_dbg\SD\utility\SdVolume.cpp.o
                0x00082118                SdVolume::fatGet(unsigned long, unsigned long*) const
 .text._ZNK8SdVolume9chainSizeEmPm
                0x0008217c       0x44 C:\Users\marcel\AppData\Local\Temp\VMBuilds\frame_framework\arduino_due_x_dbg\SD\utility\SdVolume.cpp.o
                0x0008217c                SdVolume::chainSize(unsigned long, unsigned long*) const
 .text._ZN8SdVolume6fatPutEmm
                0x000821c0       0x84 C:\Users\marcel\AppData\Local\Temp\VMBuilds\frame_framework\arduino_due_x_dbg\SD\utility\SdVolume.cpp.o
                0x000821c0                SdVolume::fatPut(unsigned long, unsigned long)
 .text._ZN8SdVolume15allocContiguousEmPm
                0x00082244       0xb4 C:\Users\marcel\AppData\Local\Temp\VMBuilds\frame_framework\arduino_due_x_dbg\SD\utility\SdVolume.cpp.o
                0x00082244                SdVolume::allocContiguous(unsigned long, unsigned long*)
 .text._ZN8SdVolume9freeChainEm
                0x000822f8       0x48 C:\Users\marcel\AppData\Local\Temp\VMBuilds\frame_framework\arduino_due_x_dbg\SD\utility\SdVolume.cpp.o
                0x000822f8                SdVolume::freeChain(unsigned long)
 .text._ZN8SdVolume4initEP7Sd2Cardh
                0x00082340       0xf4 C:\Users\marcel\AppData\Local\Temp\VMBuilds\frame_framework\arduino_due_x_dbg\SD\utility\SdVolume.cpp.o
                0x00082340                SdVolume::init(Sd2Card*, unsigned char)
 .text._ZN17Adafruit_NeoPixelD2Ev
                0x00082434       0x1e C:\Users\marcel\AppData\Local\Temp\VMBuilds\frame_framework\arduino_due_x_dbg\Adafruit_NeoPixel\Adafruit_NeoPixel.cpp.o
                0x00082434                Adafruit_NeoPixel::~Adafruit_NeoPixel()
                0x00082434                Adafruit_NeoPixel::~Adafruit_NeoPixel()
 .text._ZN17Adafruit_NeoPixel5beginEv
                0x00082452       0x22 C:\Users\marcel\AppData\Local\Temp\VMBuilds\frame_framework\arduino_due_x_dbg\Adafruit_NeoPixel\Adafruit_NeoPixel.cpp.o
                0x00082452                Adafruit_NeoPixel::begin()
 .text._ZN17Adafruit_NeoPixel12updateLengthEt
                0x00082474       0x3c C:\Users\marcel\AppData\Local\Temp\VMBuilds\frame_framework\arduino_due_x_dbg\Adafruit_NeoPixel\Adafruit_NeoPixel.cpp.o
                0x00082474                Adafruit_NeoPixel::updateLength(unsigned short)
 .text._ZN17Adafruit_NeoPixel10updateTypeEt
                0x000824b0       0x48 C:\Users\marcel\AppData\Local\Temp\VMBuilds\frame_framework\arduino_due_x_dbg\Adafruit_NeoPixel\Adafruit_NeoPixel.cpp.o
                0x000824b0                Adafruit_NeoPixel::updateType(unsigned short)
 .text._ZN17Adafruit_NeoPixel4showEv
                0x000824f8       0xd4 C:\Users\marcel\AppData\Local\Temp\VMBuilds\frame_framework\arduino_due_x_dbg\Adafruit_NeoPixel\Adafruit_NeoPixel.cpp.o
                0x000824f8                Adafruit_NeoPixel::show()
 .text._ZN17Adafruit_NeoPixel6setPinEh
                0x000825cc       0x34 C:\Users\marcel\AppData\Local\Temp\VMBuilds\frame_framework\arduino_due_x_dbg\Adafruit_NeoPixel\Adafruit_NeoPixel.cpp.o
                0x000825cc                Adafruit_NeoPixel::setPin(unsigned char)
 .text._ZN17Adafruit_NeoPixelC2Etht
                0x00082600       0x2c C:\Users\marcel\AppData\Local\Temp\VMBuilds\frame_framework\arduino_due_x_dbg\Adafruit_NeoPixel\Adafruit_NeoPixel.cpp.o
                0x00082600                Adafruit_NeoPixel::Adafruit_NeoPixel(unsigned short, unsigned char, unsigned short)
                0x00082600                Adafruit_NeoPixel::Adafruit_NeoPixel(unsigned short, unsigned char, unsigned short)
 .text._ZN17Adafruit_NeoPixel13setPixelColorEthhh
                0x0008262c       0x44 C:\Users\marcel\AppData\Local\Temp\VMBuilds\frame_framework\arduino_due_x_dbg\Adafruit_NeoPixel\Adafruit_NeoPixel.cpp.o
                0x0008262c                Adafruit_NeoPixel::setPixelColor(unsigned short, unsigned char, unsigned char, unsigned char)
 .text._Z11serialEventv
                0x00082670        0x2 C:\Users\marcel\AppData\Local\Temp\VMBuilds\frame_framework\arduino_due_x_dbg\variant\variant.cpp.o
                0x00082670                serialEvent()
 *fill*         0x00082672        0x2 
 .text.UART_Handler
                0x00082674        0xc C:\Users\marcel\AppData\Local\Temp\VMBuilds\frame_framework\arduino_due_x_dbg\variant\variant.cpp.o
                0x00082674                UART_Handler
 .text._Z12serialEvent1v
                0x00082680        0x2 C:\Users\marcel\AppData\Local\Temp\VMBuilds\frame_framework\arduino_due_x_dbg\variant\variant.cpp.o
                0x00082680                serialEvent1()
 .text._Z12serialEvent2v
                0x00082682        0x2 C:\Users\marcel\AppData\Local\Temp\VMBuilds\frame_framework\arduino_due_x_dbg\variant\variant.cpp.o
                0x00082682                serialEvent2()
 .text._Z12serialEvent3v
                0x00082684        0x2 C:\Users\marcel\AppData\Local\Temp\VMBuilds\frame_framework\arduino_due_x_dbg\variant\variant.cpp.o
                0x00082684                serialEvent3()
 *fill*         0x00082686        0x2 
 .text.USART0_Handler
                0x00082688        0xc C:\Users\marcel\AppData\Local\Temp\VMBuilds\frame_framework\arduino_due_x_dbg\variant\variant.cpp.o
                0x00082688                USART0_Handler
 .text.USART1_Handler
                0x00082694        0xc C:\Users\marcel\AppData\Local\Temp\VMBuilds\frame_framework\arduino_due_x_dbg\variant\variant.cpp.o
                0x00082694                USART1_Handler
 .text.USART3_Handler
                0x000826a0        0xc C:\Users\marcel\AppData\Local\Temp\VMBuilds\frame_framework\arduino_due_x_dbg\variant\variant.cpp.o
                0x000826a0                USART3_Handler
 .text.init     0x000826ac      0x128 C:\Users\marcel\AppData\Local\Temp\VMBuilds\frame_framework\arduino_due_x_dbg\variant\variant.cpp.o
                0x000826ac                init
 .text.startup._GLOBAL__sub_I_g_APinDescription
                0x000827d4       0xd4 C:\Users\marcel\AppData\Local\Temp\VMBuilds\frame_framework\arduino_due_x_dbg\variant\variant.cpp.o
 .text._Z14serialEventRunv
                0x000828a8       0x44 C:\Users\marcel\AppData\Local\Temp\VMBuilds\frame_framework\arduino_due_x_dbg\variant\variant.cpp.o
                0x000828a8                serialEventRun()
 .text.PIO_PullUp
                0x000828ec        0xa C:\Users\marcel\AppData\Local\arduino15\packages\arduino\hardware\sam\1.6.9\variants\arduino_due_x/libsam_sam3x8e_gcc_rel.a(pio.o)
                0x000828ec                PIO_PullUp
 .text.PIO_SetPeripheral
                0x000828f6       0x26 C:\Users\marcel\AppData\Local\arduino15\packages\arduino\hardware\sam\1.6.9\variants\arduino_due_x/libsam_sam3x8e_gcc_rel.a(pio.o)
                0x000828f6                PIO_SetPeripheral
 .text.PIO_SetInput
                0x0008291c       0x26 C:\Users\marcel\AppData\Local\arduino15\packages\arduino\hardware\sam\1.6.9\variants\arduino_due_x/libsam_sam3x8e_gcc_rel.a(pio.o)
                0x0008291c                PIO_SetInput
 .text.PIO_SetOutput
                0x00082942       0x24 C:\Users\marcel\AppData\Local\arduino15\packages\arduino\hardware\sam\1.6.9\variants\arduino_due_x/libsam_sam3x8e_gcc_rel.a(pio.o)
                0x00082942                PIO_SetOutput
 *fill*         0x00082966        0x2 
 .text.PIO_Configure
                0x00082968       0x64 C:\Users\marcel\AppData\Local\arduino15\packages\arduino\hardware\sam\1.6.9\variants\arduino_due_x/libsam_sam3x8e_gcc_rel.a(pio.o)
                0x00082968                PIO_Configure
 .text.PIO_GetOutputDataStatus
                0x000829cc       0x14 C:\Users\marcel\AppData\Local\arduino15\packages\arduino\hardware\sam\1.6.9\variants\arduino_due_x/libsam_sam3x8e_gcc_rel.a(pio.o)
                0x000829cc                PIO_GetOutputDataStatus
 .text.pmc_enable_upll_clock
                0x000829e0       0x14 C:\Users\marcel\AppData\Local\arduino15\packages\arduino\hardware\sam\1.6.9\variants\arduino_due_x/libsam_sam3x8e_gcc_rel.a(pmc.o)
                0x000829e0                pmc_enable_upll_clock
 .text.pmc_enable_periph_clk
                0x000829f4       0x44 C:\Users\marcel\AppData\Local\arduino15\packages\arduino\hardware\sam\1.6.9\variants\arduino_due_x/libsam_sam3x8e_gcc_rel.a(pmc.o)
                0x000829f4                pmc_enable_periph_clk
 .text.pmc_disable_periph_clk
                0x00082a38       0x40 C:\Users\marcel\AppData\Local\arduino15\packages\arduino\hardware\sam\1.6.9\variants\arduino_due_x/libsam_sam3x8e_gcc_rel.a(pmc.o)
                0x00082a38                pmc_disable_periph_clk
 .text.pmc_switch_udpck_to_upllck
                0x00082a78       0x14 C:\Users\marcel\AppData\Local\arduino15\packages\arduino\hardware\sam\1.6.9\variants\arduino_due_x/libsam_sam3x8e_gcc_rel.a(pmc.o)
                0x00082a78                pmc_switch_udpck_to_upllck
 .text.pmc_enable_udpck
                0x00082a8c        0xc C:\Users\marcel\AppData\Local\arduino15\packages\arduino\hardware\sam\1.6.9\variants\arduino_due_x/libsam_sam3x8e_gcc_rel.a(pmc.o)
                0x00082a8c                pmc_enable_udpck
 .text.pmc_set_writeprotect
                0x00082a98       0x1c C:\Users\marcel\AppData\Local\arduino15\packages\arduino\hardware\sam\1.6.9\variants\arduino_due_x/libsam_sam3x8e_gcc_rel.a(pmc.o)
                0x00082a98                pmc_set_writeprotect
 .text.SPI_Enable
                0x00082ab4        0x6 C:\Users\marcel\AppData\Local\arduino15\packages\arduino\hardware\sam\1.6.9\variants\arduino_due_x/libsam_sam3x8e_gcc_rel.a(spi.o)
                0x00082ab4                SPI_Enable
 *fill*         0x00082aba        0x2 
 .text.SPI_Configure
                0x00082abc       0x20 C:\Users\marcel\AppData\Local\arduino15\packages\arduino\hardware\sam\1.6.9\variants\arduino_due_x/libsam_sam3x8e_gcc_rel.a(spi.o)
                0x00082abc                SPI_Configure
 .text.SPI_ConfigureNPCS
                0x00082adc        0x8 C:\Users\marcel\AppData\Local\arduino15\packages\arduino\hardware\sam\1.6.9\variants\arduino_due_x/libsam_sam3x8e_gcc_rel.a(spi.o)
                0x00082adc                SPI_ConfigureNPCS
 .text.TC_Configure
                0x00082ae4       0x38 C:\Users\marcel\AppData\Local\arduino15\packages\arduino\hardware\sam\1.6.9\variants\arduino_due_x/libsam_sam3x8e_gcc_rel.a(tc.o)
                0x00082ae4                TC_Configure
 .text.TC_Start
                0x00082b1c       0x2c C:\Users\marcel\AppData\Local\arduino15\packages\arduino\hardware\sam\1.6.9\variants\arduino_due_x/libsam_sam3x8e_gcc_rel.a(tc.o)
                0x00082b1c                TC_Start
 .text.TC_Stop  0x00082b48       0x2c C:\Users\marcel\AppData\Local\arduino15\packages\arduino\hardware\sam\1.6.9\variants\arduino_due_x/libsam_sam3x8e_gcc_rel.a(tc.o)
                0x00082b48                TC_Stop
 .text.SystemInit
                0x00082b74       0x88 C:\Users\marcel\AppData\Local\arduino15\packages\arduino\hardware\sam\1.6.9\variants\arduino_due_x/libsam_sam3x8e_gcc_rel.a(system_sam3xa.o)
                0x00082b74                SystemInit
 .text.Reset_Handler
                0x00082bfc       0x78 C:\Users\marcel\AppData\Local\arduino15\packages\arduino\hardware\sam\1.6.9\variants\arduino_due_x/libsam_sam3x8e_gcc_rel.a(startup_sam3xa.o)
                0x00082bfc                Reset_Handler
 .text.adc_init
                0x00082c74       0x98 C:\Users\marcel\AppData\Local\arduino15\packages\arduino\hardware\sam\1.6.9\variants\arduino_due_x/libsam_sam3x8e_gcc_rel.a(adc.o)
                0x00082c74                adc_init
 .text.adc_configure_trigger
                0x00082d0c        0xe C:\Users\marcel\AppData\Local\arduino15\packages\arduino\hardware\sam\1.6.9\variants\arduino_due_x/libsam_sam3x8e_gcc_rel.a(adc.o)
                0x00082d0c                adc_configure_trigger
 .text.adc_configure_timing
                0x00082d1a       0x1a C:\Users\marcel\AppData\Local\arduino15\packages\arduino\hardware\sam\1.6.9\variants\arduino_due_x/libsam_sam3x8e_gcc_rel.a(adc.o)
                0x00082d1a                adc_configure_timing
 .text.adc_disable_channel
                0x00082d34        0xa C:\Users\marcel\AppData\Local\arduino15\packages\arduino\hardware\sam\1.6.9\variants\arduino_due_x/libsam_sam3x8e_gcc_rel.a(adc.o)
                0x00082d34                adc_disable_channel
 .text.adc_disable_all_channel
                0x00082d3e        0x8 C:\Users\marcel\AppData\Local\arduino15\packages\arduino\hardware\sam\1.6.9\variants\arduino_due_x/libsam_sam3x8e_gcc_rel.a(adc.o)
                0x00082d3e                adc_disable_all_channel
 .text.adc_disable_interrupt
                0x00082d46        0x4 C:\Users\marcel\AppData\Local\arduino15\packages\arduino\hardware\sam\1.6.9\variants\arduino_due_x/libsam_sam3x8e_gcc_rel.a(adc.o)
                0x00082d46                adc_disable_interrupt
 *fill*         0x00082d4a        0x2 
 .text.UOTGHS_Handler
                0x00082d4c       0x10 C:\Users\marcel\AppData\Local\arduino15\packages\arduino\hardware\sam\1.6.9\variants\arduino_due_x/libsam_sam3x8e_gcc_rel.a(uotghs.o)
                0x00082d4c                UOTGHS_Handler
 .text.__halt   0x00082d5c        0x2 C:\Users\marcel\AppData\Local\Temp\VMBuilds\frame_framework\arduino_due_x_dbg/core.a(cortex_handlers.c.o)
                0x00082d5c                DACC_Handler
                0x00082d5c                DebugMon_Handler
                0x00082d5c                DMAC_Handler
                0x00082d5c                TRNG_Handler
                0x00082d5c                HardFault_Handler
                0x00082d5c                TC2_Handler
                0x00082d5c                TWI1_Handler
                0x00082d5c                NMI_Handler
                0x00082d5c                TC7_Handler
                0x00082d5c                ADC_Handler
                0x00082d5c                SMC_Handler
                0x00082d5c                RTT_Handler
                0x00082d5c                EFC1_Handler
                0x00082d5c                PIOB_Handler
                0x00082d5c                RTC_Handler
                0x00082d5c                UsageFault_Handler
                0x00082d5c                TC6_Handler
                0x00082d5c                WDT_Handler
                0x00082d5c                CAN0_Handler
                0x00082d5c                TC4_Handler
                0x00082d5c                TC1_Handler
                0x00082d5c                HSMCI_Handler
                0x00082d5c                TC3_Handler
                0x00082d5c                TWI0_Handler
                0x00082d5c                PIOA_Handler
                0x00082d5c                SSC_Handler
                0x00082d5c                EFC0_Handler
                0x00082d5c                PMC_Handler
                0x00082d5c                PWM_Handler
                0x00082d5c                CAN1_Handler
                0x00082d5c                MemManage_Handler
                0x00082d5c                SUPC_Handler
                0x00082d5c                TC8_Handler
                0x00082d5c                USART2_Handler
                0x00082d5c                PIOD_Handler
                0x00082d5c                EMAC_Handler
                0x00082d5c                PIOC_Handler
                0x00082d5c                BusFault_Handler
                0x00082d5c                RSTC_Handler
                0x00082d5c                TC0_Handler
                0x00082d5c                TC5_Handler
                0x00082d5c                SPI0_Handler
 .text.SVC_Handler
                0x00082d5e        0x4 C:\Users\marcel\AppData\Local\Temp\VMBuilds\frame_framework\arduino_due_x_dbg/core.a(cortex_handlers.c.o)
                0x00082d5e                SVC_Handler
 .text.PendSV_Handler
                0x00082d62        0x4 C:\Users\marcel\AppData\Local\Temp\VMBuilds\frame_framework\arduino_due_x_dbg/core.a(cortex_handlers.c.o)
                0x00082d62                PendSV_Handler
 .text.SysTick_Handler
                0x00082d66       0x16 C:\Users\marcel\AppData\Local\Temp\VMBuilds\frame_framework\arduino_due_x_dbg/core.a(cortex_handlers.c.o)
                0x00082d66                SysTick_Handler
 .text.__empty  0x00082d7c        0x2 C:\Users\marcel\AppData\Local\Temp\VMBuilds\frame_framework\arduino_due_x_dbg/core.a(hooks.c.o)
                0x00082d7c                yield
 .text.__false  0x00082d7e        0x4 C:\Users\marcel\AppData\Local\Temp\VMBuilds\frame_framework\arduino_due_x_dbg/core.a(hooks.c.o)
                0x00082d7e                sysTickHook
 .text.__halt   0x00082d82        0x2 C:\Users\marcel\AppData\Local\Temp\VMBuilds\frame_framework\arduino_due_x_dbg/core.a(hooks.c.o)
                0x00082d82                svcHook
                0x00082d82                pendSVHook
 .text._sbrk    0x00082d84       0x1c C:\Users\marcel\AppData\Local\Temp\VMBuilds\frame_framework\arduino_due_x_dbg/core.a(syscalls_sam3.c.o)
                0x00082d84                _sbrk
 .text.link     0x00082da0        0x6 C:\Users\marcel\AppData\Local\Temp\VMBuilds\frame_framework\arduino_due_x_dbg/core.a(syscalls_sam3.c.o)
                0x00082da0                link
 .text._close   0x00082da6        0x6 C:\Users\marcel\AppData\Local\Temp\VMBuilds\frame_framework\arduino_due_x_dbg/core.a(syscalls_sam3.c.o)
                0x00082da6                _close
 .text._fstat   0x00082dac        0xa C:\Users\marcel\AppData\Local\Temp\VMBuilds\frame_framework\arduino_due_x_dbg/core.a(syscalls_sam3.c.o)
                0x00082dac                _fstat
 .text._isatty  0x00082db6        0x4 C:\Users\marcel\AppData\Local\Temp\VMBuilds\frame_framework\arduino_due_x_dbg/core.a(syscalls_sam3.c.o)
                0x00082db6                _isatty
 .text._lseek   0x00082dba        0x4 C:\Users\marcel\AppData\Local\Temp\VMBuilds\frame_framework\arduino_due_x_dbg/core.a(syscalls_sam3.c.o)
                0x00082dba                _lseek
 .text._read    0x00082dbe        0x4 C:\Users\marcel\AppData\Local\Temp\VMBuilds\frame_framework\arduino_due_x_dbg/core.a(syscalls_sam3.c.o)
                0x00082dbe                _read
 *fill*         0x00082dc2        0x2 
 .text._write   0x00082dc4       0x24 C:\Users\marcel\AppData\Local\Temp\VMBuilds\frame_framework\arduino_due_x_dbg/core.a(syscalls_sam3.c.o)
                0x00082dc4                _write
 .text._exit    0x00082de8       0x10 C:\Users\marcel\AppData\Local\Temp\VMBuilds\frame_framework\arduino_due_x_dbg/core.a(syscalls_sam3.c.o)
                0x00082de8                _exit
 .text._kill    0x00082df8        0x2 C:\Users\marcel\AppData\Local\Temp\VMBuilds\frame_framework\arduino_due_x_dbg/core.a(syscalls_sam3.c.o)
                0x00082df8                _kill
 .text._getpid  0x00082dfa        0x6 C:\Users\marcel\AppData\Local\Temp\VMBuilds\frame_framework\arduino_due_x_dbg/core.a(syscalls_sam3.c.o)
                0x00082dfa                _getpid
 .text.millis   0x00082e00        0x4 C:\Users\marcel\AppData\Local\Temp\VMBuilds\frame_framework\arduino_due_x_dbg/core.a(wiring.c.o)
                0x00082e00                millis
 .text.micros   0x00082e04       0x74 C:\Users\marcel\AppData\Local\Temp\VMBuilds\frame_framework\arduino_due_x_dbg/core.a(wiring.c.o)
                0x00082e04                micros
 .text.delay    0x00082e78       0x1c C:\Users\marcel\AppData\Local\Temp\VMBuilds\frame_framework\arduino_due_x_dbg/core.a(wiring.c.o)
                0x00082e78                delay
 .text.analogOutputInit
                0x00082e94        0x2 C:\Users\marcel\AppData\Local\Temp\VMBuilds\frame_framework\arduino_due_x_dbg/core.a(wiring_analog.c.o)
                0x00082e94                analogOutputInit
 *fill*         0x00082e96        0x2 
 .text.pinMode  0x00082e98      0x108 C:\Users\marcel\AppData\Local\Temp\VMBuilds\frame_framework\arduino_due_x_dbg/core.a(wiring_digital.c.o)
                0x00082e98                pinMode
 .text.digitalWrite
                0x00082fa0       0x70 C:\Users\marcel\AppData\Local\Temp\VMBuilds\frame_framework\arduino_due_x_dbg/core.a(wiring_digital.c.o)
                0x00082fa0                digitalWrite
 .text.initVariant
                0x00083010        0x2 C:\Users\marcel\AppData\Local\Temp\VMBuilds\frame_framework\arduino_due_x_dbg/core.a(main.cpp.o)
                0x00083010                initVariant
 *fill*         0x00083012        0x2 
 .text.startup.main
                0x00083014       0x38 C:\Users\marcel\AppData\Local\Temp\VMBuilds\frame_framework\arduino_due_x_dbg/core.a(main.cpp.o)
                0x00083014                main
 .text._Znwj    0x0008304c        0x4 C:\Users\marcel\AppData\Local\Temp\VMBuilds\frame_framework\arduino_due_x_dbg/core.a(new.cpp.o)
                0x0008304c                operator new(unsigned int)
 .text._ZN5Print5writeEPKhj
                0x00083050       0x22 C:\Users\marcel\AppData\Local\Temp\VMBuilds\frame_framework\arduino_due_x_dbg/core.a(Print.cpp.o)
                0x00083050                Print::write(unsigned char const*, unsigned int)
 .text._ZN5Print5printEmi.part.3
                0x00083072        0xc C:\Users\marcel\AppData\Local\Temp\VMBuilds\frame_framework\arduino_due_x_dbg/core.a(Print.cpp.o)
 .text._ZN5Print5writeEPKc
                0x0008307e       0x1e C:\Users\marcel\AppData\Local\Temp\VMBuilds\frame_framework\arduino_due_x_dbg/core.a(Print.cpp.o)
                0x0008307e                Print::write(char const*)
 .text._ZN5Print5printERK6String
                0x0008309c       0x10 C:\Users\marcel\AppData\Local\Temp\VMBuilds\frame_framework\arduino_due_x_dbg/core.a(Print.cpp.o)
                0x0008309c                Print::print(String const&)
 .text._ZN5Print5printEPKc
                0x000830ac        0x8 C:\Users\marcel\AppData\Local\Temp\VMBuilds\frame_framework\arduino_due_x_dbg/core.a(Print.cpp.o)
                0x000830ac                Print::print(char const*)
 .text._ZN5Print7printlnEv
                0x000830b4       0x10 C:\Users\marcel\AppData\Local\Temp\VMBuilds\frame_framework\arduino_due_x_dbg/core.a(Print.cpp.o)
                0x000830b4                Print::println()
 .text._ZN5Print7printlnERK6String
                0x000830c4       0x14 C:\Users\marcel\AppData\Local\Temp\VMBuilds\frame_framework\arduino_due_x_dbg/core.a(Print.cpp.o)
                0x000830c4                Print::println(String const&)
 .text._ZN5Print7printlnEPKc
                0x000830d8       0x14 C:\Users\marcel\AppData\Local\Temp\VMBuilds\frame_framework\arduino_due_x_dbg/core.a(Print.cpp.o)
                0x000830d8                Print::println(char const*)
 .text._ZN5Print11printNumberEmh
                0x000830ec       0x3e C:\Users\marcel\AppData\Local\Temp\VMBuilds\frame_framework\arduino_due_x_dbg/core.a(Print.cpp.o)
                0x000830ec                Print::printNumber(unsigned long, unsigned char)
 .text._ZN5Print5printEmi
                0x0008312a        0xc C:\Users\marcel\AppData\Local\Temp\VMBuilds\frame_framework\arduino_due_x_dbg/core.a(Print.cpp.o)
                0x0008312a                Print::print(unsigned long, int)
 .text._ZN5Print5printEhi
                0x00083136        0x4 C:\Users\marcel\AppData\Local\Temp\VMBuilds\frame_framework\arduino_due_x_dbg/core.a(Print.cpp.o)
                0x00083136                Print::print(unsigned char, int)
 .text._ZN5Print7printlnEhi
                0x0008313a       0x14 C:\Users\marcel\AppData\Local\Temp\VMBuilds\frame_framework\arduino_due_x_dbg/core.a(Print.cpp.o)
                0x0008313a                Print::println(unsigned char, int)
 .text._ZN5Print5printEji
                0x0008314e        0x4 C:\Users\marcel\AppData\Local\Temp\VMBuilds\frame_framework\arduino_due_x_dbg/core.a(Print.cpp.o)
                0x0008314e                Print::print(unsigned int, int)
 .text._ZN5Print7printlnEji
                0x00083152       0x14 C:\Users\marcel\AppData\Local\Temp\VMBuilds\frame_framework\arduino_due_x_dbg/core.a(Print.cpp.o)
                0x00083152                Print::println(unsigned int, int)
 *fill*         0x00083166        0x2 
 .text.initiateReset
                0x00083168        0xc C:\Users\marcel\AppData\Local\Temp\VMBuilds\frame_framework\arduino_due_x_dbg/core.a(Reset.cpp.o)
                0x00083168                initiateReset
 .text.cancelReset
                0x00083174       0x10 C:\Users\marcel\AppData\Local\Temp\VMBuilds\frame_framework\arduino_due_x_dbg/core.a(Reset.cpp.o)
                0x00083174                cancelReset
 .text.tickReset
                0x00083184       0x20 C:\Users\marcel\AppData\Local\Temp\VMBuilds\frame_framework\arduino_due_x_dbg/core.a(Reset.cpp.o)
                0x00083184                tickReset
 .text._ZN10RingBufferC2Ev
                0x000831a4       0x1a C:\Users\marcel\AppData\Local\Temp\VMBuilds\frame_framework\arduino_due_x_dbg/core.a(RingBuffer.cpp.o)
                0x000831a4                RingBuffer::RingBuffer()
                0x000831a4                RingBuffer::RingBuffer()
 .text._ZN10RingBuffer10store_charEh
                0x000831be       0x1e C:\Users\marcel\AppData\Local\Temp\VMBuilds\frame_framework\arduino_due_x_dbg/core.a(RingBuffer.cpp.o)
                0x000831be                RingBuffer::store_char(unsigned char)
 .text._ZN6Stream9timedReadEv
                0x000831dc       0x2a C:\Users\marcel\AppData\Local\Temp\VMBuilds\frame_framework\arduino_due_x_dbg/core.a(Stream.cpp.o)
                0x000831dc                Stream::timedRead()
 *fill*         0x00083206        0x2 
 .text._ZN6Stream15readStringUntilEc
                0x00083208       0x30 C:\Users\marcel\AppData\Local\Temp\VMBuilds\frame_framework\arduino_due_x_dbg/core.a(Stream.cpp.o)
                0x00083208                Stream::readStringUntil(char)
 .text._ZN9UARTClasscvbEv
                0x00083238        0x4 C:\Users\marcel\AppData\Local\Temp\VMBuilds\frame_framework\arduino_due_x_dbg/core.a(UARTClass.cpp.o)
                0x00083238                UARTClass::operator bool()
 .text._ZN9UARTClass9availableEv
                0x0008323c       0x12 C:\Users\marcel\AppData\Local\Temp\VMBuilds\frame_framework\arduino_due_x_dbg/core.a(UARTClass.cpp.o)
                0x0008323c                UARTClass::available()
 .text._ZN9UARTClass4peekEv
                0x0008324e       0x1c C:\Users\marcel\AppData\Local\Temp\VMBuilds\frame_framework\arduino_due_x_dbg/core.a(UARTClass.cpp.o)
                0x0008324e                UARTClass::peek()
 .text._ZN9UARTClass4readEv
                0x0008326a       0x2a C:\Users\marcel\AppData\Local\Temp\VMBuilds\frame_framework\arduino_due_x_dbg/core.a(UARTClass.cpp.o)
                0x0008326a                UARTClass::read()
 .text._ZN9UARTClass5flushEv
                0x00083294       0x18 C:\Users\marcel\AppData\Local\Temp\VMBuilds\frame_framework\arduino_due_x_dbg/core.a(UARTClass.cpp.o)
                0x00083294                UARTClass::flush()
 .text._ZN9UARTClass5writeEh
                0x000832ac       0x54 C:\Users\marcel\AppData\Local\Temp\VMBuilds\frame_framework\arduino_due_x_dbg/core.a(UARTClass.cpp.o)
                0x000832ac                UARTClass::write(unsigned char)
 .text._ZN9UARTClass3endEv
                0x00083300       0x3c C:\Users\marcel\AppData\Local\Temp\VMBuilds\frame_framework\arduino_due_x_dbg/core.a(UARTClass.cpp.o)
                0x00083300                UARTClass::end()
 .text._ZN9UARTClassC2EP4Uart4IRQnmP10RingBufferS4_
                0x0008333c       0x24 C:\Users\marcel\AppData\Local\Temp\VMBuilds\frame_framework\arduino_due_x_dbg/core.a(UARTClass.cpp.o)
                0x0008333c                UARTClass::UARTClass(Uart*, IRQn, unsigned long, RingBuffer*, RingBuffer*)
                0x0008333c                UARTClass::UARTClass(Uart*, IRQn, unsigned long, RingBuffer*, RingBuffer*)
 .text._ZN9UARTClass4initEmm
                0x00083360       0x70 C:\Users\marcel\AppData\Local\Temp\VMBuilds\frame_framework\arduino_due_x_dbg/core.a(UARTClass.cpp.o)
                0x00083360                UARTClass::init(unsigned long, unsigned long)
 .text._ZN9UARTClass5beginEm
                0x000833d0        0x8 C:\Users\marcel\AppData\Local\Temp\VMBuilds\frame_framework\arduino_due_x_dbg/core.a(UARTClass.cpp.o)
                0x000833d0                UARTClass::begin(unsigned long)
 .text._ZN9UARTClass10IrqHandlerEv
                0x000833d8       0x5a C:\Users\marcel\AppData\Local\Temp\VMBuilds\frame_framework\arduino_due_x_dbg/core.a(UARTClass.cpp.o)
                0x000833d8                UARTClass::IrqHandler()
 .text._ZN10USARTClass5beginEm
                0x00083432        0x8 C:\Users\marcel\AppData\Local\Temp\VMBuilds\frame_framework\arduino_due_x_dbg/core.a(USARTClass.cpp.o)
                0x00083432                USARTClass::begin(unsigned long)
 *fill*         0x0008343a        0x2 
 .text._ZN10USARTClassC2EP5Usart4IRQnmP10RingBufferS4_
                0x0008343c       0x24 C:\Users\marcel\AppData\Local\Temp\VMBuilds\frame_framework\arduino_due_x_dbg/core.a(USARTClass.cpp.o)
                0x0008343c                USARTClass::USARTClass(Usart*, IRQn, unsigned long, RingBuffer*, RingBuffer*)
                0x0008343c                USARTClass::USARTClass(Usart*, IRQn, unsigned long, RingBuffer*, RingBuffer*)
 .text._watchdogDefaultSetup
                0x00083460        0xc C:\Users\marcel\AppData\Local\Temp\VMBuilds\frame_framework\arduino_due_x_dbg/core.a(watchdog.cpp.o)
                0x00083460                _watchdogDefaultSetup
                0x00083460                watchdogSetup()
 .text._ZNK6String14StringIfHelperEv
                0x0008346c        0x2 C:\Users\marcel\AppData\Local\Temp\VMBuilds\frame_framework\arduino_due_x_dbg/core.a(WString.cpp.o)
                0x0008346c                String::StringIfHelper() const
 .text._ZN6StringD2Ev
                0x0008346e        0xe C:\Users\marcel\AppData\Local\Temp\VMBuilds\frame_framework\arduino_due_x_dbg/core.a(WString.cpp.o)
                0x0008346e                String::~String()
                0x0008346e                String::~String()
 .text._ZN6String10invalidateEv
                0x0008347c       0x16 C:\Users\marcel\AppData\Local\Temp\VMBuilds\frame_framework\arduino_due_x_dbg/core.a(WString.cpp.o)
                0x0008347c                String::invalidate()
 .text._ZN6String12changeBufferEj
                0x00083492       0x18 C:\Users\marcel\AppData\Local\Temp\VMBuilds\frame_framework\arduino_due_x_dbg/core.a(WString.cpp.o)
                0x00083492                String::changeBuffer(unsigned int)
 .text._ZN6String7reserveEj
                0x000834aa       0x22 C:\Users\marcel\AppData\Local\Temp\VMBuilds\frame_framework\arduino_due_x_dbg/core.a(WString.cpp.o)
                0x000834aa                String::reserve(unsigned int)
 .text._ZN6String4copyEPKcj
                0x000834cc       0x26 C:\Users\marcel\AppData\Local\Temp\VMBuilds\frame_framework\arduino_due_x_dbg/core.a(WString.cpp.o)
                0x000834cc                String::copy(char const*, unsigned int)
 .text._ZN6StringC2EPKc
                0x000834f2       0x24 C:\Users\marcel\AppData\Local\Temp\VMBuilds\frame_framework\arduino_due_x_dbg/core.a(WString.cpp.o)
                0x000834f2                String::String(char const*)
                0x000834f2                String::String(char const*)
 *fill*         0x00083516        0x2 
 .text._ZN6String4moveERS_
                0x00083518       0x44 C:\Users\marcel\AppData\Local\Temp\VMBuilds\frame_framework\arduino_due_x_dbg/core.a(WString.cpp.o)
                0x00083518                String::move(String&)
 .text._ZN6StringaSERKS_
                0x0008355c       0x1e C:\Users\marcel\AppData\Local\Temp\VMBuilds\frame_framework\arduino_due_x_dbg/core.a(WString.cpp.o)
                0x0008355c                String::operator=(String const&)
 .text._ZN6StringC2ERKS_
                0x0008357a       0x14 C:\Users\marcel\AppData\Local\Temp\VMBuilds\frame_framework\arduino_due_x_dbg/core.a(WString.cpp.o)
                0x0008357a                String::String(String const&)
                0x0008357a                String::String(String const&)
 .text._ZN6StringaSEOS_
                0x0008358e       0x10 C:\Users\marcel\AppData\Local\Temp\VMBuilds\frame_framework\arduino_due_x_dbg/core.a(WString.cpp.o)
                0x0008358e                String::operator=(String&&)
 .text._ZN6StringaSEPKc
                0x0008359e       0x22 C:\Users\marcel\AppData\Local\Temp\VMBuilds\frame_framework\arduino_due_x_dbg/core.a(WString.cpp.o)
                0x0008359e                String::operator=(char const*)
 .text._ZN6StringC2Ehh
                0x000835c0       0x22 C:\Users\marcel\AppData\Local\Temp\VMBuilds\frame_framework\arduino_due_x_dbg/core.a(WString.cpp.o)
                0x000835c0                String::String(unsigned char, unsigned char)
                0x000835c0                String::String(unsigned char, unsigned char)
 .text._ZN6StringC2Ejh
                0x000835e2       0x24 C:\Users\marcel\AppData\Local\Temp\VMBuilds\frame_framework\arduino_due_x_dbg/core.a(WString.cpp.o)
                0x000835e2                String::String(unsigned int, unsigned char)
                0x000835e2                String::String(unsigned int, unsigned char)
 .text._ZN6String6concatEPKcj
                0x00083606       0x2e C:\Users\marcel\AppData\Local\Temp\VMBuilds\frame_framework\arduino_due_x_dbg/core.a(WString.cpp.o)
                0x00083606                String::concat(char const*, unsigned int)
 .text._ZN6String6concatEc
                0x00083634       0x1a C:\Users\marcel\AppData\Local\Temp\VMBuilds\frame_framework\arduino_due_x_dbg/core.a(WString.cpp.o)
                0x00083634                String::concat(char)
 .text._ZN6String6concatEh
                0x0008364e       0x22 C:\Users\marcel\AppData\Local\Temp\VMBuilds\frame_framework\arduino_due_x_dbg/core.a(WString.cpp.o)
                0x0008364e                String::concat(unsigned char)
 .text._ZplRK15StringSumHelperRK6String
                0x00083670       0x1a C:\Users\marcel\AppData\Local\Temp\VMBuilds\frame_framework\arduino_due_x_dbg/core.a(WString.cpp.o)
                0x00083670                operator+(StringSumHelper const&, String const&)
 .text._ZplRK15StringSumHelperPKc
                0x0008368a       0x24 C:\Users\marcel\AppData\Local\Temp\VMBuilds\frame_framework\arduino_due_x_dbg/core.a(WString.cpp.o)
                0x0008368a                operator+(StringSumHelper const&, char const*)
 .text._ZplRK15StringSumHelperh
                0x000836ae       0x14 C:\Users\marcel\AppData\Local\Temp\VMBuilds\frame_framework\arduino_due_x_dbg/core.a(WString.cpp.o)
                0x000836ae                operator+(StringSumHelper const&, unsigned char)
 .text._ZNK6String6equalsEPKc
                0x000836c2       0x26 C:\Users\marcel\AppData\Local\Temp\VMBuilds\frame_framework\arduino_due_x_dbg/core.a(WString.cpp.o)
                0x000836c2                String::equals(char const*) const
 .text._ZNK6StringixEj
                0x000836e8       0x12 C:\Users\marcel\AppData\Local\Temp\VMBuilds\frame_framework\arduino_due_x_dbg/core.a(WString.cpp.o)
                0x000836e8                String::operator[](unsigned int) const
 .text._ZNK6String6charAtEj
                0x000836fa        0x4 C:\Users\marcel\AppData\Local\Temp\VMBuilds\frame_framework\arduino_due_x_dbg/core.a(WString.cpp.o)
                0x000836fa                String::charAt(unsigned int) const
 .text._ZNK6String7indexOfEcj
                0x000836fe       0x1c C:\Users\marcel\AppData\Local\Temp\VMBuilds\frame_framework\arduino_due_x_dbg/core.a(WString.cpp.o)
                0x000836fe                String::indexOf(char, unsigned int) const
 .text._ZNK6String7indexOfEc
                0x0008371a        0x6 C:\Users\marcel\AppData\Local\Temp\VMBuilds\frame_framework\arduino_due_x_dbg/core.a(WString.cpp.o)
                0x0008371a                String::indexOf(char) const
 .text._ZNK6String9substringEjj
                0x00083720       0x4c C:\Users\marcel\AppData\Local\Temp\VMBuilds\frame_framework\arduino_due_x_dbg/core.a(WString.cpp.o)
                0x00083720                String::substring(unsigned int, unsigned int) const
 .text._ZNK6String5toIntEv
                0x0008376c        0xa C:\Users\marcel\AppData\Local\Temp\VMBuilds\frame_framework\arduino_due_x_dbg/core.a(WString.cpp.o)
                0x0008376c                String::toInt() const
 *fill*         0x00083776        0x2 
 .text.unlikely._ZL11USB_SendZlpv
                0x00083778       0x20 C:\Users\marcel\AppData\Local\Temp\VMBuilds\frame_framework\arduino_due_x_dbg/core.a(USBCore.cpp.o)
 .text._Z14USBD_Availablem
                0x00083798       0x2c C:\Users\marcel\AppData\Local\Temp\VMBuilds\frame_framework\arduino_due_x_dbg/core.a(USBCore.cpp.o)
                0x00083798                USBD_Available(unsigned long)
 .text._Z9USBD_RecvmPvm
                0x000837c4       0x7c C:\Users\marcel\AppData\Local\Temp\VMBuilds\frame_framework\arduino_due_x_dbg/core.a(USBCore.cpp.o)
                0x000837c4                USBD_Recv(unsigned long, void*, unsigned long)
 .text._Z9USBD_Recvm
                0x00083840       0x22 C:\Users\marcel\AppData\Local\Temp\VMBuilds\frame_framework\arduino_due_x_dbg/core.a(USBCore.cpp.o)
                0x00083840                USBD_Recv(unsigned long)
 *fill*         0x00083862        0x2 
 .text._Z9USBD_SendmPKvm
                0x00083864       0x4c C:\Users\marcel\AppData\Local\Temp\VMBuilds\frame_framework\arduino_due_x_dbg/core.a(USBCore.cpp.o)
                0x00083864                USBD_Send(unsigned long, void const*, unsigned long)
 .text._Z16USBD_SendControlhPKvm
                0x000838b0       0x40 C:\Users\marcel\AppData\Local\Temp\VMBuilds\frame_framework\arduino_due_x_dbg/core.a(USBCore.cpp.o)
                0x000838b0                USBD_SendControl(unsigned char, void const*, unsigned long)
 .text.unlikely._ZL24USB_SendStringDescriptorPKhi
                0x000838f0       0x64 C:\Users\marcel\AppData\Local\Temp\VMBuilds\frame_framework\arduino_due_x_dbg/core.a(USBCore.cpp.o)
 .text._Z16USBD_RecvControlPvm
                0x00083954       0x1c C:\Users\marcel\AppData\Local\Temp\VMBuilds\frame_framework\arduino_due_x_dbg/core.a(USBCore.cpp.o)
                0x00083954                USBD_RecvControl(void*, unsigned long)
 .text._Z26USBD_ClassInterfaceRequestR8USBSetup
                0x00083970       0x1e C:\Users\marcel\AppData\Local\Temp\VMBuilds\frame_framework\arduino_due_x_dbg/core.a(USBCore.cpp.o)
                0x00083970                USBD_ClassInterfaceRequest(USBSetup&)
 .text._Z19USBD_SendInterfacesv
                0x0008398e       0x22 C:\Users\marcel\AppData\Local\Temp\VMBuilds\frame_framework\arduino_due_x_dbg/core.a(USBCore.cpp.o)
                0x0008398e                USBD_SendInterfaces()
 .text._Z24USBD_SendOtherInterfacesv
                0x000839b0       0x22 C:\Users\marcel\AppData\Local\Temp\VMBuilds\frame_framework\arduino_due_x_dbg/core.a(USBCore.cpp.o)
                0x000839b0                USBD_SendOtherInterfaces()
 .text._Z10USBD_Flushm
                0x000839d2       0x16 C:\Users\marcel\AppData\Local\Temp\VMBuilds\frame_framework\arduino_due_x_dbg/core.a(USBCore.cpp.o)
                0x000839d2                USBD_Flush(unsigned long)
 .text._ZN10USBDevice_C2Ev
                0x000839e8       0x24 C:\Users\marcel\AppData\Local\Temp\VMBuilds\frame_framework\arduino_due_x_dbg/core.a(USBCore.cpp.o)
                0x000839e8                USBDevice_::USBDevice_()
                0x000839e8                USBDevice_::USBDevice_()
 .text._ZN10USBDevice_6attachEv
                0x00083a0c       0x20 C:\Users\marcel\AppData\Local\Temp\VMBuilds\frame_framework\arduino_due_x_dbg/core.a(USBCore.cpp.o)
                0x00083a0c                USBDevice_::attach()
 .text.startup._GLOBAL__sub_I_EndPoints
                0x00083a2c        0xc C:\Users\marcel\AppData\Local\Temp\VMBuilds\frame_framework\arduino_due_x_dbg/core.a(USBCore.cpp.o)
 .text._ZL7USB_ISRv
                0x00083a38      0x454 C:\Users\marcel\AppData\Local\Temp\VMBuilds\frame_framework\arduino_due_x_dbg/core.a(USBCore.cpp.o)
 .text.ltoa     0x00083e8c       0x6e C:\Users\marcel\AppData\Local\Temp\VMBuilds\frame_framework\arduino_due_x_dbg/core.a(itoa.c.o)
                0x00083e8c                ltoa
 .text.itoa     0x00083efa        0x4 C:\Users\marcel\AppData\Local\Temp\VMBuilds\frame_framework\arduino_due_x_dbg/core.a(itoa.c.o)
                0x00083efa                itoa
 .text.ultoa    0x00083efe       0x52 C:\Users\marcel\AppData\Local\Temp\VMBuilds\frame_framework\arduino_due_x_dbg/core.a(itoa.c.o)
                0x00083efe                ultoa
 .text.utoa     0x00083f50        0x4 C:\Users\marcel\AppData\Local\Temp\VMBuilds\frame_framework\arduino_due_x_dbg/core.a(itoa.c.o)
                0x00083f50                utoa
 .text._ZN7Serial_9availableEv
                0x00083f54       0x18 C:\Users\marcel\AppData\Local\Temp\VMBuilds\frame_framework\arduino_due_x_dbg/core.a(CDC.cpp.o)
                0x00083f54                Serial_::available()
 .text._ZN7Serial_17availableForWriteEv
                0x00083f6c        0x6 C:\Users\marcel\AppData\Local\Temp\VMBuilds\frame_framework\arduino_due_x_dbg/core.a(CDC.cpp.o)
                0x00083f6c                Serial_::availableForWrite()
 *fill*         0x00083f72        0x2 
 .text._ZN7Serial_4peekEv
                0x00083f74       0x20 C:\Users\marcel\AppData\Local\Temp\VMBuilds\frame_framework\arduino_due_x_dbg/core.a(CDC.cpp.o)
                0x00083f74                Serial_::peek()
 .text._ZN7Serial_5writeEh
                0x00083f94       0x16 C:\Users\marcel\AppData\Local\Temp\VMBuilds\frame_framework\arduino_due_x_dbg/core.a(CDC.cpp.o)
                0x00083f94                Serial_::write(unsigned char)
 *fill*         0x00083faa        0x2 
 .text._ZN7Serial_4readEv
                0x00083fac       0x44 C:\Users\marcel\AppData\Local\Temp\VMBuilds\frame_framework\arduino_due_x_dbg/core.a(CDC.cpp.o)
                0x00083fac                Serial_::read()
 .text._ZN7Serial_5flushEv
                0x00083ff0        0x6 C:\Users\marcel\AppData\Local\Temp\VMBuilds\frame_framework\arduino_due_x_dbg/core.a(CDC.cpp.o)
                0x00083ff0                Serial_::flush()
 *fill*         0x00083ff6        0x2 
 .text._ZN7Serial_6acceptEv
                0x00083ff8       0x70 C:\Users\marcel\AppData\Local\Temp\VMBuilds\frame_framework\arduino_due_x_dbg/core.a(CDC.cpp.o)
                0x00083ff8                Serial_::accept()
 .text._ZN7Serial_5writeEPKhj
                0x00084068       0x2c C:\Users\marcel\AppData\Local\Temp\VMBuilds\frame_framework\arduino_due_x_dbg/core.a(CDC.cpp.o)
                0x00084068                Serial_::write(unsigned char const*, unsigned int)
 .text._Z16CDC_GetInterfacePh
                0x00084094       0x14 C:\Users\marcel\AppData\Local\Temp\VMBuilds\frame_framework\arduino_due_x_dbg/core.a(CDC.cpp.o)
                0x00084094                CDC_GetInterface(unsigned char*)
 .text._Z21CDC_GetOtherInterfacePh
                0x000840a8       0x14 C:\Users\marcel\AppData\Local\Temp\VMBuilds\frame_framework\arduino_due_x_dbg/core.a(CDC.cpp.o)
                0x000840a8                CDC_GetOtherInterface(unsigned char*)
 .text._Z9CDC_SetupR8USBSetup
                0x000840bc       0x78 C:\Users\marcel\AppData\Local\Temp\VMBuilds\frame_framework\arduino_due_x_dbg/core.a(CDC.cpp.o)
                0x000840bc                CDC_Setup(USBSetup&)
 .text.startup._GLOBAL__sub_I_cdc_rx_buffer
                0x00084134       0x1c C:\Users\marcel\AppData\Local\Temp\VMBuilds\frame_framework\arduino_due_x_dbg/core.a(CDC.cpp.o)
 .text._ZN13PluggableUSB_12getInterfaceEPh
                0x00084150       0x28 C:\Users\marcel\AppData\Local\Temp\VMBuilds\frame_framework\arduino_due_x_dbg/core.a(PluggableUSB.cpp.o)
                0x00084150                PluggableUSB_::getInterface(unsigned char*)
 .text._ZN13PluggableUSB_13getDescriptorER8USBSetup
                0x00084178       0x1c C:\Users\marcel\AppData\Local\Temp\VMBuilds\frame_framework\arduino_due_x_dbg/core.a(PluggableUSB.cpp.o)
                0x00084178                PluggableUSB_::getDescriptor(USBSetup&)
 .text._ZN13PluggableUSB_12getShortNameEPc
                0x00084194       0x1c C:\Users\marcel\AppData\Local\Temp\VMBuilds\frame_framework\arduino_due_x_dbg/core.a(PluggableUSB.cpp.o)
                0x00084194                PluggableUSB_::getShortName(char*)
 .text._ZN13PluggableUSB_5setupER8USBSetup
                0x000841b0       0x20 C:\Users\marcel\AppData\Local\Temp\VMBuilds\frame_framework\arduino_due_x_dbg/core.a(PluggableUSB.cpp.o)
                0x000841b0                PluggableUSB_::setup(USBSetup&)
 .text._Z12PluggableUSBv
                0x000841d0       0x28 C:\Users\marcel\AppData\Local\Temp\VMBuilds\frame_framework\arduino_due_x_dbg/core.a(PluggableUSB.cpp.o)
                0x000841d0                PluggableUSB()
 .text.TimeTick_Increment
                0x000841f8       0x10 C:\Users\marcel\AppData\Local\arduino15\packages\arduino\hardware\sam\1.6.9\variants\arduino_due_x/libsam_sam3x8e_gcc_rel.a(timetick.o)
                0x000841f8                TimeTick_Increment
 .text.GetTickCount
                0x00084208        0xc C:\Users\marcel\AppData\Local\arduino15\packages\arduino\hardware\sam\1.6.9\variants\arduino_due_x/libsam_sam3x8e_gcc_rel.a(timetick.o)
                0x00084208                GetTickCount
 .text.WDT_Disable
                0x00084214        0x8 C:\Users\marcel\AppData\Local\arduino15\packages\arduino\hardware\sam\1.6.9\variants\arduino_due_x/libsam_sam3x8e_gcc_rel.a(wdt.o)
                0x00084214                WDT_Disable
 .text.UDD_SetStack
                0x0008421c        0xc C:\Users\marcel\AppData\Local\arduino15\packages\arduino\hardware\sam\1.6.9\variants\arduino_due_x/libsam_sam3x8e_gcc_rel.a(uotghs_device.o)
                0x0008421c                UDD_SetStack
 .text.UDD_Init
                0x00084228       0xd0 C:\Users\marcel\AppData\Local\arduino15\packages\arduino\hardware\sam\1.6.9\variants\arduino_due_x/libsam_sam3x8e_gcc_rel.a(uotghs_device.o)
                0x00084228                UDD_Init
 .text.UDD_Attach
                0x000842f8       0x50 C:\Users\marcel\AppData\Local\arduino15\packages\arduino\hardware\sam\1.6.9\variants\arduino_due_x/libsam_sam3x8e_gcc_rel.a(uotghs_device.o)
                0x000842f8                UDD_Attach
 .text.UDD_InitEP
                0x00084348       0x2c C:\Users\marcel\AppData\Local\arduino15\packages\arduino\hardware\sam\1.6.9\variants\arduino_due_x/libsam_sam3x8e_gcc_rel.a(uotghs_device.o)
                0x00084348                UDD_InitEP
 .text.UDD_InitEndpoints
                0x00084374       0x3c C:\Users\marcel\AppData\Local\arduino15\packages\arduino\hardware\sam\1.6.9\variants\arduino_due_x/libsam_sam3x8e_gcc_rel.a(uotghs_device.o)
                0x00084374                UDD_InitEndpoints
 .text.UDD_WaitIN
                0x000843b0       0x10 C:\Users\marcel\AppData\Local\arduino15\packages\arduino\hardware\sam\1.6.9\variants\arduino_due_x/libsam_sam3x8e_gcc_rel.a(uotghs_device.o)
                0x000843b0                UDD_WaitIN
 .text.UDD_WaitOUT
                0x000843c0       0x10 C:\Users\marcel\AppData\Local\arduino15\packages\arduino\hardware\sam\1.6.9\variants\arduino_due_x/libsam_sam3x8e_gcc_rel.a(uotghs_device.o)
                0x000843c0                UDD_WaitOUT
 .text.UDD_ClearIN
                0x000843d0       0x18 C:\Users\marcel\AppData\Local\arduino15\packages\arduino\hardware\sam\1.6.9\variants\arduino_due_x/libsam_sam3x8e_gcc_rel.a(uotghs_device.o)
                0x000843d0                UDD_ClearIN
 .text.UDD_ClearOUT
                0x000843e8       0x18 C:\Users\marcel\AppData\Local\arduino15\packages\arduino\hardware\sam\1.6.9\variants\arduino_due_x/libsam_sam3x8e_gcc_rel.a(uotghs_device.o)
                0x000843e8                UDD_ClearOUT
 .text.UDD_ReceivedSetupInt
                0x00084400       0x10 C:\Users\marcel\AppData\Local\arduino15\packages\arduino\hardware\sam\1.6.9\variants\arduino_due_x/libsam_sam3x8e_gcc_rel.a(uotghs_device.o)
                0x00084400                UDD_ReceivedSetupInt
 .text.UDD_ClearSetupInt
                0x00084410       0x10 C:\Users\marcel\AppData\Local\arduino15\packages\arduino\hardware\sam\1.6.9\variants\arduino_due_x/libsam_sam3x8e_gcc_rel.a(uotghs_device.o)
                0x00084410                UDD_ClearSetupInt
 .text.UDD_Send
                0x00084420       0x88 C:\Users\marcel\AppData\Local\arduino15\packages\arduino\hardware\sam\1.6.9\variants\arduino_due_x/libsam_sam3x8e_gcc_rel.a(uotghs_device.o)
                0x00084420                UDD_Send
 .text.UDD_Send8
                0x000844a8       0x24 C:\Users\marcel\AppData\Local\arduino15\packages\arduino\hardware\sam\1.6.9\variants\arduino_due_x/libsam_sam3x8e_gcc_rel.a(uotghs_device.o)
                0x000844a8                UDD_Send8
 .text.UDD_Recv8
                0x000844cc       0x28 C:\Users\marcel\AppData\Local\arduino15\packages\arduino\hardware\sam\1.6.9\variants\arduino_due_x/libsam_sam3x8e_gcc_rel.a(uotghs_device.o)
                0x000844cc                UDD_Recv8
 .text.UDD_Recv
                0x000844f4       0x34 C:\Users\marcel\AppData\Local\arduino15\packages\arduino\hardware\sam\1.6.9\variants\arduino_due_x/libsam_sam3x8e_gcc_rel.a(uotghs_device.o)
                0x000844f4                UDD_Recv
 .text.UDD_Stall
                0x00084528       0x14 C:\Users\marcel\AppData\Local\arduino15\packages\arduino\hardware\sam\1.6.9\variants\arduino_due_x/libsam_sam3x8e_gcc_rel.a(uotghs_device.o)
                0x00084528                UDD_Stall
 .text.UDD_FifoByteCount
                0x0008453c       0x14 C:\Users\marcel\AppData\Local\arduino15\packages\arduino\hardware\sam\1.6.9\variants\arduino_due_x/libsam_sam3x8e_gcc_rel.a(uotghs_device.o)
                0x0008453c                UDD_FifoByteCount
 .text.UDD_ReleaseRX
                0x00084550       0x28 C:\Users\marcel\AppData\Local\arduino15\packages\arduino\hardware\sam\1.6.9\variants\arduino_due_x/libsam_sam3x8e_gcc_rel.a(uotghs_device.o)
                0x00084550                UDD_ReleaseRX
 .text.UDD_ReleaseTX
                0x00084578       0x28 C:\Users\marcel\AppData\Local\arduino15\packages\arduino\hardware\sam\1.6.9\variants\arduino_due_x/libsam_sam3x8e_gcc_rel.a(uotghs_device.o)
                0x00084578                UDD_ReleaseTX
 .text.UDD_SetAddress
                0x000845a0       0x20 C:\Users\marcel\AppData\Local\arduino15\packages\arduino\hardware\sam\1.6.9\variants\arduino_due_x/libsam_sam3x8e_gcc_rel.a(uotghs_device.o)
                0x000845a0                UDD_SetAddress
 .text          0x000845c0      0x21c c:/users/marcel/appdata/local/arduino15/packages/arduino/tools/arm-none-eabi-gcc/4.8.3-2014q1/bin/../lib/gcc/arm-none-eabi/4.8.3/armv7-m\libgcc.a(_arm_addsubsf3.o)
                0x000845c0                __aeabi_frsub
                0x000845c8                __subsf3
                0x000845c8                __aeabi_fsub
                0x000845cc                __aeabi_fadd
                0x000845cc                __addsf3
                0x0008472c                __aeabi_ui2f
                0x0008472c                __floatunsisf
                0x00084734                __aeabi_i2f
                0x00084734                __floatsisf
                0x00084750                __aeabi_ul2f
                0x00084750                __floatundisf
                0x00084760                __aeabi_l2f
                0x00084760                __floatdisf
 .text          0x000847dc      0x2a0 c:/users/marcel/appdata/local/arduino15/packages/arduino/tools/arm-none-eabi-gcc/4.8.3-2014q1/bin/../lib/gcc/arm-none-eabi/4.8.3/armv7-m\libgcc.a(_arm_muldivsf3.o)
                0x000847dc                __mulsf3
                0x000847dc                __aeabi_fmul
                0x00084944                __aeabi_fdiv
                0x00084944                __divsf3
 .text          0x00084a7c       0xec c:/users/marcel/appdata/local/arduino15/packages/arduino/tools/arm-none-eabi-gcc/4.8.3-2014q1/bin/../lib/gcc/arm-none-eabi/4.8.3/armv7-m\libgcc.a(_arm_cmpsf2.o)
                0x00084a7c                __gesf2
                0x00084a7c                __gtsf2
                0x00084a84                __lesf2
                0x00084a84                __ltsf2
                0x00084a8c                __nesf2
                0x00084a8c                __eqsf2
                0x00084a8c                __cmpsf2
                0x00084aec                __aeabi_cfrcmple
                0x00084af4                __aeabi_cfcmpeq
                0x00084af4                __aeabi_cfcmple
                0x00084b04                __aeabi_fcmpeq
                0x00084b18                __aeabi_fcmplt
                0x00084b2c                __aeabi_fcmple
                0x00084b40                __aeabi_fcmpge
                0x00084b54                __aeabi_fcmpgt
 .text.__aeabi_atexit
                0x00084b68        0xc c:/users/marcel/appdata/local/arduino15/packages/arduino/tools/arm-none-eabi-gcc/4.8.3-2014q1/bin/../lib/gcc/arm-none-eabi/4.8.3/../../../../arm-none-eabi/lib/armv7-m\libg.a(lib_a-aeabi_atexit.o)
                0x00084b68                __aeabi_atexit
 .text.__assert_func
                0x00084b74       0x3c c:/users/marcel/appdata/local/arduino15/packages/arduino/tools/arm-none-eabi-gcc/4.8.3-2014q1/bin/../lib/gcc/arm-none-eabi/4.8.3/../../../../arm-none-eabi/lib/armv7-m\libg.a(lib_a-assert.o)
                0x00084b74                __assert_func
 .text.atol     0x00084bb0        0x8 c:/users/marcel/appdata/local/arduino15/packages/arduino/tools/arm-none-eabi-gcc/4.8.3-2014q1/bin/../lib/gcc/arm-none-eabi/4.8.3/../../../../arm-none-eabi/lib/armv7-m\libg.a(lib_a-atol.o)
                0x00084bb0                atol
 .text.__cxa_atexit
                0x00084bb8       0x14 c:/users/marcel/appdata/local/arduino15/packages/arduino/tools/arm-none-eabi-gcc/4.8.3-2014q1/bin/../lib/gcc/arm-none-eabi/4.8.3/../../../../arm-none-eabi/lib/armv7-m\libg.a(lib_a-cxa_atexit.o)
                0x00084bb8                __cxa_atexit
 .text.fiprintf
                0x00084bcc       0x28 c:/users/marcel/appdata/local/arduino15/packages/arduino/tools/arm-none-eabi-gcc/4.8.3-2014q1/bin/../lib/gcc/arm-none-eabi/4.8.3/../../../../arm-none-eabi/lib/armv7-m\libg.a(lib_a-fiprintf.o)
                0x00084bcc                fiprintf
 .text.__libc_init_array
                0x00084bf4       0x50 c:/users/marcel/appdata/local/arduino15/packages/arduino/tools/arm-none-eabi-gcc/4.8.3-2014q1/bin/../lib/gcc/arm-none-eabi/4.8.3/../../../../arm-none-eabi/lib/armv7-m\libg.a(lib_a-init.o)
                0x00084bf4                __libc_init_array
 .text.iprintf  0x00084c44       0x28 c:/users/marcel/appdata/local/arduino15/packages/arduino/tools/arm-none-eabi-gcc/4.8.3-2014q1/bin/../lib/gcc/arm-none-eabi/4.8.3/../../../../arm-none-eabi/lib/armv7-m\libg.a(lib_a-iprintf.o)
                0x00084c44                iprintf
 .text.malloc   0x00084c6c       0x10 c:/users/marcel/appdata/local/arduino15/packages/arduino/tools/arm-none-eabi-gcc/4.8.3-2014q1/bin/../lib/gcc/arm-none-eabi/4.8.3/../../../../arm-none-eabi/lib/armv7-m\libg.a(lib_a-malloc.o)
                0x00084c6c                malloc
 .text.free     0x00084c7c       0x10 c:/users/marcel/appdata/local/arduino15/packages/arduino/tools/arm-none-eabi-gcc/4.8.3-2014q1/bin/../lib/gcc/arm-none-eabi/4.8.3/../../../../arm-none-eabi/lib/armv7-m\libg.a(lib_a-malloc.o)
                0x00084c7c                free
 .text._malloc_r
                0x00084c8c      0x538 c:/users/marcel/appdata/local/arduino15/packages/arduino/tools/arm-none-eabi-gcc/4.8.3-2014q1/bin/../lib/gcc/arm-none-eabi/4.8.3/../../../../arm-none-eabi/lib/armv7-m\libg.a(lib_a-mallocr.o)
                0x00084c8c                _malloc_r
 .text.memcmp   0x000851c4       0x68 c:/users/marcel/appdata/local/arduino15/packages/arduino/tools/arm-none-eabi-gcc/4.8.3-2014q1/bin/../lib/gcc/arm-none-eabi/4.8.3/../../../../arm-none-eabi/lib/armv7-m\libg.a(lib_a-memcmp.o)
                0x000851c4                memcmp
 .text          0x0008522c       0xec c:/users/marcel/appdata/local/arduino15/packages/arduino/tools/arm-none-eabi-gcc/4.8.3-2014q1/bin/../lib/gcc/arm-none-eabi/4.8.3/../../../../arm-none-eabi/lib/armv7-m\libg.a(lib_a-memcpy.o)
                0x0008522c                memcpy
 .text.memmove  0x00085318       0xcc c:/users/marcel/appdata/local/arduino15/packages/arduino/tools/arm-none-eabi-gcc/4.8.3-2014q1/bin/../lib/gcc/arm-none-eabi/4.8.3/../../../../arm-none-eabi/lib/armv7-m\libg.a(lib_a-memmove.o)
                0x00085318                memmove
 .text.memset   0x000853e4       0x94 c:/users/marcel/appdata/local/arduino15/packages/arduino/tools/arm-none-eabi-gcc/4.8.3-2014q1/bin/../lib/gcc/arm-none-eabi/4.8.3/../../../../arm-none-eabi/lib/armv7-m\libg.a(lib_a-memset.o)
                0x000853e4                memset
 .text.__malloc_lock
                0x00085478        0x4 c:/users/marcel/appdata/local/arduino15/packages/arduino/tools/arm-none-eabi-gcc/4.8.3-2014q1/bin/../lib/gcc/arm-none-eabi/4.8.3/../../../../arm-none-eabi/lib/armv7-m\libg.a(lib_a-mlock.o)
                0x00085478                __malloc_lock
 .text.__malloc_unlock
                0x0008547c        0x4 c:/users/marcel/appdata/local/arduino15/packages/arduino/tools/arm-none-eabi-gcc/4.8.3-2014q1/bin/../lib/gcc/arm-none-eabi/4.8.3/../../../../arm-none-eabi/lib/armv7-m\libg.a(lib_a-mlock.o)
                0x0008547c                __malloc_unlock
 .text.realloc  0x00085480       0x10 c:/users/marcel/appdata/local/arduino15/packages/arduino/tools/arm-none-eabi-gcc/4.8.3-2014q1/bin/../lib/gcc/arm-none-eabi/4.8.3/../../../../arm-none-eabi/lib/armv7-m\libg.a(lib_a-realloc.o)
                0x00085480                realloc
 .text._realloc_r
                0x00085490      0x3c0 c:/users/marcel/appdata/local/arduino15/packages/arduino/tools/arm-none-eabi-gcc/4.8.3-2014q1/bin/../lib/gcc/arm-none-eabi/4.8.3/../../../../arm-none-eabi/lib/armv7-m\libg.a(lib_a-reallocr.o)
                0x00085490                _realloc_r
 .text._sbrk_r  0x00085850       0x24 c:/users/marcel/appdata/local/arduino15/packages/arduino/tools/arm-none-eabi-gcc/4.8.3-2014q1/bin/../lib/gcc/arm-none-eabi/4.8.3/../../../../arm-none-eabi/lib/armv7-m\libg.a(lib_a-sbrkr.o)
                0x00085850                _sbrk_r
 .text.strchr   0x00085874       0xf4 c:/users/marcel/appdata/local/arduino15/packages/arduino/tools/arm-none-eabi-gcc/4.8.3-2014q1/bin/../lib/gcc/arm-none-eabi/4.8.3/../../../../arm-none-eabi/lib/armv7-m\libg.a(lib_a-strchr.o)
                0x00085874                strchr
 .text          0x00085968      0x23c c:/users/marcel/appdata/local/arduino15/packages/arduino/tools/arm-none-eabi-gcc/4.8.3-2014q1/bin/../lib/gcc/arm-none-eabi/4.8.3/../../../../arm-none-eabi/lib/armv7-m\libg.a(lib_a-strcmp.o)
                0x00085968                strcmp
 .text.strcpy   0x00085ba4       0xbc c:/users/marcel/appdata/local/arduino15/packages/arduino/tools/arm-none-eabi-gcc/4.8.3-2014q1/bin/../lib/gcc/arm-none-eabi/4.8.3/../../../../arm-none-eabi/lib/armv7-m\libg.a(lib_a-strcpy.o)
                0x00085ba4                strcpy
 .text.strlen   0x00085c60       0x60 c:/users/marcel/appdata/local/arduino15/packages/arduino/tools/arm-none-eabi-gcc/4.8.3-2014q1/bin/../lib/gcc/arm-none-eabi/4.8.3/../../../../arm-none-eabi/lib/armv7-m\libg.a(lib_a-strlen.o)
                0x00085c60                strlen
 .text.strncpy  0x00085cc0       0x64 c:/users/marcel/appdata/local/arduino15/packages/arduino/tools/arm-none-eabi-gcc/4.8.3-2014q1/bin/../lib/gcc/arm-none-eabi/4.8.3/../../../../arm-none-eabi/lib/armv7-m\libg.a(lib_a-strncpy.o)
                0x00085cc0                strncpy
 .text._strtol_r
                0x00085d24      0x114 c:/users/marcel/appdata/local/arduino15/packages/arduino/tools/arm-none-eabi-gcc/4.8.3-2014q1/bin/../lib/gcc/arm-none-eabi/4.8.3/../../../../arm-none-eabi/lib/armv7-m\libg.a(lib_a-strtol.o)
                0x00085d24                _strtol_r
 .text.strtol   0x00085e38       0x18 c:/users/marcel/appdata/local/arduino15/packages/arduino/tools/arm-none-eabi-gcc/4.8.3-2014q1/bin/../lib/gcc/arm-none-eabi/4.8.3/../../../../arm-none-eabi/lib/armv7-m\libg.a(lib_a-strtol.o)
                0x00085e38                strtol
 .text.kill     0x00085e50       0x10 c:/users/marcel/appdata/local/arduino15/packages/arduino/tools/arm-none-eabi-gcc/4.8.3-2014q1/bin/../lib/gcc/arm-none-eabi/4.8.3/../../../../arm-none-eabi/lib/armv7-m\libg.a(lib_a-syskill.o)
                0x00085e50                kill
 .text.__sprint_r.part.0
                0x00085e60       0x78 c:/users/marcel/appdata/local/arduino15/packages/arduino/tools/arm-none-eabi-gcc/4.8.3-2014q1/bin/../lib/gcc/arm-none-eabi/4.8.3/../../../../arm-none-eabi/lib/armv7-m\libg.a(lib_a-vfiprintf.o)
 .text._vfiprintf_r
                0x00085ed8      0xc54 c:/users/marcel/appdata/local/arduino15/packages/arduino/tools/arm-none-eabi-gcc/4.8.3-2014q1/bin/../lib/gcc/arm-none-eabi/4.8.3/../../../../arm-none-eabi/lib/armv7-m\libg.a(lib_a-vfiprintf.o)
                0x00085ed8                _vfiprintf_r
 .text.__sbprintf
                0x00086b2c       0x7c c:/users/marcel/appdata/local/arduino15/packages/arduino/tools/arm-none-eabi-gcc/4.8.3-2014q1/bin/../lib/gcc/arm-none-eabi/4.8.3/../../../../arm-none-eabi/lib/armv7-m\libg.a(lib_a-vfiprintf.o)
 .text.__swsetup_r
                0x00086ba8       0xc4 c:/users/marcel/appdata/local/arduino15/packages/arduino/tools/arm-none-eabi-gcc/4.8.3-2014q1/bin/../lib/gcc/arm-none-eabi/4.8.3/../../../../arm-none-eabi/lib/armv7-m\libg.a(lib_a-wsetup.o)
                0x00086ba8                __swsetup_r
 .text.__register_exitproc
                0x00086c6c       0xa8 c:/users/marcel/appdata/local/arduino15/packages/arduino/tools/arm-none-eabi-gcc/4.8.3-2014q1/bin/../lib/gcc/arm-none-eabi/4.8.3/../../../../arm-none-eabi/lib/armv7-m\libg.a(lib_a-__atexit.o)
                0x00086c6c                __register_exitproc
 .text.startup.register_fini
                0x00086d14       0x14 c:/users/marcel/appdata/local/arduino15/packages/arduino/tools/arm-none-eabi-gcc/4.8.3-2014q1/bin/../lib/gcc/arm-none-eabi/4.8.3/../../../../arm-none-eabi/lib/armv7-m\libg.a(lib_a-__call_atexit.o)
 .text.abort    0x00086d28       0x10 c:/users/marcel/appdata/local/arduino15/packages/arduino/tools/arm-none-eabi-gcc/4.8.3-2014q1/bin/../lib/gcc/arm-none-eabi/4.8.3/../../../../arm-none-eabi/lib/armv7-m\libg.a(lib_a-abort.o)
                0x00086d28                abort
 .text.atexit   0x00086d38        0xc c:/users/marcel/appdata/local/arduino15/packages/arduino/tools/arm-none-eabi-gcc/4.8.3-2014q1/bin/../lib/gcc/arm-none-eabi/4.8.3/../../../../arm-none-eabi/lib/armv7-m\libg.a(lib_a-atexit.o)
                0x00086d38                atexit
 .text.__sflush_r
                0x00086d44      0x148 c:/users/marcel/appdata/local/arduino15/packages/arduino/tools/arm-none-eabi-gcc/4.8.3-2014q1/bin/../lib/gcc/arm-none-eabi/4.8.3/../../../../arm-none-eabi/lib/armv7-m\libg.a(lib_a-fflush.o)
                0x00086d44                __sflush_r
 .text._fflush_r
                0x00086e8c       0x2c c:/users/marcel/appdata/local/arduino15/packages/arduino/tools/arm-none-eabi-gcc/4.8.3-2014q1/bin/../lib/gcc/arm-none-eabi/4.8.3/../../../../arm-none-eabi/lib/armv7-m\libg.a(lib_a-fflush.o)
                0x00086e8c                _fflush_r
 .text._cleanup_r
                0x00086eb8        0xc c:/users/marcel/appdata/local/arduino15/packages/arduino/tools/arm-none-eabi-gcc/4.8.3-2014q1/bin/../lib/gcc/arm-none-eabi/4.8.3/../../../../arm-none-eabi/lib/armv7-m\libg.a(lib_a-findfp.o)
                0x00086eb8                _cleanup_r
 .text.__sinit  0x00086ec4       0xf4 c:/users/marcel/appdata/local/arduino15/packages/arduino/tools/arm-none-eabi-gcc/4.8.3-2014q1/bin/../lib/gcc/arm-none-eabi/4.8.3/../../../../arm-none-eabi/lib/armv7-m\libg.a(lib_a-findfp.o)
                0x00086ec4                __sinit
 .text.__sfp_lock_acquire
                0x00086fb8        0x4 c:/users/marcel/appdata/local/arduino15/packages/arduino/tools/arm-none-eabi-gcc/4.8.3-2014q1/bin/../lib/gcc/arm-none-eabi/4.8.3/../../../../arm-none-eabi/lib/armv7-m\libg.a(lib_a-findfp.o)
                0x00086fb8                __sfp_lock_acquire
 .text.__sfp_lock_release
                0x00086fbc        0x4 c:/users/marcel/appdata/local/arduino15/packages/arduino/tools/arm-none-eabi-gcc/4.8.3-2014q1/bin/../lib/gcc/arm-none-eabi/4.8.3/../../../../arm-none-eabi/lib/armv7-m\libg.a(lib_a-findfp.o)
                0x00086fbc                __sfp_lock_release
 .text.__libc_fini_array
                0x00086fc0       0x30 c:/users/marcel/appdata/local/arduino15/packages/arduino/tools/arm-none-eabi-gcc/4.8.3-2014q1/bin/../lib/gcc/arm-none-eabi/4.8.3/../../../../arm-none-eabi/lib/armv7-m\libg.a(lib_a-fini.o)
                0x00086fc0                __libc_fini_array
 .text._fputwc_r
                0x00086ff0       0xc0 c:/users/marcel/appdata/local/arduino15/packages/arduino/tools/arm-none-eabi-gcc/4.8.3-2014q1/bin/../lib/gcc/arm-none-eabi/4.8.3/../../../../arm-none-eabi/lib/armv7-m\libg.a(lib_a-fputwc.o)
                0x00086ff0                _fputwc_r
 .text._malloc_trim_r
                0x000870b0       0x9c c:/users/marcel/appdata/local/arduino15/packages/arduino/tools/arm-none-eabi-gcc/4.8.3-2014q1/bin/../lib/gcc/arm-none-eabi/4.8.3/../../../../arm-none-eabi/lib/armv7-m\libg.a(lib_a-freer.o)
                0x000870b0                _malloc_trim_r
 .text._free_r  0x0008714c      0x198 c:/users/marcel/appdata/local/arduino15/packages/arduino/tools/arm-none-eabi-gcc/4.8.3-2014q1/bin/../lib/gcc/arm-none-eabi/4.8.3/../../../../arm-none-eabi/lib/armv7-m\libg.a(lib_a-freer.o)
                0x0008714c                _free_r
 .text.__sfvwrite_r
                0x000872e4      0x314 c:/users/marcel/appdata/local/arduino15/packages/arduino/tools/arm-none-eabi-gcc/4.8.3-2014q1/bin/../lib/gcc/arm-none-eabi/4.8.3/../../../../arm-none-eabi/lib/armv7-m\libg.a(lib_a-fvwrite.o)
                0x000872e4                __sfvwrite_r
 .text._fwalk   0x000875f8       0x48 c:/users/marcel/appdata/local/arduino15/packages/arduino/tools/arm-none-eabi-gcc/4.8.3-2014q1/bin/../lib/gcc/arm-none-eabi/4.8.3/../../../../arm-none-eabi/lib/armv7-m\libg.a(lib_a-fwalk.o)
                0x000875f8                _fwalk
 .text.__locale_charset
                0x00087640        0x8 c:/users/marcel/appdata/local/arduino15/packages/arduino/tools/arm-none-eabi-gcc/4.8.3-2014q1/bin/../lib/gcc/arm-none-eabi/4.8.3/../../../../arm-none-eabi/lib/armv7-m\libg.a(lib_a-locale.o)
                0x00087640                __locale_charset
 .text.__locale_mb_cur_max
                0x00087648        0xc c:/users/marcel/appdata/local/arduino15/packages/arduino/tools/arm-none-eabi-gcc/4.8.3-2014q1/bin/../lib/gcc/arm-none-eabi/4.8.3/../../../../arm-none-eabi/lib/armv7-m\libg.a(lib_a-locale.o)
                0x00087648                __locale_mb_cur_max
 .text.__smakebuf_r
                0x00087654       0xe0 c:/users/marcel/appdata/local/arduino15/packages/arduino/tools/arm-none-eabi-gcc/4.8.3-2014q1/bin/../lib/gcc/arm-none-eabi/4.8.3/../../../../arm-none-eabi/lib/armv7-m\libg.a(lib_a-makebuf.o)
                0x00087654                __smakebuf_r
 .text.memchr   0x00087734       0x94 c:/users/marcel/appdata/local/arduino15/packages/arduino/tools/arm-none-eabi-gcc/4.8.3-2014q1/bin/../lib/gcc/arm-none-eabi/4.8.3/../../../../arm-none-eabi/lib/armv7-m\libg.a(lib_a-memchr-stub.o)
                0x00087734                memchr
 .text._raise_r
                0x000877c8       0x58 c:/users/marcel/appdata/local/arduino15/packages/arduino/tools/arm-none-eabi-gcc/4.8.3-2014q1/bin/../lib/gcc/arm-none-eabi/4.8.3/../../../../arm-none-eabi/lib/armv7-m\libg.a(lib_a-signal.o)
                0x000877c8                _raise_r
 .text.raise    0x00087820       0x10 c:/users/marcel/appdata/local/arduino15/packages/arduino/tools/arm-none-eabi-gcc/4.8.3-2014q1/bin/../lib/gcc/arm-none-eabi/4.8.3/../../../../arm-none-eabi/lib/armv7-m\libg.a(lib_a-signal.o)
                0x00087820                raise
 .text._kill_r  0x00087830       0x28 c:/users/marcel/appdata/local/arduino15/packages/arduino/tools/arm-none-eabi-gcc/4.8.3-2014q1/bin/../lib/gcc/arm-none-eabi/4.8.3/../../../../arm-none-eabi/lib/armv7-m\libg.a(lib_a-signalr.o)
                0x00087830                _kill_r
 .text._getpid_r
                0x00087858        0x4 c:/users/marcel/appdata/local/arduino15/packages/arduino/tools/arm-none-eabi-gcc/4.8.3-2014q1/bin/../lib/gcc/arm-none-eabi/4.8.3/../../../../arm-none-eabi/lib/armv7-m\libg.a(lib_a-signalr.o)
                0x00087858                _getpid_r
 .text.__sread  0x0008785c       0x24 c:/users/marcel/appdata/local/arduino15/packages/arduino/tools/arm-none-eabi-gcc/4.8.3-2014q1/bin/../lib/gcc/arm-none-eabi/4.8.3/../../../../arm-none-eabi/lib/armv7-m\libg.a(lib_a-stdio.o)
                0x0008785c                __sread
 .text.__swrite
                0x00087880       0x38 c:/users/marcel/appdata/local/arduino15/packages/arduino/tools/arm-none-eabi-gcc/4.8.3-2014q1/bin/../lib/gcc/arm-none-eabi/4.8.3/../../../../arm-none-eabi/lib/armv7-m\libg.a(lib_a-stdio.o)
                0x00087880                __swrite
 .text.__sseek  0x000878b8       0x20 c:/users/marcel/appdata/local/arduino15/packages/arduino/tools/arm-none-eabi-gcc/4.8.3-2014q1/bin/../lib/gcc/arm-none-eabi/4.8.3/../../../../arm-none-eabi/lib/armv7-m\libg.a(lib_a-stdio.o)
                0x000878b8                __sseek
 .text.__sclose
                0x000878d8        0x8 c:/users/marcel/appdata/local/arduino15/packages/arduino/tools/arm-none-eabi-gcc/4.8.3-2014q1/bin/../lib/gcc/arm-none-eabi/4.8.3/../../../../arm-none-eabi/lib/armv7-m\libg.a(lib_a-stdio.o)
                0x000878d8                __sclose
 .text.__swbuf_r
                0x000878e0       0xa8 c:/users/marcel/appdata/local/arduino15/packages/arduino/tools/arm-none-eabi-gcc/4.8.3-2014q1/bin/../lib/gcc/arm-none-eabi/4.8.3/../../../../arm-none-eabi/lib/armv7-m\libg.a(lib_a-wbuf.o)
                0x000878e0                __swbuf_r
 .text._wcrtomb_r
                0x00087988       0x50 c:/users/marcel/appdata/local/arduino15/packages/arduino/tools/arm-none-eabi-gcc/4.8.3-2014q1/bin/../lib/gcc/arm-none-eabi/4.8.3/../../../../arm-none-eabi/lib/armv7-m\libg.a(lib_a-wcrtomb.o)
                0x00087988                _wcrtomb_r
 .text.__ascii_wctomb
                0x000879d8       0x1c c:/users/marcel/appdata/local/arduino15/packages/arduino/tools/arm-none-eabi-gcc/4.8.3-2014q1/bin/../lib/gcc/arm-none-eabi/4.8.3/../../../../arm-none-eabi/lib/armv7-m\libg.a(lib_a-wctomb_r.o)
                0x000879d8                __ascii_wctomb