Archive member included because of file (symbol)

C:\Users\marcel\AppData\Local\arduino15\packages\arduino\hardware\sam\1.6.9\variants\arduino_due_x/libsam_sam3x8e_gcc_rel.a(pio.o)
                              C:\Users\marcel\AppData\Local\Temp\VMicroBuilds\frame_framework\arduino_due_x_dbg\SPI\SPI.cpp.o (PIO_Configure)
C:\Users\marcel\AppData\Local\arduino15\packages\arduino\hardware\sam\1.6.9\variants\arduino_due_x/libsam_sam3x8e_gcc_rel.a(pmc.o)
                              C:\Users\marcel\AppData\Local\Temp\VMicroBuilds\frame_framework\arduino_due_x_dbg\Adafruit_NeoPixel\Adafruit_NeoPixel.cpp.o (pmc_enable_periph_clk)
C:\Users\marcel\AppData\Local\arduino15\packages\arduino\hardware\sam\1.6.9\variants\arduino_due_x/libsam_sam3x8e_gcc_rel.a(spi.o)
                              C:\Users\marcel\AppData\Local\Temp\VMicroBuilds\frame_framework\arduino_due_x_dbg\SPI\SPI.cpp.o (SPI_Enable)
C:\Users\marcel\AppData\Local\arduino15\packages\arduino\hardware\sam\1.6.9\variants\arduino_due_x/libsam_sam3x8e_gcc_rel.a(tc.o)
                              C:\Users\marcel\AppData\Local\Temp\VMicroBuilds\frame_framework\arduino_due_x_dbg\Adafruit_NeoPixel\Adafruit_NeoPixel.cpp.o (TC_Configure)
C:\Users\marcel\AppData\Local\arduino15\packages\arduino\hardware\sam\1.6.9\variants\arduino_due_x/libsam_sam3x8e_gcc_rel.a(system_sam3xa.o)
                              C:\Users\marcel\AppData\Local\Temp\VMicroBuilds\frame_framework\arduino_due_x_dbg\variant\variant.cpp.o (SystemInit)
C:\Users\marcel\AppData\Local\arduino15\packages\arduino\hardware\sam\1.6.9\variants\arduino_due_x/libsam_sam3x8e_gcc_rel.a(startup_sam3xa.o)
                              (Reset_Handler)
C:\Users\marcel\AppData\Local\arduino15\packages\arduino\hardware\sam\1.6.9\variants\arduino_due_x/libsam_sam3x8e_gcc_rel.a(adc.o)
                              C:\Users\marcel\AppData\Local\Temp\VMicroBuilds\frame_framework\arduino_due_x_dbg\variant\variant.cpp.o (adc_init)
C:\Users\marcel\AppData\Local\arduino15\packages\arduino\hardware\sam\1.6.9\variants\arduino_due_x/libsam_sam3x8e_gcc_rel.a(uotghs.o)
                              C:\Users\marcel\AppData\Local\arduino15\packages\arduino\hardware\sam\1.6.9\variants\arduino_due_x/libsam_sam3x8e_gcc_rel.a(startup_sam3xa.o) (UOTGHS_Handler)
C:\Users\marcel\AppData\Local\Temp\VMicroBuilds\frame_framework\arduino_due_x_dbg/core.a(cortex_handlers.c.o)
                              C:\Users\marcel\AppData\Local\arduino15\packages\arduino\hardware\sam\1.6.9\variants\arduino_due_x/libsam_sam3x8e_gcc_rel.a(startup_sam3xa.o) (NMI_Handler)
C:\Users\marcel\AppData\Local\Temp\VMicroBuilds\frame_framework\arduino_due_x_dbg/core.a(hooks.c.o)
                              C:\Users\marcel\AppData\Local\Temp\VMicroBuilds\frame_framework\arduino_due_x_dbg/core.a(cortex_handlers.c.o) (sysTickHook)
C:\Users\marcel\AppData\Local\Temp\VMicroBuilds\frame_framework\arduino_due_x_dbg/core.a(syscalls_sam3.c.o)
                              (_sbrk)
C:\Users\marcel\AppData\Local\Temp\VMicroBuilds\frame_framework\arduino_due_x_dbg/core.a(wiring.c.o)
                              C:\Users\marcel\AppData\Local\Temp\VMicroBuilds\frame_framework\arduino_due_x_dbg\frame_framework.cpp.o (millis)
C:\Users\marcel\AppData\Local\Temp\VMicroBuilds\frame_framework\arduino_due_x_dbg/core.a(wiring_analog.c.o)
                              C:\Users\marcel\AppData\Local\Temp\VMicroBuilds\frame_framework\arduino_due_x_dbg\variant\variant.cpp.o (analogOutputInit)
C:\Users\marcel\AppData\Local\Temp\VMicroBuilds\frame_framework\arduino_due_x_dbg/core.a(wiring_digital.c.o)
                              C:\Users\marcel\AppData\Local\Temp\VMicroBuilds\frame_framework\arduino_due_x_dbg\SPI\SPI.cpp.o (pinMode)
C:\Users\marcel\AppData\Local\Temp\VMicroBuilds\frame_framework\arduino_due_x_dbg/core.a(abi.cpp.o)
                              C:\Users\marcel\AppData\Local\Temp\VMicroBuilds\frame_framework\arduino_due_x_dbg\SD\File.cpp.o (__cxa_pure_virtual)
C:\Users\marcel\AppData\Local\Temp\VMicroBuilds\frame_framework\arduino_due_x_dbg/core.a(main.cpp.o)
                              c:/users/marcel/appdata/local/arduino15/packages/arduino/tools/arm-none-eabi-gcc/4.8.3-2014q1/bin/../lib/gcc/arm-none-eabi/4.8.3/../../../../arm-none-eabi/lib/armv7-m/crt0.o (main)
C:\Users\marcel\AppData\Local\Temp\VMicroBuilds\frame_framework\arduino_due_x_dbg/core.a(Print.cpp.o)
                              C:\Users\marcel\AppData\Local\Temp\VMicroBuilds\frame_framework\arduino_due_x_dbg\SD\File.cpp.o (Print::write(unsigned char const*, unsigned int))
C:\Users\marcel\AppData\Local\Temp\VMicroBuilds\frame_framework\arduino_due_x_dbg/core.a(Reset.cpp.o)
                              C:\Users\marcel\AppData\Local\Temp\VMicroBuilds\frame_framework\arduino_due_x_dbg/core.a(cortex_handlers.c.o) (tickReset)
C:\Users\marcel\AppData\Local\Temp\VMicroBuilds\frame_framework\arduino_due_x_dbg/core.a(RingBuffer.cpp.o)
[...]
Memory Configuration

Name             Origin             Length             Attributes
rom              0x00080000         0x00080000         xr
sram0            0x20000000         0x00010000         xrw
sram1            0x20080000         0x00008000         xrw
ram              0x20070000         0x00018000         xrw
*default*        0x00000000         0xffffffff

Linker script and memory map

LOAD c:/users/marcel/appdata/local/arduino15/packages/arduino/tools/arm-none-eabi-gcc/4.8.3-2014q1/bin/../lib/gcc/arm-none-eabi/4.8.3/armv7-m/crti.o
LOAD c:/users/marcel/appdata/local/arduino15/packages/arduino/tools/arm-none-eabi-gcc/4.8.3-2014q1/bin/../lib/gcc/arm-none-eabi/4.8.3/armv7-m/crtbegin.o
LOAD c:/users/marcel/appdata/local/arduino15/packages/arduino/tools/arm-none-eabi-gcc/4.8.3-2014q1/bin/../lib/gcc/arm-none-eabi/4.8.3/../../../../arm-none-eabi/lib/armv7-m/crt0.o
START GROUP
LOAD C:\Users\marcel\AppData\Local\Temp\VMicroBuilds\frame_framework\arduino_due_x_dbg\frame_framework.cpp.o
LOAD C:\Users\marcel\AppData\Local\Temp\VMicroBuilds\frame_framework\arduino_due_x_dbg\SPI\SPI.cpp.o
LOAD C:\Users\marcel\AppData\Local\Temp\VMicroBuilds\frame_framework\arduino_due_x_dbg\SD\File.cpp.o
LOAD C:\Users\marcel\AppData\Local\Temp\VMicroBuilds\frame_framework\arduino_due_x_dbg\SD\SD.cpp.o
LOAD C:\Users\marcel\AppData\Local\Temp\VMicroBuilds\frame_framework\arduino_due_x_dbg\SD\utility\Sd2Card.cpp.o
LOAD C:\Users\marcel\AppData\Local\Temp\VMicroBuilds\frame_framework\arduino_due_x_dbg\SD\utility\SdFile.cpp.o
LOAD C:\Users\marcel\AppData\Local\Temp\VMicroBuilds\frame_framework\arduino_due_x_dbg\SD\utility\SdVolume.cpp.o
LOAD C:\Users\marcel\AppData\Local\Temp\VMicroBuilds\frame_framework\arduino_due_x_dbg\Adafruit_NeoPixel\esp8266.c.o
LOAD C:\Users\marcel\AppData\Local\Temp\VMicroBuilds\frame_framework\arduino_due_x_dbg\Adafruit_NeoPixel\Adafruit_NeoPixel.cpp.o
LOAD C:\Users\marcel\AppData\Local\Temp\VMicroBuilds\frame_framework\arduino_due_x_dbg\variant\variant.cpp.o
LOAD C:\Users\marcel\AppData\Local\arduino15\packages\arduino\hardware\sam\1.6.9\variants\arduino_due_x/libsam_sam3x8e_gcc_rel.a
LOAD C:\Users\marcel\AppData\Local\Temp\VMicroBuilds\frame_framework\arduino_due_x_dbg/core.a
END GROUP
LOAD c:/users/marcel/appdata/local/arduino15/packages/arduino/tools/arm-none-eabi-gcc/4.8.3-2014q1/bin/../lib/gcc/arm-none-eabi/4.8.3/../../../../arm-none-eabi/lib/armv7-m\libm.a
START GROUP
LOAD c:/users/marcel/appdata/local/arduino15/packages/arduino/tools/arm-none-eabi-gcc/4.8.3-2014q1/bin/../lib/gcc/arm-none-eabi/4.8.3/armv7-m\libgcc.a
LOAD c:/users/marcel/appdata/local/arduino15/packages/arduino/tools/arm-none-eabi-gcc/4.8.3-2014q1/bin/../lib/gcc/arm-none-eabi/4.8.3/../../../../arm-none-eabi/lib/armv7-m\libg.a
LOAD c:/users/marcel/appdata/local/arduino15/packages/arduino/tools/arm-none-eabi-gcc/4.8.3-2014q1/bin/../lib/gcc/arm-none-eabi/4.8.3/../../../../arm-none-eabi/lib/armv7-m\libc.a
END GROUP
LOAD c:/users/marcel/appdata/local/arduino15/packages/arduino/tools/arm-none-eabi-gcc/4.8.3-2014q1/bin/../lib/gcc/arm-none-eabi/4.8.3/armv7-m/crtend.o
LOAD c:/users/marcel/appdata/local/arduino15/packages/arduino/tools/arm-none-eabi-gcc/4.8.3-2014q1/bin/../lib/gcc/arm-none-eabi/4.8.3/armv7-m/crtn.o

.text           0x00080000     0x9320
                0x00080000                . = ALIGN (0x4)
                0x00080000                _sfixed = .
 *(.vectors .vectors.*)
 .vectors       0x00080000       0xf4 C:\Users\marcel\AppData\Local\arduino15\packages\arduino\hardware\sam\1.6.9\variants\arduino_due_x/libsam_sam3x8e_gcc_rel.a(startup_sam3xa.o)
                0x00080000                exception_table
 *(.text .text.* .gnu.linkonce.t.*)
 .text          0x000800f4       0x54 c:/users/marcel/appdata/local/arduino15/packages/arduino/tools/arm-none-eabi-gcc/4.8.3-2014q1/bin/../lib/gcc/arm-none-eabi/4.8.3/armv7-m/crtbegin.o
 .text._ZN10FRM_ANCHORD2Ev
                0x00080148        0x2 C:\Users\marcel\AppData\Local\Temp\VMicroBuilds\frame_framework\arduino_due_x_dbg\frame_framework.cpp.o
                0x00080148                FRM_ANCHOR::~FRM_ANCHOR()
                0x00080148                FRM_ANCHOR::~FRM_ANCHOR()
 *fill*         0x0008014a        0x2 
 .text._Z12write_to_ramjh.part.2
                0x0008014c       0x10 C:\Users\marcel\AppData\Local\Temp\VMicroBuilds\frame_framework\arduino_due_x_dbg\frame_framework.cpp.o
 .text._Z13read_from_ramj
                0x0008015c       0x28 C:\Users\marcel\AppData\Local\Temp\VMicroBuilds\frame_framework\arduino_due_x_dbg\frame_framework.cpp.o
                0x0008015c                read_from_ram(unsigned int)
 .text._Z8init_ramv
                0x00080184       0x18 C:\Users\marcel\AppData\Local\Temp\VMicroBuilds\frame_framework\arduino_due_x_dbg\frame_framework.cpp.o
                0x00080184                init_ram()
 .text._Z8getValue6Stringci
                0x0008019c       0x74 C:\Users\marcel\AppData\Local\Temp\VMicroBuilds\frame_framework\arduino_due_x_dbg\frame_framework.cpp.o
                0x0008019c                getValue(String, char, int)
 .text._ZN15SD_FRAME_HEADER12print_headerEv
                0x00080210       0x7c C:\Users\marcel\AppData\Local\Temp\VMicroBuilds\frame_framework\arduino_due_x_dbg\frame_framework.cpp.o
                0x00080210                SD_FRAME_HEADER::print_header()
 .text._ZN15SD_FRAME_HEADER8read_ramEi
                0x0008028c       0x30 C:\Users\marcel\AppData\Local\Temp\VMicroBuilds\frame_framework\arduino_due_x_dbg\frame_framework.cpp.o
                0x0008028c                SD_FRAME_HEADER::read_ram(int)
 .text._Z11clear_layeri
                0x000802bc       0x24 C:\Users\marcel\AppData\Local\Temp\VMicroBuilds\frame_framework\arduino_due_x_dbg\frame_framework.cpp.o
                0x000802bc                clear_layer(int)
 .text._Z16clear_all_layersv
                0x000802e0       0x12 C:\Users\marcel\AppData\Local\Temp\VMicroBuilds\frame_framework\arduino_due_x_dbg\frame_framework.cpp.o
                0x000802e0                clear_all_layers()
 *fill*         0x000802f2        0x2 
 .text._Z18clear_output_layerv
                0x000802f4       0x3c C:\Users\marcel\AppData\Local\Temp\VMicroBuilds\frame_framework\arduino_due_x_dbg\frame_framework.cpp.o
                0x000802f4                clear_output_layer()
 .text._Z17show_output_layerv
                0x00080330       0xa4 C:\Users\marcel\AppData\Local\Temp\VMicroBuilds\frame_framework\arduino_due_x_dbg\frame_framework.cpp.o
                0x00080330                show_output_layer()
 .text._Z21generate_output_layerb
                0x000803d4      0x100 C:\Users\marcel\AppData\Local\Temp\VMicroBuilds\frame_framework\arduino_due_x_dbg\frame_framework.cpp.o
                0x000803d4                generate_output_layer(bool)
 .text._Z19read_frame_to_layerjjjiP15SD_FRAME_HEADER
                0x000804d4       0xb8 C:\Users\marcel\AppData\Local\Temp\VMicroBuilds\frame_framework\arduino_due_x_dbg\frame_framework.cpp.o
                0x000804d4                read_frame_to_layer(unsigned int, unsigned int, unsigned int, int, SD_FRAME_HEADER*)
 .text.loop     0x0008058c       0x38 C:\Users\marcel\AppData\Local\Temp\VMicroBuilds\frame_framework\arduino_due_x_dbg\frame_framework.cpp.o
                0x0008058c                loop
 .text.startup._GLOBAL__sub_I_layer_intense
                0x000805c4      0x6f0 C:\Users\marcel\AppData\Local\Temp\VMicroBuilds\frame_framework\arduino_due_x_dbg\frame_framework.cpp.o
 .text._Z26write_sd_animation_to_sramPKcPjhj
                0x00080cb4      0x300 C:\Users\marcel\AppData\Local\Temp\VMicroBuilds\frame_framework\arduino_due_x_dbg\frame_framework.cpp.o
                0x00080cb4                write_sd_animation_to_sram(char const*, unsigned int*, unsigned char, unsigned int)
 .text.setup    0x00080fb4       0xc4 C:\Users\marcel\AppData\Local\Temp\VMicroBuilds\frame_framework\arduino_due_x_dbg\frame_framework.cpp.o
                0x00080fb4                setup
 .text._ZL10SPI_0_Initv
                0x00081078       0x48 C:\Users\marcel\AppData\Local\Temp\VMicroBuilds\frame_framework\arduino_due_x_dbg\SPI\SPI.cpp.o
 .text._ZN8SPIClass4initEv
                0x000810c0       0x36 C:\Users\marcel\AppData\Local\Temp\VMicroBuilds\frame_framework\arduino_due_x_dbg\SPI\SPI.cpp.o
                0x000810c0                SPIClass::init()
 *fill*         0x000810f6        0x2 
 .text._ZN8SPIClass16beginTransactionEh11SPISettings
                0x000810f8       0x98 C:\Users\marcel\AppData\Local\Temp\VMicroBuilds\frame_framework\arduino_due_x_dbg\SPI\SPI.cpp.o
                0x000810f8                SPIClass::beginTransaction(unsigned char, SPISettings)
 .text._ZN8SPIClass14endTransactionEv
                0x00081190       0x50 C:\Users\marcel\AppData\Local\Temp\VMicroBuilds\frame_framework\arduino_due_x_dbg\SPI\SPI.cpp.o
                0x00081190                SPIClass::endTransaction()
 .text._ZN8SPIClass11setDataModeEhh
                0x000811e0       0x34 C:\Users\marcel\AppData\Local\Temp\VMicroBuilds\frame_framework\arduino_due_x_dbg\SPI\SPI.cpp.o
                0x000811e0                SPIClass::setDataMode(unsigned char, unsigned char)
 .text._ZN8SPIClass15setClockDividerEhh
                0x00081214       0x2e C:\Users\marcel\AppData\Local\Temp\VMicroBuilds\frame_framework\arduino_due_x_dbg\SPI\SPI.cpp.o
                0x00081214                SPIClass::setClockDivider(unsigned char, unsigned char)
 .text._ZN8SPIClass5beginEv
                0x00081242       0x22 C:\Users\marcel\AppData\Local\Temp\VMicroBuilds\frame_framework\arduino_due_x_dbg\SPI\SPI.cpp.o
                0x00081242                SPIClass::begin()
 .text._ZN8SPIClass8transferEhh15SPITransferMode
                0x00081264       0x5e C:\Users\marcel\AppData\Local\Temp\VMicroBuilds\frame_framework\arduino_due_x_dbg\SPI\SPI.cpp.o
                0x00081264                SPIClass::transfer(unsigned char, unsigned char, SPITransferMode)
 *fill*         0x000812c2        0x2 
 .text.startup._GLOBAL__sub_I__ZN8SPIClassC2EP3SpimPFvvE
                0x000812c4       0x24 C:\Users\marcel\AppData\Local\Temp\VMicroBuilds\frame_framework\arduino_due_x_dbg\SPI\SPI.cpp.o
 .text._ZN5SDLib4File5writeEh
                0x000812e8       0x16 C:\Users\marcel\AppData\Local\Temp\VMicroBuilds\frame_framework\arduino_due_x_dbg\SD\File.cpp.o
                0x000812e8                SDLib::File::write(unsigned char)
 .text._ZN5SDLib4File5writeEPKhj
                0x000812fe       0x26 C:\Users\marcel\AppData\Local\Temp\VMicroBuilds\frame_framework\arduino_due_x_dbg\SD\File.cpp.o
                0x000812fe                SDLib::File::write(unsigned char const*, unsigned int)
 .text._ZN5SDLib4File5flushEv
                0x00081324        0xa C:\Users\marcel\AppData\Local\Temp\VMicroBuilds\frame_framework\arduino_due_x_dbg\SD\File.cpp.o
                0x00081324                SDLib::File::flush()
 .text._ZN6SdFile4readEv
                0x0008132e       0x20 C:\Users\marcel\AppData\Local\Temp\VMicroBuilds\frame_framework\arduino_due_x_dbg\SD\File.cpp.o
                0x0008132e                SdFile::read()
 .text._ZN5SDLib4File4readEv
                0x0008134e       0x12 C:\Users\marcel\AppData\Local\Temp\VMicroBuilds\frame_framework\arduino_due_x_dbg\SD\File.cpp.o
                0x0008134e                SDLib::File::read()
 .text._ZN5SDLib4File4peekEv
                0x00081360       0x20 C:\Users\marcel\AppData\Local\Temp\VMicroBuilds\frame_framework\arduino_due_x_dbg\SD\File.cpp.o
                0x00081360                SDLib::File::peek()
 .text._ZN5SDLib4FileC2E6SdFilePKc
                0x00081380       0x50 C:\Users\marcel\AppData\Local\Temp\VMicroBuilds\frame_framework\arduino_due_x_dbg\SD\File.cpp.o
                0x00081380                SDLib::File::File(SdFile, char const*)
                0x00081380                SDLib::File::File(SdFile, char const*)
 .text._ZN5SDLib4FileC2Ev
                0x000813d0       0x18 C:\Users\marcel\AppData\Local\Temp\VMicroBuilds\frame_framework\arduino_due_x_dbg\SD\File.cpp.o
                0x000813d0                SDLib::File::File()
                0x000813d0                SDLib::File::File()
 .text._ZN5SDLib4File8positionEv
                0x000813e8        0xe C:\Users\marcel\AppData\Local\Temp\VMicroBuilds\frame_framework\arduino_due_x_dbg\SD\File.cpp.o
                0x000813e8                SDLib::File::position()
 .text._ZN5SDLib4File4sizeEv
                0x000813f6        0x8 C:\Users\marcel\AppData\Local\Temp\VMicroBuilds\frame_framework\arduino_due_x_dbg\SD\File.cpp.o
                0x000813f6                SDLib::File::size()
 .text._ZN5SDLib4File9availableEv
                0x000813fe       0x26 C:\Users\marcel\AppData\Local\Temp\VMicroBuilds\frame_framework\arduino_due_x_dbg\SD\File.cpp.o
                0x000813fe                SDLib::File::available()
 .text._ZN5SDLib4File5closeEv
                0x00081424       0x18 C:\Users\marcel\AppData\Local\Temp\VMicroBuilds\frame_framework\arduino_due_x_dbg\SD\File.cpp.o
                0x00081424                SDLib::File::close()
 .text._ZN5SDLib4FilecvbEv
                0x0008143c        0xe C:\Users\marcel\AppData\Local\Temp\VMicroBuilds\frame_framework\arduino_due_x_dbg\SD\File.cpp.o
                0x0008143c                SDLib::File::operator bool()
 .text._ZN5SDLib7SDClass5beginEh
                0x0008144a       0x44 C:\Users\marcel\AppData\Local\Temp\VMicroBuilds\frame_framework\arduino_due_x_dbg\SD\SD.cpp.o
                0x0008144a                SDLib::SDClass::begin(unsigned char)
 *fill*         0x0008148e        0x2 
 .text._ZN6SdFileC2ERKS_
                0x00081490       0x34 C:\Users\marcel\AppData\Local\Temp\VMicroBuilds\frame_framework\arduino_due_x_dbg\SD\SD.cpp.o
                0x00081490                SdFile::SdFile(SdFile const&)
                0x00081490                SdFile::SdFile(SdFile const&)
 .text._ZN5SDLib7SDClass12getParentDirEPKcPi
                0x000814c4       0xac C:\Users\marcel\AppData\Local\Temp\VMicroBuilds\frame_framework\arduino_due_x_dbg\SD\SD.cpp.o
                0x000814c4                SDLib::SDClass::getParentDir(char const*, int*)
 .text._ZN5SDLib7SDClass4openEPKch
                0x00081570       0xa4 C:\Users\marcel\AppData\Local\Temp\VMicroBuilds\frame_framework\arduino_due_x_dbg\SD\SD.cpp.o
                0x00081570                SDLib::SDClass::open(char const*, unsigned char)
 .text.startup._GLOBAL__sub_I__ZN5SDLib20getNextPathComponentEPKcPjPc
                0x00081614       0x28 C:\Users\marcel\AppData\Local\Temp\VMicroBuilds\frame_framework\arduino_due_x_dbg\SD\SD.cpp.o
 .text._ZL7spiSendh
                0x0008163c       0x10 C:\Users\marcel\AppData\Local\Temp\VMicroBuilds\frame_framework\arduino_due_x_dbg\SD\utility\Sd2Card.cpp.o
 .text._ZL6spiRecv
                0x0008164c       0x10 C:\Users\marcel\AppData\Local\Temp\VMicroBuilds\frame_framework\arduino_due_x_dbg\SD\utility\Sd2Card.cpp.o
 .text._ZN7Sd2Card14chipSelectHighEv
                0x0008165c       0x28 C:\Users\marcel\AppData\Local\Temp\VMicroBuilds\frame_framework\arduino_due_x_dbg\SD\utility\Sd2Card.cpp.o
                0x0008165c                Sd2Card::chipSelectHigh()
 .text._ZN7Sd2Card13chipSelectLowEv
                0x00081684       0x40 C:\Users\marcel\AppData\Local\Temp\VMicroBuilds\frame_framework\arduino_due_x_dbg\SD\utility\Sd2Card.cpp.o
                0x00081684                Sd2Card::chipSelectLow()
 .text._ZN7Sd2Card7readEndEv
                0x000816c4       0x2a C:\Users\marcel\AppData\Local\Temp\VMicroBuilds\frame_framework\arduino_due_x_dbg\SD\utility\Sd2Card.cpp.o
                0x000816c4                Sd2Card::readEnd()
 *fill*         0x000816ee        0x2 
 .text._ZN7Sd2Card10setSckRateEh
                0x000816f0       0x58 C:\Users\marcel\AppData\Local\Temp\VMicroBuilds\frame_framework\arduino_due_x_dbg\SD\utility\Sd2Card.cpp.o
                0x000816f0                Sd2Card::setSckRate(unsigned char)
 .text._ZN7Sd2Card11waitNotBusyEt
                0x00081748       0x28 C:\Users\marcel\AppData\Local\Temp\VMicroBuilds\frame_framework\arduino_due_x_dbg\SD\utility\Sd2Card.cpp.o
                0x00081748                Sd2Card::waitNotBusy(unsigned short)
 .text._ZN7Sd2Card11cardCommandEhm
                0x00081770       0x60 C:\Users\marcel\AppData\Local\Temp\VMicroBuilds\frame_framework\arduino_due_x_dbg\SD\utility\Sd2Card.cpp.o
                0x00081770                Sd2Card::cardCommand(unsigned char, unsigned long)
 .text._ZN7Sd2Card4initEhh
                0x000817d0      0x150 C:\Users\marcel\AppData\Local\Temp\VMicroBuilds\frame_framework\arduino_due_x_dbg\SD\utility\Sd2Card.cpp.o
                0x000817d0                Sd2Card::init(unsigned char, unsigned char)
 .text._ZN7Sd2Card14waitStartBlockEv
                0x00081920       0x3e C:\Users\marcel\AppData\Local\Temp\VMicroBuilds\frame_framework\arduino_due_x_dbg\SD\utility\Sd2Card.cpp.o
                0x00081920                Sd2Card::waitStartBlock()
 .text._ZN7Sd2Card8readDataEmttPh
                0x0008195e       0xa4 C:\Users\marcel\AppData\Local\Temp\VMicroBuilds\frame_framework\arduino_due_x_dbg\SD\utility\Sd2Card.cpp.o
                0x0008195e                Sd2Card::readData(unsigned long, unsigned short, unsigned short, unsigned char*)
 .text._ZN7Sd2Card9readBlockEmPh
                0x00081a02       0x14 C:\Users\marcel\AppData\Local\Temp\VMicroBuilds\frame_framework\arduino_due_x_dbg\SD\utility\Sd2Card.cpp.o
                0x00081a02                Sd2Card::readBlock(unsigned long, unsigned char*)
 .text._ZN7Sd2Card9writeDataEhPKh
                0x00081a16       0x48 C:\Users\marcel\AppData\Local\Temp\VMicroBuilds\frame_framework\arduino_due_x_dbg\SD\utility\Sd2Card.cpp.o
                0x00081a16                Sd2Card::writeData(unsigned char, unsigned char const*)
 .text._ZN7Sd2Card10writeBlockEmPKh
                0x00081a5e       0x6c C:\Users\marcel\AppData\Local\Temp\VMicroBuilds\frame_framework\arduino_due_x_dbg\SD\utility\Sd2Card.cpp.o
                0x00081a5e                Sd2Card::writeBlock(unsigned long, unsigned char const*)
 *fill*         0x00081aca        0x2 
 .text.startup._GLOBAL__sub_I__ZN7Sd2Card11cardCommandEhm
                0x00081acc       0x14 C:\Users\marcel\AppData\Local\Temp\VMicroBuilds\frame_framework\arduino_due_x_dbg\SD\utility\Sd2Card.cpp.o
 .text._ZN6SdFile10addClusterEv
                0x00081ae0       0x26 C:\Users\marcel\AppData\Local\Temp\VMicroBuilds\frame_framework\arduino_due_x_dbg\SD\utility\SdFile.cpp.o
                0x00081ae0                SdFile::addCluster()
 .text._ZN6SdFile13addDirClusterEv
                0x00081b06       0x46 C:\Users\marcel\AppData\Local\Temp\VMicroBuilds\frame_framework\arduino_due_x_dbg\SD\utility\SdFile.cpp.o
                0x00081b06                SdFile::addDirCluster()
 .text._ZN6SdFile13cacheDirEntryEh
                0x00081b4c       0x1c C:\Users\marcel\AppData\Local\Temp\VMicroBuilds\frame_framework\arduino_due_x_dbg\SD\utility\SdFile.cpp.o
                0x00081b4c                SdFile::cacheDirEntry(unsigned char)
 .text._ZN6SdFile10make83NameEPKcPh
                0x00081b68       0x98 C:\Users\marcel\AppData\Local\Temp\VMicroBuilds\frame_framework\arduino_due_x_dbg\SD\utility\SdFile.cpp.o
                0x00081b68                SdFile::make83Name(char const*, unsigned char*)
 .text._ZN6SdFile8openRootEP8SdVolume
                0x00081c00       0x50 C:\Users\marcel\AppData\Local\Temp\VMicroBuilds\frame_framework\arduino_due_x_dbg\SD\utility\SdFile.cpp.o
                0x00081c00                SdFile::openRoot(SdVolume*)
 .text._ZN6SdFile4readEPvt
                0x00081c50      0x104 C:\Users\marcel\AppData\Local\Temp\VMicroBuilds\frame_framework\arduino_due_x_dbg\SD\utility\SdFile.cpp.o
                0x00081c50                SdFile::read(void*, unsigned short)
 .text._ZN6SdFile12readDirCacheEv
                0x00081d54       0x44 C:\Users\marcel\AppData\Local\Temp\VMicroBuilds\frame_framework\arduino_due_x_dbg\SD\utility\SdFile.cpp.o
                0x00081d54                SdFile::readDirCache()
 .text._ZN6SdFile7seekSetEm
                0x00081d98       0x5e C:\Users\marcel\AppData\Local\Temp\VMicroBuilds\frame_framework\arduino_due_x_dbg\SD\utility\SdFile.cpp.o
                0x00081d98                SdFile::seekSet(unsigned long)
 *fill*         0x00081df6        0x2 
 .text._ZN6SdFile4syncEv
                0x00081df8       0x58 C:\Users\marcel\AppData\Local\Temp\VMicroBuilds\frame_framework\arduino_due_x_dbg\SD\utility\SdFile.cpp.o
                0x00081df8                SdFile::sync()
 .text._ZN6SdFile5closeEv
                0x00081e50       0x12 C:\Users\marcel\AppData\Local\Temp\VMicroBuilds\frame_framework\arduino_due_x_dbg\SD\utility\SdFile.cpp.o
                0x00081e50                SdFile::close()
 *fill*         0x00081e62        0x2 
 .text._ZN6SdFile8truncateEm
                0x00081e64       0xb0 C:\Users\marcel\AppData\Local\Temp\VMicroBuilds\frame_framework\arduino_due_x_dbg\SD\utility\SdFile.cpp.o
                0x00081e64                SdFile::truncate(unsigned long)
 .text._ZN6SdFile15openCachedEntryEhh
                0x00081f14       0x7c C:\Users\marcel\AppData\Local\Temp\VMicroBuilds\frame_framework\arduino_due_x_dbg\SD\utility\SdFile.cpp.o
                0x00081f14                SdFile::openCachedEntry(unsigned char, unsigned char)
 .text._ZN6SdFile4openEPS_PKch
                0x00081f90      0x110 C:\Users\marcel\AppData\Local\Temp\VMicroBuilds\frame_framework\arduino_due_x_dbg\SD\utility\SdFile.cpp.o
                0x00081f90                SdFile::open(SdFile*, char const*, unsigned char)
 .text._ZN6SdFile5writeEPKvt
                0x000820a0      0x194 C:\Users\marcel\AppData\Local\Temp\VMicroBuilds\frame_framework\arduino_due_x_dbg\SD\utility\SdFile.cpp.o
                0x000820a0                SdFile::write(void const*, unsigned short)
 .text._ZN6SdFile5writeEh
                0x00082234       0x16 C:\Users\marcel\AppData\Local\Temp\VMicroBuilds\frame_framework\arduino_due_x_dbg\SD\utility\SdFile.cpp.o
                0x00082234                SdFile::write(unsigned char)
 *fill*         0x0008224a        0x2 
 .text._ZN8SdVolume10cacheFlushEv
                0x0008224c       0x4c C:\Users\marcel\AppData\Local\Temp\VMicroBuilds\frame_framework\arduino_due_x_dbg\SD\utility\SdVolume.cpp.o
                0x0008224c                SdVolume::cacheFlush()
 .text._ZN8SdVolume13cacheRawBlockEmh
                0x00082298       0x48 C:\Users\marcel\AppData\Local\Temp\VMicroBuilds\frame_framework\arduino_due_x_dbg\SD\utility\SdVolume.cpp.o
                0x00082298                SdVolume::cacheRawBlock(unsigned long, unsigned char)
 .text._ZN8SdVolume14cacheZeroBlockEm
                0x000822e0       0x38 C:\Users\marcel\AppData\Local\Temp\VMicroBuilds\frame_framework\arduino_due_x_dbg\SD\utility\SdVolume.cpp.o
                0x000822e0                SdVolume::cacheZeroBlock(unsigned long)
 .text._ZNK8SdVolume6fatGetEmPm
                0x00082318       0x64 C:\Users\marcel\AppData\Local\Temp\VMicroBuilds\frame_framework\arduino_due_x_dbg\SD\utility\SdVolume.cpp.o
                0x00082318                SdVolume::fatGet(unsigned long, unsigned long*) const
 .text._ZNK8SdVolume9chainSizeEmPm
                0x0008237c       0x44 C:\Users\marcel\AppData\Local\Temp\VMicroBuilds\frame_framework\arduino_due_x_dbg\SD\utility\SdVolume.cpp.o
                0x0008237c                SdVolume::chainSize(unsigned long, unsigned long*) const
 .text._ZN8SdVolume6fatPutEmm
                0x000823c0       0x84 C:\Users\marcel\AppData\Local\Temp\VMicroBuilds\frame_framework\arduino_due_x_dbg\SD\utility\SdVolume.cpp.o
                0x000823c0                SdVolume::fatPut(unsigned long, unsigned long)
 .text._ZN8SdVolume15allocContiguousEmPm
                0x00082444       0xb4 C:\Users\marcel\AppData\Local\Temp\VMicroBuilds\frame_framework\arduino_due_x_dbg\SD\utility\SdVolume.cpp.o
                0x00082444                SdVolume::allocContiguous(unsigned long, unsigned long*)
 .text._ZN8SdVolume9freeChainEm
                0x000824f8       0x48 C:\Users\marcel\AppData\Local\Temp\VMicroBuilds\frame_framework\arduino_due_x_dbg\SD\utility\SdVolume.cpp.o
                0x000824f8                SdVolume::freeChain(unsigned long)
 .text._ZN8SdVolume4initEP7Sd2Cardh
                0x00082540       0xf4 C:\Users\marcel\AppData\Local\Temp\VMicroBuilds\frame_framework\arduino_due_x_dbg\SD\utility\SdVolume.cpp.o
                0x00082540                SdVolume::init(Sd2Card*, unsigned char)
 .text._ZN17Adafruit_NeoPixelD2Ev
                0x00082634       0x1e C:\Users\marcel\AppData\Local\Temp\VMicroBuilds\frame_framework\arduino_due_x_dbg\Adafruit_NeoPixel\Adafruit_NeoPixel.cpp.o
                0x00082634                Adafruit_NeoPixel::~Adafruit_NeoPixel()
                0x00082634                Adafruit_NeoPixel::~Adafruit_NeoPixel()
 .text._ZN17Adafruit_NeoPixel5beginEv
                0x00082652       0x22 C:\Users\marcel\AppData\Local\Temp\VMicroBuilds\frame_framework\arduino_due_x_dbg\Adafruit_NeoPixel\Adafruit_NeoPixel.cpp.o
                0x00082652                Adafruit_NeoPixel::begin()
 .text._ZN17Adafruit_NeoPixel12updateLengthEt
                0x00082674       0x3c C:\Users\marcel\AppData\Local\Temp\VMicroBuilds\frame_framework\arduino_due_x_dbg\Adafruit_NeoPixel\Adafruit_NeoPixel.cpp.o
                0x00082674                Adafruit_NeoPixel::updateLength(unsigned short)
 .text._ZN17Adafruit_NeoPixel10updateTypeEt
                0x000826b0       0x48 C:\Users\marcel\AppData\Local\Temp\VMicroBuilds\frame_framework\arduino_due_x_dbg\Adafruit_NeoPixel\Adafruit_NeoPixel.cpp.o
                0x000826b0                Adafruit_NeoPixel::updateType(unsigned short)
 .text._ZN17Adafruit_NeoPixel4showEv
                0x000826f8       0xd4 C:\Users\marcel\AppData\Local\Temp\VMicroBuilds\frame_framework\arduino_due_x_dbg\Adafruit_NeoPixel\Adafruit_NeoPixel.cpp.o
                0x000826f8                Adafruit_NeoPixel::show()
 .text._ZN17Adafruit_NeoPixel6setPinEh
                0x000827cc       0x34 C:\Users\marcel\AppData\Local\Temp\VMicroBuilds\frame_framework\arduino_due_x_dbg\Adafruit_NeoPixel\Adafruit_NeoPixel.cpp.o
                0x000827cc                Adafruit_NeoPixel::setPin(unsigned char)
 .text._ZN17Adafruit_NeoPixelC2Etht
                0x00082800       0x2c C:\Users\marcel\AppData\Local\Temp\VMicroBuilds\frame_framework\arduino_due_x_dbg\Adafruit_NeoPixel\Adafruit_NeoPixel.cpp.o
                0x00082800                Adafruit_NeoPixel::Adafruit_NeoPixel(unsigned short, unsigned char, unsigned short)
                0x00082800                Adafruit_NeoPixel::Adafruit_NeoPixel(unsigned short, unsigned char, unsigned short)
 .text._ZN17Adafruit_NeoPixel13setPixelColorEthhh
                0x0008282c       0x44 C:\Users\marcel\AppData\Local\Temp\VMicroBuilds\frame_framework\arduino_due_x_dbg\Adafruit_NeoPixel\Adafruit_NeoPixel.cpp.o
                0x0008282c                Adafruit_NeoPixel::setPixelColor(unsigned short, unsigned char, unsigned char, unsigned char)
 .text._Z11serialEventv
                0x00082870        0x2 C:\Users\marcel\AppData\Local\Temp\VMicroBuilds\frame_framework\arduino_due_x_dbg\variant\variant.cpp.o
                0x00082870                serialEvent()
 *fill*         0x00082872        0x2 
 .text.UART_Handler
                0x00082874        0xc C:\Users\marcel\AppData\Local\Temp\VMicroBuilds\frame_framework\arduino_due_x_dbg\variant\variant.cpp.o
                0x00082874                UART_Handler
 .text._Z12serialEvent1v
                0x00082880        0x2 C:\Users\marcel\AppData\Local\Temp\VMicroBuilds\frame_framework\arduino_due_x_dbg\variant\variant.cpp.o
                0x00082880                serialEvent1()
 .text._Z12serialEvent2v
                0x00082882        0x2 C:\Users\marcel\AppData\Local\Temp\VMicroBuilds\frame_framework\arduino_due_x_dbg\variant\variant.cpp.o
                0x00082882                serialEvent2()
 .text._Z12serialEvent3v
                0x00082884        0x2 C:\Users\marcel\AppData\Local\Temp\VMicroBuilds\frame_framework\arduino_due_x_dbg\variant\variant.cpp.o
                0x00082884                serialEvent3()
 *fill*         0x00082886        0x2 
 .text.USART0_Handler
                0x00082888        0xc C:\Users\marcel\AppData\Local\Temp\VMicroBuilds\frame_framework\arduino_due_x_dbg\variant\variant.cpp.o
                0x00082888                USART0_Handler
 .text.USART1_Handler
                0x00082894        0xc C:\Users\marcel\AppData\Local\Temp\VMicroBuilds\frame_framework\arduino_due_x_dbg\variant\variant.cpp.o
                0x00082894                USART1_Handler
 .text.USART3_Handler
                0x000828a0        0xc C:\Users\marcel\AppData\Local\Temp\VMicroBuilds\frame_framework\arduino_due_x_dbg\variant\variant.cpp.o
                0x000828a0                USART3_Handler
 .text.init     0x000828ac      0x128 C:\Users\marcel\AppData\Local\Temp\VMicroBuilds\frame_framework\arduino_due_x_dbg\variant\variant.cpp.o
                0x000828ac                init
 .text.startup._GLOBAL__sub_I_g_APinDescription
                0x000829d4       0xd4 C:\Users\marcel\AppData\Local\Temp\VMicroBuilds\frame_framework\arduino_due_x_dbg\variant\variant.cpp.o
 .text._Z14serialEventRunv
                0x00082aa8       0x44 C:\Users\marcel\AppData\Local\Temp\VMicroBuilds\frame_framework\arduino_due_x_dbg\variant\variant.cpp.o
                0x00082aa8                serialEventRun()
 .text.PIO_PullUp
                0x00082aec        0xa C:\Users\marcel\AppData\Local\arduino15\packages\arduino\hardware\sam\1.6.9\variants\arduino_due_x/libsam_sam3x8e_gcc_rel.a(pio.o)
                0x00082aec                PIO_PullUp
 .text.PIO_SetPeripheral
                0x00082af6       0x26 C:\Users\marcel\AppData\Local\arduino15\packages\arduino\hardware\sam\1.6.9\variants\arduino_due_x/libsam_sam3x8e_gcc_rel.a(pio.o)
                0x00082af6                PIO_SetPeripheral
 .text.PIO_SetInput
                0x00082b1c       0x26 C:\Users\marcel\AppData\Local\arduino15\packages\arduino\hardware\sam\1.6.9\variants\arduino_due_x/libsam_sam3x8e_gcc_rel.a(pio.o)
                0x00082b1c                PIO_SetInput
 .text.PIO_SetOutput
                0x00082b42       0x24 C:\Users\marcel\AppData\Local\arduino15\packages\arduino\hardware\sam\1.6.9\variants\arduino_due_x/libsam_sam3x8e_gcc_rel.a(pio.o)
                0x00082b42                PIO_SetOutput
 *fill*         0x00082b66        0x2 
 .text.PIO_Configure
                0x00082b68       0x64 C:\Users\marcel\AppData\Local\arduino15\packages\arduino\hardware\sam\1.6.9\variants\arduino_due_x/libsam_sam3x8e_gcc_rel.a(pio.o)
                0x00082b68                PIO_Configure
 .text.PIO_GetOutputDataStatus
                0x00082bcc       0x14 C:\Users\marcel\AppData\Local\arduino15\packages\arduino\hardware\sam\1.6.9\variants\arduino_due_x/libsam_sam3x8e_gcc_rel.a(pio.o)
                0x00082bcc                PIO_GetOutputDataStatus
 .text.pmc_enable_upll_clock
                0x00082be0       0x14 C:\Users\marcel\AppData\Local\arduino15\packages\arduino\hardware\sam\1.6.9\variants\arduino_due_x/libsam_sam3x8e_gcc_rel.a(pmc.o)
                0x00082be0                pmc_enable_upll_clock
 .text.pmc_enable_periph_clk
                0x00082bf4       0x44 C:\Users\marcel\AppData\Local\arduino15\packages\arduino\hardware\sam\1.6.9\variants\arduino_due_x/libsam_sam3x8e_gcc_rel.a(pmc.o)
                0x00082bf4                pmc_enable_periph_clk
 .text.pmc_disable_periph_clk
                0x00082c38       0x40 C:\Users\marcel\AppData\Local\arduino15\packages\arduino\hardware\sam\1.6.9\variants\arduino_due_x/libsam_sam3x8e_gcc_rel.a(pmc.o)
                0x00082c38                pmc_disable_periph_clk
 .text.pmc_switch_udpck_to_upllck
                0x00082c78       0x14 C:\Users\marcel\AppData\Local\arduino15\packages\arduino\hardware\sam\1.6.9\variants\arduino_due_x/libsam_sam3x8e_gcc_rel.a(pmc.o)
                0x00082c78                pmc_switch_udpck_to_upllck
 .text.pmc_enable_udpck
                0x00082c8c        0xc C:\Users\marcel\AppData\Local\arduino15\packages\arduino\hardware\sam\1.6.9\variants\arduino_due_x/libsam_sam3x8e_gcc_rel.a(pmc.o)
                0x00082c8c                pmc_enable_udpck
 .text.pmc_set_writeprotect
                0x00082c98       0x1c C:\Users\marcel\AppData\Local\arduino15\packages\arduino\hardware\sam\1.6.9\variants\arduino_due_x/libsam_sam3x8e_gcc_rel.a(pmc.o)
                0x00082c98                pmc_set_writeprotect
 .text.SPI_Enable
                0x00082cb4        0x6 C:\Users\marcel\AppData\Local\arduino15\packages\arduino\hardware\sam\1.6.9\variants\arduino_due_x/libsam_sam3x8e_gcc_rel.a(spi.o)
                0x00082cb4                SPI_Enable
 *fill*         0x00082cba        0x2 
 .text.SPI_Configure
                0x00082cbc       0x20 C:\Users\marcel\AppData\Local\arduino15\packages\arduino\hardware\sam\1.6.9\variants\arduino_due_x/libsam_sam3x8e_gcc_rel.a(spi.o)
                0x00082cbc                SPI_Configure
 .text.SPI_ConfigureNPCS
                0x00082cdc        0x8 C:\Users\marcel\AppData\Local\arduino15\packages\arduino\hardware\sam\1.6.9\variants\arduino_due_x/libsam_sam3x8e_gcc_rel.a(spi.o)
                0x00082cdc                SPI_ConfigureNPCS
 .text.TC_Configure
                0x00082ce4       0x38 C:\Users\marcel\AppData\Local\arduino15\packages\arduino\hardware\sam\1.6.9\variants\arduino_due_x/libsam_sam3x8e_gcc_rel.a(tc.o)
                0x00082ce4                TC_Configure
 .text.TC_Start
                0x00082d1c       0x2c C:\Users\marcel\AppData\Local\arduino15\packages\arduino\hardware\sam\1.6.9\variants\arduino_due_x/libsam_sam3x8e_gcc_rel.a(tc.o)
                0x00082d1c                TC_Start
 .text.TC_Stop  0x00082d48       0x2c C:\Users\marcel\AppData\Local\arduino15\packages\arduino\hardware\sam\1.6.9\variants\arduino_due_x/libsam_sam3x8e_gcc_rel.a(tc.o)
                0x00082d48                TC_Stop
 .text.SystemInit
                0x00082d74       0x88 C:\Users\marcel\AppData\Local\arduino15\packages\arduino\hardware\sam\1.6.9\variants\arduino_due_x/libsam_sam3x8e_gcc_rel.a(system_sam3xa.o)
                0x00082d74                SystemInit
 .text.Reset_Handler
                0x00082dfc       0x78 C:\Users\marcel\AppData\Local\arduino15\packages\arduino\hardware\sam\1.6.9\variants\arduino_due_x/libsam_sam3x8e_gcc_rel.a(startup_sam3xa.o)
                0x00082dfc                Reset_Handler
 .text.adc_init
                0x00082e74       0x98 C:\Users\marcel\AppData\Local\arduino15\packages\arduino\hardware\sam\1.6.9\variants\arduino_due_x/libsam_sam3x8e_gcc_rel.a(adc.o)
                0x00082e74                adc_init
 .text.adc_configure_trigger
                0x00082f0c        0xe C:\Users\marcel\AppData\Local\arduino15\packages\arduino\hardware\sam\1.6.9\variants\arduino_due_x/libsam_sam3x8e_gcc_rel.a(adc.o)
                0x00082f0c                adc_configure_trigger
 .text.adc_configure_timing
                0x00082f1a       0x1a C:\Users\marcel\AppData\Local\arduino15\packages\arduino\hardware\sam\1.6.9\variants\arduino_due_x/libsam_sam3x8e_gcc_rel.a(adc.o)
                0x00082f1a                adc_configure_timing
 .text.adc_disable_channel
                0x00082f34        0xa C:\Users\marcel\AppData\Local\arduino15\packages\arduino\hardware\sam\1.6.9\variants\arduino_due_x/libsam_sam3x8e_gcc_rel.a(adc.o)
                0x00082f34                adc_disable_channel
 .text.adc_disable_all_channel
                0x00082f3e        0x8 C:\Users\marcel\AppData\Local\arduino15\packages\arduino\hardware\sam\1.6.9\variants\arduino_due_x/libsam_sam3x8e_gcc_rel.a(adc.o)
                0x00082f3e                adc_disable_all_channel
 .text.adc_disable_interrupt
                0x00082f46        0x4 C:\Users\marcel\AppData\Local\arduino15\packages\arduino\hardware\sam\1.6.9\variants\arduino_due_x/libsam_sam3x8e_gcc_rel.a(adc.o)
                0x00082f46                adc_disable_interrupt
 *fill*         0x00082f4a        0x2 
 .text.UOTGHS_Handler
                0x00082f4c       0x10 C:\Users\marcel\AppData\Local\arduino15\packages\arduino\hardware\sam\1.6.9\variants\arduino_due_x/libsam_sam3x8e_gcc_rel.a(uotghs.o)
                0x00082f4c                UOTGHS_Handler
 .text.__halt   0x00082f5c        0x2 C:\Users\marcel\AppData\Local\Temp\VMicroBuilds\frame_framework\arduino_due_x_dbg/core.a(cortex_handlers.c.o)
                0x00082f5c                DACC_Handler
                0x00082f5c                DebugMon_Handler
                0x00082f5c                DMAC_Handler
                0x00082f5c                TRNG_Handler
                0x00082f5c                HardFault_Handler
                0x00082f5c                TC2_Handler
                0x00082f5c                TWI1_Handler
                0x00082f5c                NMI_Handler
                0x00082f5c                TC7_Handler
                0x00082f5c                ADC_Handler
                0x00082f5c                SMC_Handler
                0x00082f5c                RTT_Handler
                0x00082f5c                EFC1_Handler
                0x00082f5c                PIOB_Handler
                0x00082f5c                RTC_Handler
                0x00082f5c                UsageFault_Handler
                0x00082f5c                TC6_Handler
                0x00082f5c                WDT_Handler
                0x00082f5c                CAN0_Handler
                0x00082f5c                TC4_Handler
                0x00082f5c                TC1_Handler
                0x00082f5c                HSMCI_Handler
                0x00082f5c                TC3_Handler
                0x00082f5c                TWI0_Handler
                0x00082f5c                PIOA_Handler
                0x00082f5c                SSC_Handler
                0x00082f5c                EFC0_Handler
                0x00082f5c                PMC_Handler
                0x00082f5c                PWM_Handler
                0x00082f5c                CAN1_Handler
                0x00082f5c                MemManage_Handler
                0x00082f5c                SUPC_Handler
                0x00082f5c                TC8_Handler
                0x00082f5c                USART2_Handler
                0x00082f5c                PIOD_Handler
                0x00082f5c                EMAC_Handler
                0x00082f5c                PIOC_Handler
                0x00082f5c                BusFault_Handler
                0x00082f5c                RSTC_Handler
                0x00082f5c                TC0_Handler
                0x00082f5c                TC5_Handler
                0x00082f5c                SPI0_Handler
 .text.SVC_Handler
                0x00082f5e        0x4 C:\Users\marcel\AppData\Local\Temp\VMicroBuilds\frame_framework\arduino_due_x_dbg/core.a(cortex_handlers.c.o)
                0x00082f5e                SVC_Handler
 .text.PendSV_Handler
                0x00082f62        0x4 C:\Users\marcel\AppData\Local\Temp\VMicroBuilds\frame_framework\arduino_due_x_dbg/core.a(cortex_handlers.c.o)
                0x00082f62                PendSV_Handler
 .text.SysTick_Handler
                0x00082f66       0x16 C:\Users\marcel\AppData\Local\Temp\VMicroBuilds\frame_framework\arduino_due_x_dbg/core.a(cortex_handlers.c.o)
                0x00082f66                SysTick_Handler
 .text.__empty  0x00082f7c        0x2 C:\Users\marcel\AppData\Local\Temp\VMicroBuilds\frame_framework\arduino_due_x_dbg/core.a(hooks.c.o)
                0x00082f7c                yield
 .text.__false  0x00082f7e        0x4 C:\Users\marcel\AppData\Local\Temp\VMicroBuilds\frame_framework\arduino_due_x_dbg/core.a(hooks.c.o)
                0x00082f7e                sysTickHook
 .text.__halt   0x00082f82        0x2 C:\Users\marcel\AppData\Local\Temp\VMicroBuilds\frame_framework\arduino_due_x_dbg/core.a(hooks.c.o)
                0x00082f82                svcHook
                0x00082f82                pendSVHook
 .text._sbrk    0x00082f84       0x1c C:\Users\marcel\AppData\Local\Temp\VMicroBuilds\frame_framework\arduino_due_x_dbg/core.a(syscalls_sam3.c.o)
                0x00082f84                _sbrk
 .text.link     0x00082fa0        0x6 C:\Users\marcel\AppData\Local\Temp\VMicroBuilds\frame_framework\arduino_due_x_dbg/core.a(syscalls_sam3.c.o)
                0x00082fa0                link
 .text._close   0x00082fa6        0x6 C:\Users\marcel\AppData\Local\Temp\VMicroBuilds\frame_framework\arduino_due_x_dbg/core.a(syscalls_sam3.c.o)
                0x00082fa6                _close
 .text._fstat   0x00082fac        0xa C:\Users\marcel\AppData\Local\Temp\VMicroBuilds\frame_framework\arduino_due_x_dbg/core.a(syscalls_sam3.c.o)
                0x00082fac                _fstat
 .text._isatty  0x00082fb6        0x4 C:\Users\marcel\AppData\Local\Temp\VMicroBuilds\frame_framework\arduino_due_x_dbg/core.a(syscalls_sam3.c.o)
                0x00082fb6                _isatty
 .text._lseek   0x00082fba        0x4 C:\Users\marcel\AppData\Local\Temp\VMicroBuilds\frame_framework\arduino_due_x_dbg/core.a(syscalls_sam3.c.o)
                0x00082fba                _lseek
 .text._read    0x00082fbe        0x4 C:\Users\marcel\AppData\Local\Temp\VMicroBuilds\frame_framework\arduino_due_x_dbg/core.a(syscalls_sam3.c.o)
                0x00082fbe                _read
 *fill*         0x00082fc2        0x2 
 .text._write   0x00082fc4       0x24 C:\Users\marcel\AppData\Local\Temp\VMicroBuilds\frame_framework\arduino_due_x_dbg/core.a(syscalls_sam3.c.o)
                0x00082fc4                _write
 .text._exit    0x00082fe8       0x10 C:\Users\marcel\AppData\Local\Temp\VMicroBuilds\frame_framework\arduino_due_x_dbg/core.a(syscalls_sam3.c.o)
                0x00082fe8                _exit
 .text._kill    0x00082ff8        0x2 C:\Users\marcel\AppData\Local\Temp\VMicroBuilds\frame_framework\arduino_due_x_dbg/core.a(syscalls_sam3.c.o)
                0x00082ff8                _kill
 .text._getpid  0x00082ffa        0x6 C:\Users\marcel\AppData\Local\Temp\VMicroBuilds\frame_framework\arduino_due_x_dbg/core.a(syscalls_sam3.c.o)
                0x00082ffa                _getpid
 .text.millis   0x00083000        0x4 C:\Users\marcel\AppData\Local\Temp\VMicroBuilds\frame_framework\arduino_due_x_dbg/core.a(wiring.c.o)
                0x00083000                millis
 .text.micros   0x00083004       0x74 C:\Users\marcel\AppData\Local\Temp\VMicroBuilds\frame_framework\arduino_due_x_dbg/core.a(wiring.c.o)
                0x00083004                micros
 .text.delay    0x00083078       0x1c C:\Users\marcel\AppData\Local\Temp\VMicroBuilds\frame_framework\arduino_due_x_dbg/core.a(wiring.c.o)
                0x00083078                delay
 .text.analogOutputInit
                0x00083094        0x2 C:\Users\marcel\AppData\Local\Temp\VMicroBuilds\frame_framework\arduino_due_x_dbg/core.a(wiring_analog.c.o)
                0x00083094                analogOutputInit
 *fill*         0x00083096        0x2 
 .text.pinMode  0x00083098      0x108 C:\Users\marcel\AppData\Local\Temp\VMicroBuilds\frame_framework\arduino_due_x_dbg/core.a(wiring_digital.c.o)
                0x00083098                pinMode
 .text.digitalWrite
                0x000831a0       0x70 C:\Users\marcel\AppData\Local\Temp\VMicroBuilds\frame_framework\arduino_due_x_dbg/core.a(wiring_digital.c.o)
                0x000831a0                digitalWrite
 .text.initVariant
                0x00083210        0x2 C:\Users\marcel\AppData\Local\Temp\VMicroBuilds\frame_framework\arduino_due_x_dbg/core.a(main.cpp.o)
                0x00083210                initVariant
 *fill*         0x00083212        0x2 
 .text.startup.main
                0x00083214       0x38 C:\Users\marcel\AppData\Local\Temp\VMicroBuilds\frame_framework\arduino_due_x_dbg/core.a(main.cpp.o)
                0x00083214                main
 .text._ZN5Print5writeEPKhj
                0x0008324c       0x22 C:\Users\marcel\AppData\Local\Temp\VMicroBuilds\frame_framework\arduino_due_x_dbg/core.a(Print.cpp.o)
                0x0008324c                Print::write(unsigned char const*, unsigned int)
 .text._ZN5Print5printEmi.part.3
                0x0008326e        0xc C:\Users\marcel\AppData\Local\Temp\VMicroBuilds\frame_framework\arduino_due_x_dbg/core.a(Print.cpp.o)
 .text._ZN5Print5writeEPKc
                0x0008327a       0x1e C:\Users\marcel\AppData\Local\Temp\VMicroBuilds\frame_framework\arduino_due_x_dbg/core.a(Print.cpp.o)
                0x0008327a                Print::write(char const*)
 .text._ZN5Print5printERK6String
                0x00083298       0x10 C:\Users\marcel\AppData\Local\Temp\VMicroBuilds\frame_framework\arduino_due_x_dbg/core.a(Print.cpp.o)
                0x00083298                Print::print(String const&)
 .text._ZN5Print5printEPKc
                0x000832a8        0x8 C:\Users\marcel\AppData\Local\Temp\VMicroBuilds\frame_framework\arduino_due_x_dbg/core.a(Print.cpp.o)
                0x000832a8                Print::print(char const*)
 .text._ZN5Print7printlnEv
                0x000832b0       0x10 C:\Users\marcel\AppData\Local\Temp\VMicroBuilds\frame_framework\arduino_due_x_dbg/core.a(Print.cpp.o)
                0x000832b0                Print::println()
 .text._ZN5Print7printlnERK6String
                0x000832c0       0x14 C:\Users\marcel\AppData\Local\Temp\VMicroBuilds\frame_framework\arduino_due_x_dbg/core.a(Print.cpp.o)
                0x000832c0                Print::println(String const&)
 .text._ZN5Print7printlnEPKc
                0x000832d4       0x14 C:\Users\marcel\AppData\Local\Temp\VMicroBuilds\frame_framework\arduino_due_x_dbg/core.a(Print.cpp.o)
                0x000832d4                Print::println(char const*)
 .text._ZN5Print11printNumberEmh
                0x000832e8       0x3e C:\Users\marcel\AppData\Local\Temp\VMicroBuilds\frame_framework\arduino_due_x_dbg/core.a(Print.cpp.o)
                0x000832e8                Print::printNumber(unsigned long, unsigned char)
 .text._ZN5Print5printEmi
                0x00083326        0xc C:\Users\marcel\AppData\Local\Temp\VMicroBuilds\frame_framework\arduino_due_x_dbg/core.a(Print.cpp.o)
                0x00083326                Print::print(unsigned long, int)
 .text._ZN5Print5printEhi
                0x00083332        0x4 C:\Users\marcel\AppData\Local\Temp\VMicroBuilds\frame_framework\arduino_due_x_dbg/core.a(Print.cpp.o)
                0x00083332                Print::print(unsigned char, int)
 .text._ZN5Print7printlnEhi
                0x00083336       0x14 C:\Users\marcel\AppData\Local\Temp\VMicroBuilds\frame_framework\arduino_due_x_dbg/core.a(Print.cpp.o)
                0x00083336                Print::println(unsigned char, int)
 .text._ZN5Print5printEji
                0x0008334a        0x4 C:\Users\marcel\AppData\Local\Temp\VMicroBuilds\frame_framework\arduino_due_x_dbg/core.a(Print.cpp.o)
                0x0008334a                Print::print(unsigned int, int)
 .text._ZN5Print7printlnEji
                0x0008334e       0x14 C:\Users\marcel\AppData\Local\Temp\VMicroBuilds\frame_framework\arduino_due_x_dbg/core.a(Print.cpp.o)
                0x0008334e                Print::println(unsigned int, int)
 *fill*         0x00083362        0x2 
 .text.initiateReset
                0x00083364        0xc C:\Users\marcel\AppData\Local\Temp\VMicroBuilds\frame_framework\arduino_due_x_dbg/core.a(Reset.cpp.o)
                0x00083364                initiateReset
 .text.cancelReset
                0x00083370       0x10 C:\Users\marcel\AppData\Local\Temp\VMicroBuilds\frame_framework\arduino_due_x_dbg/core.a(Reset.cpp.o)
                0x00083370                cancelReset
 .text.tickReset
                0x00083380       0x20 C:\Users\marcel\AppData\Local\Temp\VMicroBuilds\frame_framework\arduino_due_x_dbg/core.a(Reset.cpp.o)
                0x00083380                tickReset
 .text._ZN10RingBufferC2Ev
                0x000833a0       0x1a C:\Users\marcel\AppData\Local\Temp\VMicroBuilds\frame_framework\arduino_due_x_dbg/core.a(RingBuffer.cpp.o)
                0x000833a0                RingBuffer::RingBuffer()
                0x000833a0                RingBuffer::RingBuffer()
 .text._ZN10RingBuffer10store_charEh
                0x000833ba       0x1e C:\Users\marcel\AppData\Local\Temp\VMicroBuilds\frame_framework\arduino_due_x_dbg/core.a(RingBuffer.cpp.o)
                0x000833ba                RingBuffer::store_char(unsigned char)
 .text._ZN6Stream9timedReadEv
                0x000833d8       0x2a C:\Users\marcel\AppData\Local\Temp\VMicroBuilds\frame_framework\arduino_due_x_dbg/core.a(Stream.cpp.o)
                0x000833d8                Stream::timedRead()
 *fill*         0x00083402        0x2 
 .text._ZN6Stream15readStringUntilEc
                0x00083404       0x30 C:\Users\marcel\AppData\Local\Temp\VMicroBuilds\frame_framework\arduino_due_x_dbg/core.a(Stream.cpp.o)
                0x00083404                Stream::readStringUntil(char)
 .text._ZN9UARTClasscvbEv
                0x00083434        0x4 C:\Users\marcel\AppData\Local\Temp\VMicroBuilds\frame_framework\arduino_due_x_dbg/core.a(UARTClass.cpp.o)
                0x00083434                UARTClass::operator bool()
 .text._ZN9UARTClass9availableEv
                0x00083438       0x12 C:\Users\marcel\AppData\Local\Temp\VMicroBuilds\frame_framework\arduino_due_x_dbg/core.a(UARTClass.cpp.o)
                0x00083438                UARTClass::available()
 .text._ZN9UARTClass4peekEv
                0x0008344a       0x1c C:\Users\marcel\AppData\Local\Temp\VMicroBuilds\frame_framework\arduino_due_x_dbg/core.a(UARTClass.cpp.o)
                0x0008344a                UARTClass::peek()
 .text._ZN9UARTClass4readEv
                0x00083466       0x2a C:\Users\marcel\AppData\Local\Temp\VMicroBuilds\frame_framework\arduino_due_x_dbg/core.a(UARTClass.cpp.o)
                0x00083466                UARTClass::read()
 .text._ZN9UARTClass5flushEv
                0x00083490       0x18 C:\Users\marcel\AppData\Local\Temp\VMicroBuilds\frame_framework\arduino_due_x_dbg/core.a(UARTClass.cpp.o)
                0x00083490                UARTClass::flush()
 .text._ZN9UARTClass5writeEh
                0x000834a8       0x54 C:\Users\marcel\AppData\Local\Temp\VMicroBuilds\frame_framework\arduino_due_x_dbg/core.a(UARTClass.cpp.o)
                0x000834a8                UARTClass::write(unsigned char)
 .text._ZN9UARTClass3endEv
                0x000834fc       0x3c C:\Users\marcel\AppData\Local\Temp\VMicroBuilds\frame_framework\arduino_due_x_dbg/core.a(UARTClass.cpp.o)
                0x000834fc                UARTClass::end()
 .text._ZN9UARTClassC2EP4Uart4IRQnmP10RingBufferS4_
                0x00083538       0x24 C:\Users\marcel\AppData\Local\Temp\VMicroBuilds\frame_framework\arduino_due_x_dbg/core.a(UARTClass.cpp.o)
                0x00083538                UARTClass::UARTClass(Uart*, IRQn, unsigned long, RingBuffer*, RingBuffer*)
                0x00083538                UARTClass::UARTClass(Uart*, IRQn, unsigned long, RingBuffer*, RingBuffer*)
 .text._ZN9UARTClass4initEmm
                0x0008355c       0x70 C:\Users\marcel\AppData\Local\Temp\VMicroBuilds\frame_framework\arduino_due_x_dbg/core.a(UARTClass.cpp.o)
                0x0008355c                UARTClass::init(unsigned long, unsigned long)
 .text._ZN9UARTClass5beginEm
                0x000835cc        0x8 C:\Users\marcel\AppData\Local\Temp\VMicroBuilds\frame_framework\arduino_due_x_dbg/core.a(UARTClass.cpp.o)
                0x000835cc                UARTClass::begin(unsigned long)
 .text._ZN9UARTClass10IrqHandlerEv
                0x000835d4       0x5a C:\Users\marcel\AppData\Local\Temp\VMicroBuilds\frame_framework\arduino_due_x_dbg/core.a(UARTClass.cpp.o)
                0x000835d4                UARTClass::IrqHandler()
 .text._ZN10USARTClass5beginEm
                0x0008362e        0x8 C:\Users\marcel\AppData\Local\Temp\VMicroBuilds\frame_framework\arduino_due_x_dbg/core.a(USARTClass.cpp.o)
                0x0008362e                USARTClass::begin(unsigned long)
 *fill*         0x00083636        0x2 
 .text._ZN10USARTClassC2EP5Usart4IRQnmP10RingBufferS4_
                0x00083638       0x24 C:\Users\marcel\AppData\Local\Temp\VMicroBuilds\frame_framework\arduino_due_x_dbg/core.a(USARTClass.cpp.o)
                0x00083638                USARTClass::USARTClass(Usart*, IRQn, unsigned long, RingBuffer*, RingBuffer*)
                0x00083638                USARTClass::USARTClass(Usart*, IRQn, unsigned long, RingBuffer*, RingBuffer*)
 .text._watchdogDefaultSetup
                0x0008365c        0xc C:\Users\marcel\AppData\Local\Temp\VMicroBuilds\frame_framework\arduino_due_x_dbg/core.a(watchdog.cpp.o)
                0x0008365c                _watchdogDefaultSetup
                0x0008365c                watchdogSetup()
 .text._ZNK6String14StringIfHelperEv
                0x00083668        0x2 C:\Users\marcel\AppData\Local\Temp\VMicroBuilds\frame_framework\arduino_due_x_dbg/core.a(WString.cpp.o)
                0x00083668                String::StringIfHelper() const
 .text._ZN6StringD2Ev
                0x0008366a        0xe C:\Users\marcel\AppData\Local\Temp\VMicroBuilds\frame_framework\arduino_due_x_dbg/core.a(WString.cpp.o)
                0x0008366a                String::~String()
                0x0008366a                String::~String()
 .text._ZN6String10invalidateEv
                0x00083678       0x16 C:\Users\marcel\AppData\Local\Temp\VMicroBuilds\frame_framework\arduino_due_x_dbg/core.a(WString.cpp.o)
                0x00083678                String::invalidate()
 .text._ZN6String12changeBufferEj
                0x0008368e       0x18 C:\Users\marcel\AppData\Local\Temp\VMicroBuilds\frame_framework\arduino_due_x_dbg/core.a(WString.cpp.o)
                0x0008368e                String::changeBuffer(unsigned int)
 .text._ZN6String7reserveEj
                0x000836a6       0x22 C:\Users\marcel\AppData\Local\Temp\VMicroBuilds\frame_framework\arduino_due_x_dbg/core.a(WString.cpp.o)
                0x000836a6                String::reserve(unsigned int)
 .text._ZN6String4copyEPKcj
                0x000836c8       0x26 C:\Users\marcel\AppData\Local\Temp\VMicroBuilds\frame_framework\arduino_due_x_dbg/core.a(WString.cpp.o)
                0x000836c8                String::copy(char const*, unsigned int)
 .text._ZN6StringC2EPKc
                0x000836ee       0x24 C:\Users\marcel\AppData\Local\Temp\VMicroBuilds\frame_framework\arduino_due_x_dbg/core.a(WString.cpp.o)
                0x000836ee                String::String(char const*)
                0x000836ee                String::String(char const*)
 *fill*         0x00083712        0x2 
 .text._ZN6String4moveERS_
                0x00083714       0x44 C:\Users\marcel\AppData\Local\Temp\VMicroBuilds\frame_framework\arduino_due_x_dbg/core.a(WString.cpp.o)
                0x00083714                String::move(String&)
 .text._ZN6StringaSERKS_
                0x00083758       0x1e C:\Users\marcel\AppData\Local\Temp\VMicroBuilds\frame_framework\arduino_due_x_dbg/core.a(WString.cpp.o)
                0x00083758                String::operator=(String const&)
 .text._ZN6StringC2ERKS_
                0x00083776       0x14 C:\Users\marcel\AppData\Local\Temp\VMicroBuilds\frame_framework\arduino_due_x_dbg/core.a(WString.cpp.o)
                0x00083776                String::String(String const&)
                0x00083776                String::String(String const&)
 .text._ZN6StringaSEOS_
                0x0008378a       0x10 C:\Users\marcel\AppData\Local\Temp\VMicroBuilds\frame_framework\arduino_due_x_dbg/core.a(WString.cpp.o)
                0x0008378a                String::operator=(String&&)
 .text._ZN6StringaSEPKc
                0x0008379a       0x22 C:\Users\marcel\AppData\Local\Temp\VMicroBuilds\frame_framework\arduino_due_x_dbg/core.a(WString.cpp.o)
                0x0008379a                String::operator=(char const*)
 .text._ZN6String6concatEPKcj
                0x000837bc       0x2e C:\Users\marcel\AppData\Local\Temp\VMicroBuilds\frame_framework\arduino_due_x_dbg/core.a(WString.cpp.o)
                0x000837bc                String::concat(char const*, unsigned int)
 .text._ZN6String6concatEc
                0x000837ea       0x1a C:\Users\marcel\AppData\Local\Temp\VMicroBuilds\frame_framework\arduino_due_x_dbg/core.a(WString.cpp.o)
                0x000837ea                String::concat(char)
 .text._ZNK6StringixEj
                0x00083804       0x12 C:\Users\marcel\AppData\Local\Temp\VMicroBuilds\frame_framework\arduino_due_x_dbg/core.a(WString.cpp.o)
                0x00083804                String::operator[](unsigned int) const
 .text._ZNK6String6charAtEj
                0x00083816        0x4 C:\Users\marcel\AppData\Local\Temp\VMicroBuilds\frame_framework\arduino_due_x_dbg/core.a(WString.cpp.o)
                0x00083816                String::charAt(unsigned int) const
 .text._ZNK6String7indexOfERKS_j
                0x0008381a       0x1e C:\Users\marcel\AppData\Local\Temp\VMicroBuilds\frame_framework\arduino_due_x_dbg/core.a(WString.cpp.o)
                0x0008381a                String::indexOf(String const&, unsigned int) const
 .text._ZNK6String7indexOfERKS_
                0x00083838        0x6 C:\Users\marcel\AppData\Local\Temp\VMicroBuilds\frame_framework\arduino_due_x_dbg/core.a(WString.cpp.o)
                0x00083838                String::indexOf(String const&) const
 *fill*         0x0008383e        0x2 
 .text._ZNK6String9substringEjj
                0x00083840       0x4c C:\Users\marcel\AppData\Local\Temp\VMicroBuilds\frame_framework\arduino_due_x_dbg/core.a(WString.cpp.o)
                0x00083840                String::substring(unsigned int, unsigned int) const
 .text._ZNK6String5toIntEv
                0x0008388c        0xa C:\Users\marcel\AppData\Local\Temp\VMicroBuilds\frame_framework\arduino_due_x_dbg/core.a(WString.cpp.o)
                0x0008388c                String::toInt() const
 *fill*         0x00083896        0x2 
 .text.unlikely._ZL11USB_SendZlpv
                0x00083898       0x20 C:\Users\marcel\AppData\Local\Temp\VMicroBuilds\frame_framework\arduino_due_x_dbg/core.a(USBCore.cpp.o)
 .text._Z14USBD_Availablem
                0x000838b8       0x2c C:\Users\marcel\AppData\Local\Temp\VMicroBuilds\frame_framework\arduino_due_x_dbg/core.a(USBCore.cpp.o)
                0x000838b8                USBD_Available(unsigned long)
 .text._Z9USBD_RecvmPvm
                0x000838e4       0x7c C:\Users\marcel\AppData\Local\Temp\VMicroBuilds\frame_framework\arduino_due_x_dbg/core.a(USBCore.cpp.o)
                0x000838e4                USBD_Recv(unsigned long, void*, unsigned long)
 .text._Z9USBD_Recvm
                0x00083960       0x22 C:\Users\marcel\AppData\Local\Temp\VMicroBuilds\frame_framework\arduino_due_x_dbg/core.a(USBCore.cpp.o)
                0x00083960                USBD_Recv(unsigned long)
 *fill*         0x00083982        0x2 
 .text._Z9USBD_SendmPKvm
                0x00083984       0x4c C:\Users\marcel\AppData\Local\Temp\VMicroBuilds\frame_framework\arduino_due_x_dbg/core.a(USBCore.cpp.o)
                0x00083984                USBD_Send(unsigned long, void const*, unsigned long)
 .text._Z16USBD_SendControlhPKvm
                0x000839d0       0x40 C:\Users\marcel\AppData\Local\Temp\VMicroBuilds\frame_framework\arduino_due_x_dbg/core.a(USBCore.cpp.o)
                0x000839d0                USBD_SendControl(unsigned char, void const*, unsigned long)
 .text.unlikely._ZL24USB_SendStringDescriptorPKhi
                0x00083a10       0x64 C:\Users\marcel\AppData\Local\Temp\VMicroBuilds\frame_framework\arduino_due_x_dbg/core.a(USBCore.cpp.o)
 .text._Z16USBD_RecvControlPvm
                0x00083a74       0x1c C:\Users\marcel\AppData\Local\Temp\VMicroBuilds\frame_framework\arduino_due_x_dbg/core.a(USBCore.cpp.o)
                0x00083a74                USBD_RecvControl(void*, unsigned long)
 .text._Z26USBD_ClassInterfaceRequestR8USBSetup
                0x00083a90       0x1e C:\Users\marcel\AppData\Local\Temp\VMicroBuilds\frame_framework\arduino_due_x_dbg/core.a(USBCore.cpp.o)
                0x00083a90                USBD_ClassInterfaceRequest(USBSetup&)
 .text._Z19USBD_SendInterfacesv
                0x00083aae       0x22 C:\Users\marcel\AppData\Local\Temp\VMicroBuilds\frame_framework\arduino_due_x_dbg/core.a(USBCore.cpp.o)
                0x00083aae                USBD_SendInterfaces()
 .text._Z24USBD_SendOtherInterfacesv
                0x00083ad0       0x22 C:\Users\marcel\AppData\Local\Temp\VMicroBuilds\frame_framework\arduino_due_x_dbg/core.a(USBCore.cpp.o)
                0x00083ad0                USBD_SendOtherInterfaces()
 .text._Z10USBD_Flushm
                0x00083af2       0x16 C:\Users\marcel\AppData\Local\Temp\VMicroBuilds\frame_framework\arduino_due_x_dbg/core.a(USBCore.cpp.o)
                0x00083af2                USBD_Flush(unsigned long)
 .text._ZN10USBDevice_C2Ev
                0x00083b08       0x24 C:\Users\marcel\AppData\Local\Temp\VMicroBuilds\frame_framework\arduino_due_x_dbg/core.a(USBCore.cpp.o)
                0x00083b08                USBDevice_::USBDevice_()
                0x00083b08                USBDevice_::USBDevice_()
 .text._ZN10USBDevice_6attachEv
                0x00083b2c       0x20 C:\Users\marcel\AppData\Local\Temp\VMicroBuilds\frame_framework\arduino_due_x_dbg/core.a(USBCore.cpp.o)
                0x00083b2c                USBDevice_::attach()
 .text.startup._GLOBAL__sub_I_EndPoints
                0x00083b4c        0xc C:\Users\marcel\AppData\Local\Temp\VMicroBuilds\frame_framework\arduino_due_x_dbg/core.a(USBCore.cpp.o)
 .text._ZL7USB_ISRv
                0x00083b58      0x454 C:\Users\marcel\AppData\Local\Temp\VMicroBuilds\frame_framework\arduino_due_x_dbg/core.a(USBCore.cpp.o)
 .text._ZN7Serial_9availableEv
                0x00083fac       0x18 C:\Users\marcel\AppData\Local\Temp\VMicroBuilds\frame_framework\arduino_due_x_dbg/core.a(CDC.cpp.o)
                0x00083fac                Serial_::available()
 .text._ZN7Serial_17availableForWriteEv
                0x00083fc4        0x6 C:\Users\marcel\AppData\Local\Temp\VMicroBuilds\frame_framework\arduino_due_x_dbg/core.a(CDC.cpp.o)
                0x00083fc4                Serial_::availableForWrite()
 *fill*         0x00083fca        0x2 
 .text._ZN7Serial_4peekEv
                0x00083fcc       0x20 C:\Users\marcel\AppData\Local\Temp\VMicroBuilds\frame_framework\arduino_due_x_dbg/core.a(CDC.cpp.o)
                0x00083fcc                Serial_::peek()
 .text._ZN7Serial_5writeEh
                0x00083fec       0x16 C:\Users\marcel\AppData\Local\Temp\VMicroBuilds\frame_framework\arduino_due_x_dbg/core.a(CDC.cpp.o)
                0x00083fec                Serial_::write(unsigned char)
 *fill*         0x00084002        0x2 
 .text._ZN7Serial_4readEv
                0x00084004       0x44 C:\Users\marcel\AppData\Local\Temp\VMicroBuilds\frame_framework\arduino_due_x_dbg/core.a(CDC.cpp.o)
                0x00084004                Serial_::read()
 .text._ZN7Serial_5flushEv
                0x00084048        0x6 C:\Users\marcel\AppData\Local\Temp\VMicroBuilds\frame_framework\arduino_due_x_dbg/core.a(CDC.cpp.o)
                0x00084048                Serial_::flush()
 *fill*         0x0008404e        0x2 
 .text._ZN7Serial_6acceptEv
                0x00084050       0x70 C:\Users\marcel\AppData\Local\Temp\VMicroBuilds\frame_framework\arduino_due_x_dbg/core.a(CDC.cpp.o)
                0x00084050                Serial_::accept()
 .text._ZN7Serial_5writeEPKhj
                0x000840c0       0x2c C:\Users\marcel\AppData\Local\Temp\VMicroBuilds\frame_framework\arduino_due_x_dbg/core.a(CDC.cpp.o)
                0x000840c0                Serial_::write(unsigned char const*, unsigned int)
 .text._Z16CDC_GetInterfacePh
                0x000840ec       0x14 C:\Users\marcel\AppData\Local\Temp\VMicroBuilds\frame_framework\arduino_due_x_dbg/core.a(CDC.cpp.o)
                0x000840ec                CDC_GetInterface(unsigned char*)
 .text._Z21CDC_GetOtherInterfacePh
                0x00084100       0x14 C:\Users\marcel\AppData\Local\Temp\VMicroBuilds\frame_framework\arduino_due_x_dbg/core.a(CDC.cpp.o)
                0x00084100                CDC_GetOtherInterface(unsigned char*)
 .text._Z9CDC_SetupR8USBSetup
                0x00084114       0x78 C:\Users\marcel\AppData\Local\Temp\VMicroBuilds\frame_framework\arduino_due_x_dbg/core.a(CDC.cpp.o)
                0x00084114                CDC_Setup(USBSetup&)
 .text.startup._GLOBAL__sub_I_cdc_rx_buffer
                0x0008418c       0x1c C:\Users\marcel\AppData\Local\Temp\VMicroBuilds\frame_framework\arduino_due_x_dbg/core.a(CDC.cpp.o)
 .text._ZN13PluggableUSB_12getInterfaceEPh
                0x000841a8       0x28 C:\Users\marcel\AppData\Local\Temp\VMicroBuilds\frame_framework\arduino_due_x_dbg/core.a(PluggableUSB.cpp.o)
                0x000841a8                PluggableUSB_::getInterface(unsigned char*)
 .text._ZN13PluggableUSB_13getDescriptorER8USBSetup
                0x000841d0       0x1c C:\Users\marcel\AppData\Local\Temp\VMicroBuilds\frame_framework\arduino_due_x_dbg/core.a(PluggableUSB.cpp.o)
                0x000841d0                PluggableUSB_::getDescriptor(USBSetup&)
 .text._ZN13PluggableUSB_12getShortNameEPc
                0x000841ec       0x1c C:\Users\marcel\AppData\Local\Temp\VMicroBuilds\frame_framework\arduino_due_x_dbg/core.a(PluggableUSB.cpp.o)
                0x000841ec                PluggableUSB_::getShortName(char*)
 .text._ZN13PluggableUSB_5setupER8USBSetup
                0x00084208       0x20 C:\Users\marcel\AppData\Local\Temp\VMicroBuilds\frame_framework\arduino_due_x_dbg/core.a(PluggableUSB.cpp.o)
                0x00084208                PluggableUSB_::setup(USBSetup&)
 .text._Z12PluggableUSBv
                0x00084228       0x28 C:\Users\marcel\AppData\Local\Temp\VMicroBuilds\frame_framework\arduino_due_x_dbg/core.a(PluggableUSB.cpp.o)
                0x00084228                PluggableUSB()
 .text.TimeTick_Increment
                0x00084250       0x10 C:\Users\marcel\AppData\Local\arduino15\packages\arduino\hardware\sam\1.6.9\variants\arduino_due_x/libsam_sam3x8e_gcc_rel.a(timetick.o)
                0x00084250                TimeTick_Increment
 .text.GetTickCount
                0x00084260        0xc C:\Users\marcel\AppData\Local\arduino15\packages\arduino\hardware\sam\1.6.9\variants\arduino_due_x/libsam_sam3x8e_gcc_rel.a(timetick.o)
                0x00084260                GetTickCount
 .text.WDT_Disable
                0x0008426c        0x8 C:\Users\marcel\AppData\Local\arduino15\packages\arduino\hardware\sam\1.6.9\variants\arduino_due_x/libsam_sam3x8e_gcc_rel.a(wdt.o)
                0x0008426c                WDT_Disable
 .text.UDD_SetStack
                0x00084274        0xc C:\Users\marcel\AppData\Local\arduino15\packages\arduino\hardware\sam\1.6.9\variants\arduino_due_x/libsam_sam3x8e_gcc_rel.a(uotghs_device.o)
                0x00084274                UDD_SetStack
 .text.UDD_Init
                0x00084280       0xd0 C:\Users\marcel\AppData\Local\arduino15\packages\arduino\hardware\sam\1.6.9\variants\arduino_due_x/libsam_sam3x8e_gcc_rel.a(uotghs_device.o)
                0x00084280                UDD_Init
 .text.UDD_Attach
                0x00084350       0x50 C:\Users\marcel\AppData\Local\arduino15\packages\arduino\hardware\sam\1.6.9\variants\arduino_due_x/libsam_sam3x8e_gcc_rel.a(uotghs_device.o)
                0x00084350                UDD_Attach
 .text.UDD_InitEP
                0x000843a0       0x2c C:\Users\marcel\AppData\Local\arduino15\packages\arduino\hardware\sam\1.6.9\variants\arduino_due_x/libsam_sam3x8e_gcc_rel.a(uotghs_device.o)
                0x000843a0                UDD_InitEP
 .text.UDD_InitEndpoints
                0x000843cc       0x3c C:\Users\marcel\AppData\Local\arduino15\packages\arduino\hardware\sam\1.6.9\variants\arduino_due_x/libsam_sam3x8e_gcc_rel.a(uotghs_device.o)
                0x000843cc                UDD_InitEndpoints
 .text.UDD_WaitIN
                0x00084408       0x10 C:\Users\marcel\AppData\Local\arduino15\packages\arduino\hardware\sam\1.6.9\variants\arduino_due_x/libsam_sam3x8e_gcc_rel.a(uotghs_device.o)
                0x00084408                UDD_WaitIN
 .text.UDD_WaitOUT
                0x00084418       0x10 C:\Users\marcel\AppData\Local\arduino15\packages\arduino\hardware\sam\1.6.9\variants\arduino_due_x/libsam_sam3x8e_gcc_rel.a(uotghs_device.o)
                0x00084418                UDD_WaitOUT
 .text.UDD_ClearIN
                0x00084428       0x18 C:\Users\marcel\AppData\Local\arduino15\packages\arduino\hardware\sam\1.6.9\variants\arduino_due_x/libsam_sam3x8e_gcc_rel.a(uotghs_device.o)
                0x00084428                UDD_ClearIN
 .text.UDD_ClearOUT
                0x00084440       0x18 C:\Users\marcel\AppData\Local\arduino15\packages\arduino\hardware\sam\1.6.9\variants\arduino_due_x/libsam_sam3x8e_gcc_rel.a(uotghs_device.o)
                0x00084440                UDD_ClearOUT
 .text.UDD_ReceivedSetupInt
                0x00084458       0x10 C:\Users\marcel\AppData\Local\arduino15\packages\arduino\hardware\sam\1.6.9\variants\arduino_due_x/libsam_sam3x8e_gcc_rel.a(uotghs_device.o)
                0x00084458                UDD_ReceivedSetupInt
 .text.UDD_ClearSetupInt
                0x00084468       0x10 C:\Users\marcel\AppData\Local\arduino15\packages\arduino\hardware\sam\1.6.9\variants\arduino_due_x/libsam_sam3x8e_gcc_rel.a(uotghs_device.o)
                0x00084468                UDD_ClearSetupInt
 .text.UDD_Send
                0x00084478       0x88 C:\Users\marcel\AppData\Local\arduino15\packages\arduino\hardware\sam\1.6.9\variants\arduino_due_x/libsam_sam3x8e_gcc_rel.a(uotghs_device.o)
                0x00084478                UDD_Send
 .text.UDD_Send8
                0x00084500       0x24 C:\Users\marcel\AppData\Local\arduino15\packages\arduino\hardware\sam\1.6.9\variants\arduino_due_x/libsam_sam3x8e_gcc_rel.a(uotghs_device.o)
                0x00084500                UDD_Send8
 .text.UDD_Recv8
                0x00084524       0x28 C:\Users\marcel\AppData\Local\arduino15\packages\arduino\hardware\sam\1.6.9\variants\arduino_due_x/libsam_sam3x8e_gcc_rel.a(uotghs_device.o)
                0x00084524                UDD_Recv8
 .text.UDD_Recv
                0x0008454c       0x34 C:\Users\marcel\AppData\Local\arduino15\packages\arduino\hardware\sam\1.6.9\variants\arduino_due_x/libsam_sam3x8e_gcc_rel.a(uotghs_device.o)
                0x0008454c                UDD_Recv
 .text.UDD_Stall
                0x00084580       0x14 C:\Users\marcel\AppData\Local\arduino15\packages\arduino\hardware\sam\1.6.9\variants\arduino_due_x/libsam_sam3x8e_gcc_rel.a(uotghs_device.o)
                0x00084580                UDD_Stall
 .text.UDD_FifoByteCount
                0x00084594       0x14 C:\Users\marcel\AppData\Local\arduino15\packages\arduino\hardware\sam\1.6.9\variants\arduino_due_x/libsam_sam3x8e_gcc_rel.a(uotghs_device.o)
                0x00084594                UDD_FifoByteCount
 .text.UDD_ReleaseRX
                0x000845a8       0x28 C:\Users\marcel\AppData\Local\arduino15\packages\arduino\hardware\sam\1.6.9\variants\arduino_due_x/libsam_sam3x8e_gcc_rel.a(uotghs_device.o)
                0x000845a8                UDD_ReleaseRX
 .text.UDD_ReleaseTX
                0x000845d0       0x28 C:\Users\marcel\AppData\Local\arduino15\packages\arduino\hardware\sam\1.6.9\variants\arduino_due_x/libsam_sam3x8e_gcc_rel.a(uotghs_device.o)
                0x000845d0                UDD_ReleaseTX
 .text.UDD_SetAddress
                0x000845f8       0x20 C:\Users\marcel\AppData\Local\arduino15\packages\arduino\hardware\sam\1.6.9\variants\arduino_due_x/libsam_sam3x8e_gcc_rel.a(uotghs_device.o)
                0x000845f8                UDD_SetAddress
 .text          0x00084618      0x21c c:/users/marcel/appdata/local/arduino15/packages/arduino/tools/arm-none-eabi-gcc/4.8.3-2014q1/bin/../lib/gcc/arm-none-eabi/4.8.3/armv7-m\libgcc.a(_arm_addsubsf3.o)
                0x00084618                __aeabi_frsub
                0x00084620                __subsf3
                0x00084620                __aeabi_fsub
                0x00084624                __aeabi_fadd
                0x00084624                __addsf3
                0x00084784                __aeabi_ui2f
                0x00084784                __floatunsisf
                0x0008478c                __aeabi_i2f
                0x0008478c                __floatsisf
                0x000847a8                __aeabi_ul2f
                0x000847a8                __floatundisf
                0x000847b8                __aeabi_l2f
                0x000847b8                __floatdisf
 .text          0x00084834      0x2a0 c:/users/marcel/appdata/local/arduino15/packages/arduino/tools/arm-none-eabi-gcc/4.8.3-2014q1/bin/../lib/gcc/arm-none-eabi/4.8.3/armv7-m\libgcc.a(_arm_muldivsf3.o)
                0x00084834                __mulsf3
                0x00084834                __aeabi_fmul
                0x0008499c                __aeabi_fdiv
                0x0008499c                __divsf3
 .text          0x00084ad4       0x40 c:/users/marcel/appdata/local/arduino15/packages/arduino/tools/arm-none-eabi-gcc/4.8.3-2014q1/bin/../lib/gcc/arm-none-eabi/4.8.3/armv7-m\libgcc.a(_arm_fixunssfsi.o)
                0x00084ad4                __fixunssfsi
                0x00084ad4                __aeabi_f2uiz
 .text.__aeabi_atexit
                0x00084b14        0xc c:/users/marcel/appdata/local/arduino15/packages/arduino/tools/arm-none-eabi-gcc/4.8.3-2014q1/bin/../lib/gcc/arm-none-eabi/4.8.3/../../../../arm-none-eabi/lib/armv7-m\libg.a(lib_a-aeabi_atexit.o)
                0x00084b14                __aeabi_atexit
 .text.__assert_func
                0x00084b20       0x3c c:/users/marcel/appdata/local/arduino15/packages/arduino/tools/arm-none-eabi-gcc/4.8.3-2014q1/bin/../lib/gcc/arm-none-eabi/4.8.3/../../../../arm-none-eabi/lib/armv7-m\libg.a(lib_a-assert.o)
                0x00084b20                __assert_func
 .text.atol     0x00084b5c        0x8 c:/users/marcel/appdata/local/arduino15/packages/arduino/tools/arm-none-eabi-gcc/4.8.3-2014q1/bin/../lib/gcc/arm-none-eabi/4.8.3/../../../../arm-none-eabi/lib/armv7-m\libg.a(lib_a-atol.o)
                0x00084b5c                atol
 .text.__cxa_atexit
                0x00084b64       0x14 c:/users/marcel/appdata/local/arduino15/packages/arduino/tools/arm-none-eabi-gcc/4.8.3-2014q1/bin/../lib/gcc/arm-none-eabi/4.8.3/../../../../arm-none-eabi/lib/armv7-m\libg.a(lib_a-cxa_atexit.o)
                0x00084b64                __cxa_atexit
 .text.fiprintf
                0x00084b78       0x28 c:/users/marcel/appdata/local/arduino15/packages/arduino/tools/arm-none-eabi-gcc/4.8.3-2014q1/bin/../lib/gcc/arm-none-eabi/4.8.3/../../../../arm-none-eabi/lib/armv7-m\libg.a(lib_a-fiprintf.o)
                0x00084b78                fiprintf
 .text.__libc_init_array
                0x00084ba0       0x50 c:/users/marcel/appdata/local/arduino15/packages/arduino/tools/arm-none-eabi-gcc/4.8.3-2014q1/bin/../lib/gcc/arm-none-eabi/4.8.3/../../../../arm-none-eabi/lib/armv7-m\libg.a(lib_a-init.o)
                0x00084ba0                __libc_init_array
 .text.iprintf  0x00084bf0       0x28 c:/users/marcel/appdata/local/arduino15/packages/arduino/tools/arm-none-eabi-gcc/4.8.3-2014q1/bin/../lib/gcc/arm-none-eabi/4.8.3/../../../../arm-none-eabi/lib/armv7-m\libg.a(lib_a-iprintf.o)
                0x00084bf0                iprintf
 .text.malloc   0x00084c18       0x10 c:/users/marcel/appdata/local/arduino15/packages/arduino/tools/arm-none-eabi-gcc/4.8.3-2014q1/bin/../lib/gcc/arm-none-eabi/4.8.3/../../../../arm-none-eabi/lib/armv7-m\libg.a(lib_a-malloc.o)
                0x00084c18                malloc
 .text.free     0x00084c28       0x10 c:/users/marcel/appdata/local/arduino15/packages/arduino/tools/arm-none-eabi-gcc/4.8.3-2014q1/bin/../lib/gcc/arm-none-eabi/4.8.3/../../../../arm-none-eabi/lib/armv7-m\libg.a(lib_a-malloc.o)
                0x00084c28                free
 .text._malloc_r
                0x00084c38      0x538 c:/users/marcel/appdata/local/arduino15/packages/arduino/tools/arm-none-eabi-gcc/4.8.3-2014q1/bin/../lib/gcc/arm-none-eabi/4.8.3/../../../../arm-none-eabi/lib/armv7-m\libg.a(lib_a-mallocr.o)
                0x00084c38                _malloc_r
 .text.memcmp   0x00085170       0x68 c:/users/marcel/appdata/local/arduino15/packages/arduino/tools/arm-none-eabi-gcc/4.8.3-2014q1/bin/../lib/gcc/arm-none-eabi/4.8.3/../../../../arm-none-eabi/lib/armv7-m\libg.a(lib_a-memcmp.o)
                0x00085170                memcmp
 .text          0x000851d8       0xec c:/users/marcel/appdata/local/arduino15/packages/arduino/tools/arm-none-eabi-gcc/4.8.3-2014q1/bin/../lib/gcc/arm-none-eabi/4.8.3/../../../../arm-none-eabi/lib/armv7-m\libg.a(lib_a-memcpy.o)
                0x000851d8                memcpy
 .text.memmove  0x000852c4       0xcc c:/users/marcel/appdata/local/arduino15/packages/arduino/tools/arm-none-eabi-gcc/4.8.3-2014q1/bin/../lib/gcc/arm-none-eabi/4.8.3/../../../../arm-none-eabi/lib/armv7-m\libg.a(lib_a-memmove.o)
                0x000852c4                memmove
 .text.memset   0x00085390       0x94 c:/users/marcel/appdata/local/arduino15/packages/arduino/tools/arm-none-eabi-gcc/4.8.3-2014q1/bin/../lib/gcc/arm-none-eabi/4.8.3/../../../../arm-none-eabi/lib/armv7-m\libg.a(lib_a-memset.o)
                0x00085390                memset
 .text.__malloc_lock
                0x00085424        0x4 c:/users/marcel/appdata/local/arduino15/packages/arduino/tools/arm-none-eabi-gcc/4.8.3-2014q1/bin/../lib/gcc/arm-none-eabi/4.8.3/../../../../arm-none-eabi/lib/armv7-m\libg.a(lib_a-mlock.o)
                0x00085424                __malloc_lock
 .text.__malloc_unlock
                0x00085428        0x4 c:/users/marcel/appdata/local/arduino15/packages/arduino/tools/arm-none-eabi-gcc/4.8.3-2014q1/bin/../lib/gcc/arm-none-eabi/4.8.3/../../../../arm-none-eabi/lib/armv7-m\libg.a(lib_a-mlock.o)
                0x00085428                __malloc_unlock
 .text.realloc  0x0008542c       0x10 c:/users/marcel/appdata/local/arduino15/packages/arduino/tools/arm-none-eabi-gcc/4.8.3-2014q1/bin/../lib/gcc/arm-none-eabi/4.8.3/../../../../arm-none-eabi/lib/armv7-m\libg.a(lib_a-realloc.o)
                0x0008542c                realloc
 .text._realloc_r
                0x0008543c      0x3c0 c:/users/marcel/appdata/local/arduino15/packages/arduino/tools/arm-none-eabi-gcc/4.8.3-2014q1/bin/../lib/gcc/arm-none-eabi/4.8.3/../../../../arm-none-eabi/lib/armv7-m\libg.a(lib_a-reallocr.o)
                0x0008543c                _realloc_r
 .text._sbrk_r  0x000857fc       0x24 c:/users/marcel/appdata/local/arduino15/packages/arduino/tools/arm-none-eabi-gcc/4.8.3-2014q1/bin/../lib/gcc/arm-none-eabi/4.8.3/../../../../arm-none-eabi/lib/armv7-m\libg.a(lib_a-sbrkr.o)
                0x000857fc                _sbrk_r
 .text.strchr   0x00085820       0xf4 c:/users/marcel/appdata/local/arduino15/packages/arduino/tools/arm-none-eabi-gcc/4.8.3-2014q1/bin/../lib/gcc/arm-none-eabi/4.8.3/../../../../arm-none-eabi/lib/armv7-m\libg.a(lib_a-strchr.o)
                0x00085820                strchr
 .text.strcpy   0x00085914       0xbc c:/users/marcel/appdata/local/arduino15/packages/arduino/tools/arm-none-eabi-gcc/4.8.3-2014q1/bin/../lib/gcc/arm-none-eabi/4.8.3/../../../../arm-none-eabi/lib/armv7-m\libg.a(lib_a-strcpy.o)
                0x00085914                strcpy
 .text.strlen   0x000859d0       0x60 c:/users/marcel/appdata/local/arduino15/packages/arduino/tools/arm-none-eabi-gcc/4.8.3-2014q1/bin/../lib/gcc/arm-none-eabi/4.8.3/../../../../arm-none-eabi/lib/armv7-m\libg.a(lib_a-strlen.o)
                0x000859d0                strlen
 .text.strncpy  0x00085a30       0x64 c:/users/marcel/appdata/local/arduino15/packages/arduino/tools/arm-none-eabi-gcc/4.8.3-2014q1/bin/../lib/gcc/arm-none-eabi/4.8.3/../../../../arm-none-eabi/lib/armv7-m\libg.a(lib_a-strncpy.o)
                0x00085a30                strncpy
 .text.critical_factorization
                0x00085a94       0xbc c:/users/marcel/appdata/local/arduino15/packages/arduino/tools/arm-none-eabi-gcc/4.8.3-2014q1/bin/../lib/gcc/arm-none-eabi/4.8.3/../../../../arm-none-eabi/lib/armv7-m\libg.a(lib_a-strstr.o)
 .text.two_way_long_needle
                0x00085b50      0x1ec c:/users/marcel/appdata/local/arduino15/packages/arduino/tools/arm-none-eabi-gcc/4.8.3-2014q1/bin/../lib/gcc/arm-none-eabi/4.8.3/../../../../arm-none-eabi/lib/armv7-m\libg.a(lib_a-strstr.o)
 .text.strstr   0x00085d3c      0x200 c:/users/marcel/appdata/local/arduino15/packages/arduino/tools/arm-none-eabi-gcc/4.8.3-2014q1/bin/../lib/gcc/arm-none-eabi/4.8.3/../../../../arm-none-eabi/lib/armv7-m\libg.a(lib_a-strstr.o)
                0x00085d3c                strstr
 .text._strtol_r
                0x00085f3c      0x114 c:/users/marcel/appdata/local/arduino15/packages/arduino/tools/arm-none-eabi-gcc/4.8.3-2014q1/bin/../lib/gcc/arm-none-eabi/4.8.3/../../../../arm-none-eabi/lib/armv7-m\libg.a(lib_a-strtol.o)
                0x00085f3c                _strtol_r
 .text.strtol   0x00086050       0x18 c:/users/marcel/appdata/local/arduino15/packages/arduino/tools/arm-none-eabi-gcc/4.8.3-2014q1/bin/../lib/gcc/arm-none-eabi/4.8.3/../../../../arm-none-eabi/lib/armv7-m\libg.a(lib_a-strtol.o)
                0x00086050                strtol
 .text.kill     0x00086068       0x10 c:/users/marcel/appdata/local/arduino15/packages/arduino/tools/arm-none-eabi-gcc/4.8.3-2014q1/bin/../lib/gcc/arm-none-eabi/4.8.3/../../../../arm-none-eabi/lib/armv7-m\libg.a(lib_a-syskill.o)
                0x00086068                kill
 .text.__sprint_r.part.0
                0x00086078       0x78 c:/users/marcel/appdata/local/arduino15/packages/arduino/tools/arm-none-eabi-gcc/4.8.3-2014q1/bin/../lib/gcc/arm-none-eabi/4.8.3/../../../../arm-none-eabi/lib/armv7-m\libg.a(lib_a-vfiprintf.o)
 .text._vfiprintf_r
                0x000860f0      0xc54 c:/users/marcel/appdata/local/arduino15/packages/arduino/tools/arm-none-eabi-gcc/4.8.3-2014q1/bin/../lib/gcc/arm-none-eabi/4.8.3/../../../../arm-none-eabi/lib/armv7-m\libg.a(lib_a-vfiprintf.o)
                0x000860f0                _vfiprintf_r
 .text.__sbprintf
                0x00086d44       0x7c c:/users/marcel/appdata/local/arduino15/packages/arduino/tools/arm-none-eabi-gcc/4.8.3-2014q1/bin/../lib/gcc/arm-none-eabi/4.8.3/../../../../arm-none-eabi/lib/armv7-m\libg.a(lib_a-vfiprintf.o)
 .text.__swsetup_r
                0x00086dc0       0xc4 c:/users/marcel/appdata/local/arduino15/packages/arduino/tools/arm-none-eabi-gcc/4.8.3-2014q1/bin/../lib/gcc/arm-none-eabi/4.8.3/../../../../arm-none-eabi/lib/armv7-m\libg.a(lib_a-wsetup.o)
                0x00086dc0                __swsetup_r
 .text.__register_exitproc
                0x00086e84       0xa8 c:/users/marcel/appdata/local/arduino15/packages/arduino/tools/arm-none-eabi-gcc/4.8.3-2014q1/bin/../lib/gcc/arm-none-eabi/4.8.3/../../../../arm-none-eabi/lib/armv7-m\libg.a(lib_a-__atexit.o)
                0x00086e84                __register_exitproc
 .text.startup.register_fini
                0x00086f2c       0x14 c:/users/marcel/appdata/local/arduino15/packages/arduino/tools/arm-none-eabi-gcc/4.8.3-2014q1/bin/../lib/gcc/arm-none-eabi/4.8.3/../../../../arm-none-eabi/lib/armv7-m\libg.a(lib_a-__call_atexit.o)
 .text.abort    0x00086f40       0x10 c:/users/marcel/appdata/local/arduino15/packages/arduino/tools/arm-none-eabi-gcc/4.8.3-2014q1/bin/../lib/gcc/arm-none-eabi/4.8.3/../../../../arm-none-eabi/lib/armv7-m\libg.a(lib_a-abort.o)
                0x00086f40                abort
 .text.atexit   0x00086f50        0xc c:/users/marcel/appdata/local/arduino15/packages/arduino/tools/arm-none-eabi-gcc/4.8.3-2014q1/bin/../lib/gcc/arm-none-eabi/4.8.3/../../../../arm-none-eabi/lib/armv7-m\libg.a(lib_a-atexit.o)
                0x00086f50                atexit
 .text.__sflush_r
                0x00086f5c      0x148 c:/users/marcel/appdata/local/arduino15/packages/arduino/tools/arm-none-eabi-gcc/4.8.3-2014q1/bin/../lib/gcc/arm-none-eabi/4.8.3/../../../../arm-none-eabi/lib/armv7-m\libg.a(lib_a-fflush.o)
                0x00086f5c                __sflush_r
 .text._fflush_r
                0x000870a4       0x2c c:/users/marcel/appdata/local/arduino15/packages/arduino/tools/arm-none-eabi-gcc/4.8.3-2014q1/bin/../lib/gcc/arm-none-eabi/4.8.3/../../../../arm-none-eabi/lib/armv7-m\libg.a(lib_a-fflush.o)
                0x000870a4                _fflush_r
 .text._cleanup_r
                0x000870d0        0xc c:/users/marcel/appdata/local/arduino15/packages/arduino/tools/arm-none-eabi-gcc/4.8.3-2014q1/bin/../lib/gcc/arm-none-eabi/4.8.3/../../../../arm-none-eabi/lib/armv7-m\libg.a(lib_a-findfp.o)
                0x000870d0                _cleanup_r
 .text.__sinit  0x000870dc       0xf4 c:/users/marcel/appdata/local/arduino15/packages/arduino/tools/arm-none-eabi-gcc/4.8.3-2014q1/bin/../lib/gcc/arm-none-eabi/4.8.3/../../../../arm-none-eabi/lib/armv7-m\libg.a(lib_a-findfp.o)
                0x000870dc                __sinit
 .text.__sfp_lock_acquire
                0x000871d0        0x4 c:/users/marcel/appdata/local/arduino15/packages/arduino/tools/arm-none-eabi-gcc/4.8.3-2014q1/bin/../lib/gcc/arm-none-eabi/4.8.3/../../../../arm-none-eabi/lib/armv7-m\libg.a(lib_a-findfp.o)
                0x000871d0                __sfp_lock_acquire
 .text.__sfp_lock_release
                0x000871d4        0x4 c:/users/marcel/appdata/local/arduino15/packages/arduino/tools/arm-none-eabi-gcc/4.8.3-2014q1/bin/../lib/gcc/arm-none-eabi/4.8.3/../../../../arm-none-eabi/lib/armv7-m\libg.a(lib_a-findfp.o)
                0x000871d4                __sfp_lock_release
 .text.__libc_fini_array
                0x000871d8       0x30 c:/users/marcel/appdata/local/arduino15/packages/arduino/tools/arm-none-eabi-gcc/4.8.3-2014q1/bin/../lib/gcc/arm-none-eabi/4.8.3/../../../../arm-none-eabi/lib/armv7-m\libg.a(lib_a-fini.o)
                0x000871d8                __libc_fini_array
 .text._fputwc_r
                0x00087208       0xc0 c:/users/marcel/appdata/local/arduino15/packages/arduino/tools/arm-none-eabi-gcc/4.8.3-2014q1/bin/../lib/gcc/arm-none-eabi/4.8.3/../../../../arm-none-eabi/lib/armv7-m\libg.a(lib_a-fputwc.o)
                0x00087208                _fputwc_r
 .text._malloc_trim_r
                0x000872c8       0x9c c:/users/marcel/appdata/local/arduino15/packages/arduino/tools/arm-none-eabi-gcc/4.8.3-2014q1/bin/../lib/gcc/arm-none-eabi/4.8.3/../../../../arm-none-eabi/lib/armv7-m\libg.a(lib_a-freer.o)
                0x000872c8                _malloc_trim_r
 .text._free_r  0x00087364      0x198 c:/users/marcel/appdata/local/arduino15/packages/arduino/tools/arm-none-eabi-gcc/4.8.3-2014q1/bin/../lib/gcc/arm-none-eabi/4.8.3/../../../../arm-none-eabi/lib/armv7-m\libg.a(lib_a-freer.o)
                0x00087364                _free_r
 .text.__sfvwrite_r
                0x000874fc      0x314 c:/users/marcel/appdata/local/arduino15/packages/arduino/tools/arm-none-eabi-gcc/4.8.3-2014q1/bin/../lib/gcc/arm-none-eabi/4.8.3/../../../../arm-none-eabi/lib/armv7-m\libg.a(lib_a-fvwrite.o)
                0x000874fc                __sfvwrite_r
 .text._fwalk   0x00087810       0x48 c:/users/marcel/appdata/local/arduino15/packages/arduino/tools/arm-none-eabi-gcc/4.8.3-2014q1/bin/../lib/gcc/arm-none-eabi/4.8.3/../../../../arm-none-eabi/lib/armv7-m\libg.a(lib_a-fwalk.o)
                0x00087810                _fwalk
 .text.__locale_charset
                0x00087858        0x8 c:/users/marcel/appdata/local/arduino15/packages/arduino/tools/arm-none-eabi-gcc/4.8.3-2014q1/bin/../lib/gcc/arm-none-eabi/4.8.3/../../../../arm-none-eabi/lib/armv7-m\libg.a(lib_a-locale.o)
                0x00087858                __locale_charset
 .text.__locale_mb_cur_max
                0x00087860        0xc c:/users/marcel/appdata/local/arduino15/packages/arduino/tools/arm-none-eabi-gcc/4.8.3-2014q1/bin/../lib/gcc/arm-none-eabi/4.8.3/../../../../arm-none-eabi/lib/armv7-m\libg.a(lib_a-locale.o)
                0x00087860                __locale_mb_cur_max
 .text.__smakebuf_r
                0x0008786c       0xe0 c:/users/marcel/appdata/local/arduino15/packages/arduino/tools/arm-none-eabi-gcc/4.8.3-2014q1/bin/../lib/gcc/arm-none-eabi/4.8.3/../../../../arm-none-eabi/lib/armv7-m\libg.a(lib_a-makebuf.o)
                0x0008786c                __smakebuf_r
 .text.memchr   0x0008794c       0x94 c:/users/marcel/appdata/local/arduino15/packages/arduino/tools/arm-none-eabi-gcc/4.8.3-2014q1/bin/../lib/gcc/arm-none-eabi/4.8.3/../../../../arm-none-eabi/lib/armv7-m\libg.a(lib_a-memchr-stub.o)
                0x0008794c                memchr
 .text._raise_r
                0x000879e0       0x58 c:/users/marcel/appdata/local/arduino15/packages/arduino/tools/arm-none-eabi-gcc/4.8.3-2014q1/bin/../lib/gcc/arm-none-eabi/4.8.3/../../../../arm-none-eabi/lib/armv7-m\libg.a(lib_a-signal.o)
                0x000879e0                _raise_r
 .text.raise    0x00087a38       0x10 c:/users/marcel/appdata/local/arduino15/packages/arduino/tools/arm-none-eabi-gcc/4.8.3-2014q1/bin/../lib/gcc/arm-none-eabi/4.8.3/../../../../arm-none-eabi/lib/armv7-m\libg.a(lib_a-signal.o)
                0x00087a38                raise
 .text._kill_r  0x00087a48       0x28 c:/users/marcel/appdata/local/arduino15/packages/arduino/tools/arm-none-eabi-gcc/4.8.3-2014q1/bin/../lib/gcc/arm-none-eabi/4.8.3/../../../../arm-none-eabi/lib/armv7-m\libg.a(lib_a-signalr.o)
                0x00087a48                _kill_r
 .text._getpid_r
                0x00087a70        0x4 c:/users/marcel/appdata/local/arduino15/packages/arduino/tools/arm-none-eabi-gcc/4.8.3-2014q1/bin/../lib/gcc/arm-none-eabi/4.8.3/../../../../arm-none-eabi/lib/armv7-m\libg.a(lib_a-signalr.o)
                0x00087a70                _getpid_r
 .text.__sread  0x00087a74       0x24 c:/users/marcel/appdata/local/arduino15/packages/arduino/tools/arm-none-eabi-gcc/4.8.3-2014q1/bin/../lib/gcc/arm-none-eabi/4.8.3/../../../../arm-none-eabi/lib/armv7-m\libg.a(lib_a-stdio.o)
                0x00087a74                __sread
 .text.__swrite
                0x00087a98       0x38 c:/users/marcel/appdata/local/arduino15/packages/arduino/tools/arm-none-eabi-gcc/4.8.3-2014q1/bin/../lib/gcc/arm-none-eabi/4.8.3/../../../../arm-none-eabi/lib/armv7-m\libg.a(lib_a-stdio.o)
                0x00087a98                __swrite
 .text.__sseek  0x00087ad0       0x20 c:/users/marcel/appdata/local/arduino15/packages/arduino/tools/arm-none-eabi-gcc/4.8.3-2014q1/bin/../lib/gcc/arm-none-eabi/4.8.3/../../../../arm-none-eabi/lib/armv7-m\libg.a(lib_a-stdio.o)
                0x00087ad0                __sseek
 .text.__sclose
                0x00087af0        0x8 c:/users/marcel/appdata/local/arduino15/packages/arduino/tools/arm-none-eabi-gcc/4.8.3-2014q1/bin/../lib/gcc/arm-none-eabi/4.8.3/../../../../arm-none-eabi/lib/armv7-m\libg.a(lib_a-stdio.o)
                0x00087af0                __sclose
 .text.__swbuf_r
                0x00087af8       0xa8 c:/users/marcel/appdata/local/arduino15/packages/arduino/tools/arm-none-eabi-gcc/4.8.3-2014q1/bin/../lib/gcc/arm-none-eabi/4.8.3/../../../../arm-none-eabi/lib/armv7-m\libg.a(lib_a-wbuf.o)
                0x00087af8                __swbuf_r
 .text._wcrtomb_r
                0x00087ba0       0x50 c:/users/marcel/appdata/local/arduino15/packages/arduino/tools/arm-none-eabi-gcc/4.8.3-2014q1/bin/../lib/gcc/arm-none-eabi/4.8.3/../../../../arm-none-eabi/lib/armv7-m\libg.a(lib_a-wcrtomb.o)
                0x00087ba0                _wcrtomb_r
 .text.__ascii_wctomb
                0x00087bf0       0x1c c:/users/marcel/appdata/local/arduino15/packages/arduino/tools/arm-none-eabi-gcc/4.8.3-2014q1/bin/../lib/gcc/arm-none-eabi/4.8.3/../../../../arm-none-eabi/lib/armv7-m\libg.a(lib_a-wctomb_r.o)
                0x00087bf0                __ascii_wctomb
 .text._write_r
                0x00087c0c       0x28 c:/users/marcel/appdata/local/arduino15/packages/arduino/tools/arm-none-eabi-gcc/4.8.3-2014q1/bin/../lib/gcc/arm-none-eabi/4.8.3/../../../../arm-none-eabi/lib/armv7-m\libg.a(lib_a-writer.o)
                0x00087c0c                _write_r
 .text._close_r
                0x00087c34       0x24 c:/users/marcel/appdata/local/arduino15/packages/arduino/tools/arm-none-eabi-gcc/4.8.3-2014q1/bin/../lib/gcc/arm-none-eabi/4.8.3/../../../../arm-none-eabi/lib/armv7-m\libg.a(lib_a-closer.o)
                0x00087c34                _close_r
 .text._fclose_r
                0x00087c58       0x80 c:/users/marcel/appdata/local/arduino15/packages/arduino/tools/arm-none-eabi-gcc/4.8.3-2014q1/bin/../lib/gcc/arm-none-eabi/4.8.3/../../../../arm-none-eabi/lib/armv7-m\libg.a(lib_a-fclose.o)
                0x00087c58                _fclose_r
 .text.fclose   0x00087cd8       0x10 c:/users/marcel/appdata/local/arduino15/packages/arduino/tools/arm-none-eabi-gcc/4.8.3-2014q1/bin/../lib/gcc/arm-none-eabi/4.8.3/../../../../arm-none-eabi/lib/armv7-m\libg.a(lib_a-fclose.o)
                0x00087cd8                fclose
 .text._fstat_r
                0x00087ce8       0x28 c:/users/marcel/appdata/local/arduino15/packages/arduino/tools/arm-none-eabi-gcc/4.8.3-2014q1/bin/../lib/gcc/arm-none-eabi/4.8.3/../../../../arm-none-eabi/lib/armv7-m\libg.a(lib_a-fstatr.o)
                0x00087ce8                _fstat_r
 .text._isatty_r
                0x00087d10       0x24 c:/users/marcel/appdata/local/arduino15/packages/arduino/tools/arm-none-eabi-gcc/4.8.3-2014q1/bin/../lib/gcc/arm-none-eabi/4.8.3/../../../../arm-none-eabi/lib/armv7-m\libg.a(lib_a-isattyr.o)
                0x00087d10                _isatty_r
 .text._lseek_r
                0x00087d34       0x28 c:/users/marcel/appdata/local/arduino15/packages/arduino/tools/arm-none-eabi-gcc/4.8.3-2014q1/bin/../lib/gcc/arm-none-eabi/4.8.3/../../../../arm-none-eabi/lib/armv7-m\libg.a(lib_a-lseekr.o)
                0x00087d34                _lseek_r
 .text._read_r  0x00087d5c       0x28 c:/users/marcel/appdata/local/arduino15/packages/arduino/tools/arm-none-eabi-gcc/4.8.3-2014q1/bin/../lib/gcc/arm-none-eabi/4.8.3/../../../../arm-none-eabi/lib/armv7-m\libg.a(lib_a-readr.o)
                0x00087d5c                _read_r